Component: ARM Compiler 5.05 (build 41) Tool: armlink [4d0eb9]

==============================================================================

Section Cross References

    stm32f10x_it.o(.text) refers to noretval__2printf.o(.text) for __2printf
    stm32f10x_it.o(.text) refers to stm32f10x_it.o(.data) for exitble
    system_stm32f10x.o(.text) refers to system_stm32f10x.o(.data) for SystemCoreClock
    startup_stm32f10x_md.o(STACK) refers (Special) to heapauxi.o(.text) for __use_two_region_memory
    startup_stm32f10x_md.o(HEAP) refers (Special) to heapauxi.o(.text) for __use_two_region_memory
    startup_stm32f10x_md.o(RESET) refers (Special) to heapauxi.o(.text) for __use_two_region_memory
    startup_stm32f10x_md.o(RESET) refers to startup_stm32f10x_md.o(STACK) for __initial_sp
    startup_stm32f10x_md.o(RESET) refers to startup_stm32f10x_md.o(.text) for Reset_Handler
    startup_stm32f10x_md.o(RESET) refers to stm32f10x_it.o(.text) for NMI_Handler
    startup_stm32f10x_md.o(RESET) refers to os_cpu_a.o(.text) for PendSV_Handler
    startup_stm32f10x_md.o(RESET) refers to delay.o(.text) for SysTick_Handler
    startup_stm32f10x_md.o(RESET) refers to socket.o(.text) for TIM3_IRQHandler
    startup_stm32f10x_md.o(RESET) refers to usart.o(.text) for USART1_IRQHandler
    startup_stm32f10x_md.o(.text) refers (Special) to heapauxi.o(.text) for __use_two_region_memory
    startup_stm32f10x_md.o(.text) refers to system_stm32f10x.o(.text) for SystemInit
    startup_stm32f10x_md.o(.text) refers to __main.o(!!!main) for __main
    startup_stm32f10x_md.o(.text) refers to startup_stm32f10x_md.o(HEAP) for Heap_Mem
    startup_stm32f10x_md.o(.text) refers to startup_stm32f10x_md.o(STACK) for Stack_Mem
    delay.o(.text) refers to os_core.o(.text) for OSSchedLock
    delay.o(.text) refers to os_time.o(.text) for OSTimeDly
    delay.o(.text) refers to misc.o(.text) for SysTick_CLKSourceConfig
    delay.o(.text) refers to os_core.o(.data) for OSRunning
    delay.o(.text) refers to system_stm32f10x.o(.data) for SystemCoreClock
    delay.o(.text) refers to delay.o(.data) for fac_us
    usart.o(.text) refers (Special) to use_no_semi_2.o(.text) for __use_no_semihosting
    usart.o(.text) refers to stm32f10x_rcc.o(.text) for RCC_APB2PeriphClockCmd
    usart.o(.text) refers to rt_memcpy_w.o(.text) for __aeabi_memcpy4
    usart.o(.text) refers to stm32f10x_gpio.o(.text) for GPIO_Init
    usart.o(.text) refers to misc.o(.text) for NVIC_Init
    usart.o(.text) refers to stm32f10x_usart.o(.text) for USART_Init
    usart.o(.text) refers to usart.o(.constdata) for .constdata
    usart.o(.text) refers to os_core.o(.text) for OSIntEnter
    usart.o(.text) refers to rt_memclr.o(.text) for __aeabi_memclr
    usart.o(.text) refers to usart.o(.bss) for USART1_MESSG
    usart.o(.text) refers to usart.o(.data) for statu
    usart.o(.bss) refers (Special) to use_no_semi_2.o(.text) for __use_no_semihosting
    usart.o(.constdata) refers (Special) to use_no_semi_2.o(.text) for __use_no_semihosting
    usart.o(.data) refers (Special) to use_no_semi_2.o(.text) for __use_no_semihosting
    led.o(.text) refers to stm32f10x_rcc.o(.text) for RCC_APB2PeriphClockCmd
    led.o(.text) refers to stm32f10x_gpio.o(.text) for GPIO_Init
    socket.o(.text) refers to _printf_percent.o(.ARM.Collect$$_printf_percent$$00000000) for _printf_percent
    socket.o(.text) refers to _printf_d.o(.ARM.Collect$$_printf_percent$$00000009) for _printf_d
    socket.o(.text) refers to _printf_dec.o(.text) for _printf_int_dec
    socket.o(.text) refers to _printf_s.o(.ARM.Collect$$_printf_percent$$00000014) for _printf_s
    socket.o(.text) refers to _printf_str.o(.text) for _printf_str
    socket.o(.text) refers to rt_memclr.o(.text) for __aeabi_memclr
    socket.o(.text) refers to strstr.o(.text) for strstr
    socket.o(.text) refers to qxwz_socket.o(i.qxwz_soc_error) for qxwz_soc_error
    socket.o(.text) refers to noretval__2printf.o(.text) for __2printf
    socket.o(.text) refers to stm32f10x_usart.o(.text) for USART_GetFlagStatus
    socket.o(.text) refers to usart.o(.text) for UART_SendString
    socket.o(.text) refers to delay.o(.text) for delay_ms
    socket.o(.text) refers to rt_memclr_w.o(.text) for __aeabi_memclr4
    socket.o(.text) refers to noretval__2sprintf.o(.text) for __2sprintf
    socket.o(.text) refers to prefs.o(i.qxwz_prefs_flags_get) for qxwz_prefs_flags_get
    socket.o(.text) refers to socket.o(.bss) for uart_buf
    socket.o(.text) refers to socket.o(.data) for s_first_index
    socket.o(.text) refers to atoi.o(.text) for atoi
    socket.o(.text) refers to strcmpv7m.o(.text) for strcmp
    socket.o(.text) refers to os_core.o(.text) for OSIntEnter
    socket.o(.text) refers to qxwz_socket.o(i.qxwz_on_soc_data_received) for qxwz_on_soc_data_received
    socket.o(.text) refers to stm32f10x_tim.o(.text) for TIM_GetITStatus
    socket.o(.text) refers to qxwz_socket.o(i.qxwz_soc_connect_complete) for qxwz_soc_connect_complete
[...]
    __rt_lib_init_return                     0x080001d5   Thumb Code     0  libinit2.o(.ARM.Collect$$libinit$$00000033)
    __rt_lib_init_signal_1                   0x080001d5   Thumb Code     0  libinit2.o(.ARM.Collect$$libinit$$0000001D)
    __rt_lib_init_stdio_1                    0x080001d5   Thumb Code     0  libinit2.o(.ARM.Collect$$libinit$$00000025)
    __rt_lib_shutdown                        0x080001d7   Thumb Code     0  libshutdown.o(.ARM.Collect$$libshutdown$$00000000)
    __rt_lib_shutdown_fp_trap_1              0x080001d9   Thumb Code     0  libshutdown2.o(.ARM.Collect$$libshutdown$$00000006)
    __rt_lib_shutdown_heap_1                 0x080001d9   Thumb Code     0  libshutdown2.o(.ARM.Collect$$libshutdown$$0000000E)
    __rt_lib_shutdown_return                 0x080001d9   Thumb Code     0  libshutdown2.o(.ARM.Collect$$libshutdown$$0000000F)
    __rt_lib_shutdown_signal_1               0x080001d9   Thumb Code     0  libshutdown2.o(.ARM.Collect$$libshutdown$$00000009)
    __rt_lib_shutdown_stdio_1                0x080001d9   Thumb Code     0  libshutdown2.o(.ARM.Collect$$libshutdown$$00000003)
    __rt_lib_shutdown_user_alloc_1           0x080001d9   Thumb Code     0  libshutdown2.o(.ARM.Collect$$libshutdown$$0000000B)
    __rt_entry                               0x080001db   Thumb Code     0  __rtentry.o(.ARM.Collect$$rtentry$$00000000)
    __rt_entry_presh_1                       0x080001db   Thumb Code     0  __rtentry2.o(.ARM.Collect$$rtentry$$00000002)
    __rt_entry_sh                            0x080001db   Thumb Code     0  __rtentry4.o(.ARM.Collect$$rtentry$$00000004)
    __rt_entry_li                            0x080001e1   Thumb Code     0  __rtentry2.o(.ARM.Collect$$rtentry$$0000000A)
    __rt_entry_postsh_1                      0x080001e1   Thumb Code     0  __rtentry2.o(.ARM.Collect$$rtentry$$00000009)
    __rt_entry_main                          0x080001e5   Thumb Code     0  __rtentry2.o(.ARM.Collect$$rtentry$$0000000D)
    __rt_entry_postli_1                      0x080001e5   Thumb Code     0  __rtentry2.o(.ARM.Collect$$rtentry$$0000000C)
    __rt_exit                                0x080001ed   Thumb Code     0  rtexit.o(.ARM.Collect$$rtexit$$00000000)
    __rt_exit_ls                             0x080001ef   Thumb Code     0  rtexit2.o(.ARM.Collect$$rtexit$$00000003)
    __rt_exit_prels_1                        0x080001ef   Thumb Code     0  rtexit2.o(.ARM.Collect$$rtexit$$00000002)
    __rt_exit_exit                           0x080001f3   Thumb Code     0  rtexit2.o(.ARM.Collect$$rtexit$$00000004)
    rand                                     0x080001f9   Thumb Code    48  rand.o(.emb_text)
    NMI_Handler                              0x0800022d   Thumb Code    22  stm32f10x_it.o(.text)
    HardFault_Handler                        0x08000243   Thumb Code    22  stm32f10x_it.o(.text)
    MemManage_Handler                        0x08000259   Thumb Code    22  stm32f10x_it.o(.text)
    BusFault_Handler                         0x0800026f   Thumb Code    22  stm32f10x_it.o(.text)
    UsageFault_Handler                       0x08000285   Thumb Code    22  stm32f10x_it.o(.text)
    SVC_Handler                              0x0800029b   Thumb Code    22  stm32f10x_it.o(.text)
    DebugMon_Handler                         0x080002b1   Thumb Code    22  stm32f10x_it.o(.text)
    SystemInit                               0x080003b3   Thumb Code    78  system_stm32f10x.o(.text)
    SystemCoreClockUpdate                    0x08000401   Thumb Code   142  system_stm32f10x.o(.text)
    Reset_Handler                            0x080004b5   Thumb Code     8  startup_stm32f10x_md.o(.text)
    ADC1_2_IRQHandler                        0x080004cf   Thumb Code     0  startup_stm32f10x_md.o(.text)
    CAN1_RX1_IRQHandler                      0x080004cf   Thumb Code     0  startup_stm32f10x_md.o(.text)
    CAN1_SCE_IRQHandler                      0x080004cf   Thumb Code     0  startup_stm32f10x_md.o(.text)
    DMA1_Channel1_IRQHandler                 0x080004cf   Thumb Code     0  startup_stm32f10x_md.o(.text)
    DMA1_Channel2_IRQHandler                 0x080004cf   Thumb Code     0  startup_stm32f10x_md.o(.text)
    DMA1_Channel3_IRQHandler                 0x080004cf   Thumb Code     0  startup_stm32f10x_md.o(.text)
    DMA1_Channel4_IRQHandler                 0x080004cf   Thumb Code     0  startup_stm32f10x_md.o(.text)
    DMA1_Channel5_IRQHandler                 0x080004cf   Thumb Code     0  startup_stm32f10x_md.o(.text)
    DMA1_Channel6_IRQHandler                 0x080004cf   Thumb Code     0  startup_stm32f10x_md.o(.text)
    DMA1_Channel7_IRQHandler                 0x080004cf   Thumb Code     0  startup_stm32f10x_md.o(.text)
    EXTI0_IRQHandler                         0x080004cf   Thumb Code     0  startup_stm32f10x_md.o(.text)
    EXTI15_10_IRQHandler                     0x080004cf   Thumb Code     0  startup_stm32f10x_md.o(.text)
    EXTI1_IRQHandler                         0x080004cf   Thumb Code     0  startup_stm32f10x_md.o(.text)
    EXTI2_IRQHandler                         0x080004cf   Thumb Code     0  startup_stm32f10x_md.o(.text)
    EXTI3_IRQHandler                         0x080004cf   Thumb Code     0  startup_stm32f10x_md.o(.text)
    EXTI4_IRQHandler                         0x080004cf   Thumb Code     0  startup_stm32f10x_md.o(.text)
    EXTI9_5_IRQHandler                       0x080004cf   Thumb Code     0  startup_stm32f10x_md.o(.text)
    FLASH_IRQHandler                         0x080004cf   Thumb Code     0  startup_stm32f10x_md.o(.text)
    I2C1_ER_IRQHandler                       0x080004cf   Thumb Code     0  startup_stm32f10x_md.o(.text)
    I2C1_EV_IRQHandler                       0x080004cf   Thumb Code     0  startup_stm32f10x_md.o(.text)
    I2C2_ER_IRQHandler                       0x080004cf   Thumb Code     0  startup_stm32f10x_md.o(.text)
    I2C2_EV_IRQHandler                       0x080004cf   Thumb Code     0  startup_stm32f10x_md.o(.text)
    PVD_IRQHandler                           0x080004cf   Thumb Code     0  startup_stm32f10x_md.o(.text)
    RCC_IRQHandler                           0x080004cf   Thumb Code     0  startup_stm32f10x_md.o(.text)
    RTCAlarm_IRQHandler                      0x080004cf   Thumb Code     0  startup_stm32f10x_md.o(.text)
    RTC_IRQHandler                           0x080004cf   Thumb Code     0  startup_stm32f10x_md.o(.text)
    SPI1_IRQHandler                          0x080004cf   Thumb Code     0  startup_stm32f10x_md.o(.text)
    SPI2_IRQHandler                          0x080004cf   Thumb Code     0  startup_stm32f10x_md.o(.text)
    TAMPER_IRQHandler                        0x080004cf   Thumb Code     0  startup_stm32f10x_md.o(.text)
    TIM1_BRK_IRQHandler                      0x080004cf   Thumb Code     0  startup_stm32f10x_md.o(.text)
    TIM1_CC_IRQHandler                       0x080004cf   Thumb Code     0  startup_stm32f10x_md.o(.text)
    TIM1_TRG_COM_IRQHandler                  0x080004cf   Thumb Code     0  startup_stm32f10x_md.o(.text)
    TIM1_UP_IRQHandler                       0x080004cf   Thumb Code     0  startup_stm32f10x_md.o(.text)
    TIM2_IRQHandler                          0x080004cf   Thumb Code     0  startup_stm32f10x_md.o(.text)
    TIM4_IRQHandler                          0x080004cf   Thumb Code     0  startup_stm32f10x_md.o(.text)
    USBWakeUp_IRQHandler                     0x080004cf   Thumb Code     0  startup_stm32f10x_md.o(.text)
    USB_HP_CAN1_TX_IRQHandler                0x080004cf   Thumb Code     0  startup_stm32f10x_md.o(.text)
    USB_LP_CAN1_RX0_IRQHandler               0x080004cf   Thumb Code     0  startup_stm32f10x_md.o(.text)
    WWDG_IRQHandler                          0x080004cf   Thumb Code     0  startup_stm32f10x_md.o(.text)
    __user_initial_stackheap                 0x080004d1   Thumb Code     0  startup_stm32f10x_md.o(.text)
    delay_osschedlock                        0x080004f5   Thumb Code     8  delay.o(.text)
    delay_osschedunlock                      0x080004fd   Thumb Code     8  delay.o(.text)
    delay_ostimedly                          0x08000505   Thumb Code    12  delay.o(.text)
    SysTick_Handler                          0x08000511   Thumb Code    24  delay.o(.text)
    delay_init                               0x08000529   Thumb Code    76  delay.o(.text)
    delay_us                                 0x08000575   Thumb Code    86  delay.o(.text)
    delay_ms                                 0x080005cb   Thumb Code    66  delay.o(.text)
    _sys_exit                                0x08000625   Thumb Code     6  usart.o(.text)
    fputc                                    0x0800062b   Thumb Code    22  usart.o(.text)
    USART1_IRQHandler                        0x08000a37   Thumb Code   216  usart.o(.text)
    USART3_IRQHandler                        0x08000b0f   Thumb Code   226  usart.o(.text)
    USART4_IRQHandler                        0x08000bf1   Thumb Code   226  usart.o(.text)
    UART_SendString                          0x08000cd3   Thumb Code    40  usart.o(.text)
    Usart_init                               0x08000cfb   Thumb Code    16  usart.o(.text)
    LED_Init                                 0x08000d31   Thumb Code    40  led.o(.text)
    wait_creg                                0x08000e9f   Thumb Code   140  socket.o(.text)
    qxwz_soc_create                          0x08001017   Thumb Code    40  socket.o(.text)
    qxwz_soc_connect                         0x0800103f   Thumb Code    86  socket.o(.text)
    qxwz_soc_send                            0x08001095   Thumb Code   136  socket.o(.text)
    qxwz_soc_close                           0x0800111d   Thumb Code   776  socket.o(.text)
    USART2_IRQHandler                        0x08001541   Thumb Code   152  socket.o(.text)
    timer_tick                               0x080015d9   Thumb Code    46  socket.o(.text)
    TIM3_IRQHandler                          0x08001607   Thumb Code    28  socket.o(.text)
    enable_gsm_report_error                  0x08001633   Thumb Code    28  socket.o(.text)
    restart_connect                          0x0800164f   Thumb Code    18  socket.o(.text)
    get_qxwz_sdk_status                      0x08001661   Thumb Code     6  socket.o(.text)
    async_notify                             0x08001667   Thumb Code   144  socket.o(.text)
    Sim_contro                               0x0800179d   Thumb Code   132  sim7600.o(.text)
    qxwz_status_response_callback            0x08001825   Thumb Code    36  ef_qx.o(.text)
    get_qxwz_sdk_account_info                0x08001849   Thumb Code    36  ef_qx.o(.text)
    qxwz_rtcm_response_callback              0x0800186d   Thumb Code    50  ef_qx.o(.text)
    Get_qx_count                             0x0800189f   Thumb Code   266  ef_qx.o(.text)
    rtcm_task                                0x08001a2d   Thumb Code    52  main.o(.text)
    sendgga_task                             0x08001a61   Thumb Code    94  main.o(.text)
    led0_task                                0x08001abf   Thumb Code    68  main.o(.text)
    start_task                               0x08001b03   Thumb Code    70  main.o(.text)
    main                                     0x08001b49   Thumb Code    98  main.o(.text)
    NVIC_PriorityGroupConfig                 0x08001c09   Thumb Code    10  misc.o(.text)
    NVIC_Init                                0x08001c13   Thumb Code   100  misc.o(.text)
    NVIC_SetVectorTable                      0x08001c77   Thumb Code    14  misc.o(.text)
    NVIC_SystemLPConfig                      0x08001c85   Thumb Code    34  misc.o(.text)
    SysTick_CLKSourceConfig                  0x08001ca7   Thumb Code    40  misc.o(.text)
    GPIO_DeInit                              0x08001ce5   Thumb Code   172  stm32f10x_gpio.o(.text)
    GPIO_AFIODeInit                          0x08001d91   Thumb Code    20  stm32f10x_gpio.o(.text)
    GPIO_Init                                0x08001da5   Thumb Code   278  stm32f10x_gpio.o(.text)
    GPIO_StructInit                          0x08001ebb   Thumb Code    16  stm32f10x_gpio.o(.text)
    GPIO_ReadInputDataBit                    0x08001ecb   Thumb Code    18  stm32f10x_gpio.o(.text)
    GPIO_ReadInputData                       0x08001edd   Thumb Code     8  stm32f10x_gpio.o(.text)
    GPIO_ReadOutputDataBit                   0x08001ee5   Thumb Code    18  stm32f10x_gpio.o(.text)
    GPIO_ReadOutputData                      0x08001ef7   Thumb Code     8  stm32f10x_gpio.o(.text)
    GPIO_SetBits                             0x08001eff   Thumb Code     4  stm32f10x_gpio.o(.text)
    GPIO_ResetBits                           0x08001f03   Thumb Code     4  stm32f10x_gpio.o(.text)
    GPIO_WriteBit                            0x08001f07   Thumb Code    10  stm32f10x_gpio.o(.text)
    GPIO_Write                               0x08001f11   Thumb Code     4  stm32f10x_gpio.o(.text)
    GPIO_PinLockConfig                       0x08001f15   Thumb Code    18  stm32f10x_gpio.o(.text)
    GPIO_EventOutputConfig                   0x08001f27   Thumb Code    26  stm32f10x_gpio.o(.text)
    GPIO_EventOutputCmd                      0x08001f41   Thumb Code     6  stm32f10x_gpio.o(.text)
    GPIO_PinRemapConfig                      0x08001f47   Thumb Code   138  stm32f10x_gpio.o(.text)
    GPIO_EXTILineConfig                      0x08001fd1   Thumb Code    66  stm32f10x_gpio.o(.text)
    GPIO_ETH_MediaInterfaceConfig            0x08002013   Thumb Code     8  stm32f10x_gpio.o(.text)
    RCC_DeInit                               0x08002041   Thumb Code    64  stm32f10x_rcc.o(.text)
    RCC_HSEConfig                            0x08002081   Thumb Code    70  stm32f10x_rcc.o(.text)
    RCC_GetFlagStatus                        0x080020c7   Thumb Code    56  stm32f10x_rcc.o(.text)
    RCC_WaitForHSEStartUp                    0x080020ff   Thumb Code    56  stm32f10x_rcc.o(.text)
    RCC_AdjustHSICalibrationValue            0x08002137   Thumb Code    20  stm32f10x_rcc.o(.text)
    RCC_HSICmd                               0x0800214b   Thumb Code     6  stm32f10x_rcc.o(.text)
    RCC_PLLConfig                            0x08002151   Thumb Code    24  stm32f10x_rcc.o(.text)
    RCC_PLLCmd                               0x08002169   Thumb Code     6  stm32f10x_rcc.o(.text)
    RCC_SYSCLKConfig                         0x0800216f   Thumb Code    18  stm32f10x_rcc.o(.text)
    RCC_GetSYSCLKSource                      0x08002181   Thumb Code    10  stm32f10x_rcc.o(.text)
    RCC_HCLKConfig                           0x0800218b   Thumb Code    18  stm32f10x_rcc.o(.text)
    RCC_PCLK1Config                          0x0800219d   Thumb Code    18  stm32f10x_rcc.o(.text)
    RCC_PCLK2Config                          0x080021af   Thumb Code    20  stm32f10x_rcc.o(.text)
    RCC_ITConfig                             0x080021c3   Thumb Code    26  stm32f10x_rcc.o(.text)
    RCC_USBCLKConfig                         0x080021dd   Thumb Code     8  stm32f10x_rcc.o(.text)
    RCC_ADCCLKConfig                         0x080021e5   Thumb Code    18  stm32f10x_rcc.o(.text)
    RCC_LSEConfig                            0x080021f7   Thumb Code    50  stm32f10x_rcc.o(.text)
    RCC_LSICmd                               0x08002229   Thumb Code     6  stm32f10x_rcc.o(.text)
    RCC_RTCCLKConfig                         0x0800222f   Thumb Code    12  stm32f10x_rcc.o(.text)
    RCC_RTCCLKCmd                            0x0800223b   Thumb Code     8  stm32f10x_rcc.o(.text)
    RCC_GetClocksFreq                        0x08002243   Thumb Code   192  stm32f10x_rcc.o(.text)
    RCC_AHBPeriphClockCmd                    0x08002303   Thumb Code    26  stm32f10x_rcc.o(.text)
    RCC_APB2PeriphClockCmd                   0x0800231d   Thumb Code    26  stm32f10x_rcc.o(.text)
    RCC_APB1PeriphClockCmd                   0x08002337   Thumb Code    26  stm32f10x_rcc.o(.text)
    RCC_APB2PeriphResetCmd                   0x08002351   Thumb Code    26  stm32f10x_rcc.o(.text)
    RCC_APB1PeriphResetCmd                   0x0800236b   Thumb Code    26  stm32f10x_rcc.o(.text)
    RCC_BackupResetCmd                       0x08002385   Thumb Code     8  stm32f10x_rcc.o(.text)
    RCC_ClockSecuritySystemCmd               0x0800238d   Thumb Code     6  stm32f10x_rcc.o(.text)
    RCC_MCOConfig                            0x08002393   Thumb Code     6  stm32f10x_rcc.o(.text)
    RCC_ClearFlag                            0x08002399   Thumb Code    14  stm32f10x_rcc.o(.text)
    RCC_GetITStatus                          0x080023a7   Thumb Code    20  stm32f10x_rcc.o(.text)
    RCC_ClearITPendingBit                    0x080023bb   Thumb Code     6  stm32f10x_rcc.o(.text)
    TIM_DeInit                               0x080023e5   Thumb Code   424  stm32f10x_tim.o(.text)
    TIM_TimeBaseInit                         0x0800258d   Thumb Code   122  stm32f10x_tim.o(.text)
    TIM_OC1Init                              0x08002607   Thumb Code   132  stm32f10x_tim.o(.text)
    TIM_OC2Init                              0x0800268b   Thumb Code   154  stm32f10x_tim.o(.text)
    TIM_OC3Init                              0x08002725   Thumb Code   150  stm32f10x_tim.o(.text)
    TIM_OC4Init                              0x080027bb   Thumb Code   182  stm32f10x_tim.o(.text)
    TIM_SetIC4Prescaler                      0x08002871   Thumb Code    26  stm32f10x_tim.o(.text)
    TIM_SetIC3Prescaler                      0x0800290d   Thumb Code    18  stm32f10x_tim.o(.text)
    TIM_SetIC2Prescaler                      0x08002999   Thumb Code    26  stm32f10x_tim.o(.text)
    TIM_SetIC1Prescaler                      0x08002a35   Thumb Code    18  stm32f10x_tim.o(.text)
    TIM_ICInit                               0x08002ab3   Thumb Code   150  stm32f10x_tim.o(.text)
    TIM_PWMIConfig                           0x08002b49   Thumb Code   124  stm32f10x_tim.o(.text)
    TIM_BDTRConfig                           0x08002bc5   Thumb Code    32  stm32f10x_tim.o(.text)
    TIM_TimeBaseStructInit                   0x08002be5   Thumb Code    18  stm32f10x_tim.o(.text)
    TIM_OCStructInit                         0x08002bf7   Thumb Code    20  stm32f10x_tim.o(.text)
    TIM_ICStructInit                         0x08002c0b   Thumb Code    18  stm32f10x_tim.o(.text)
    TIM_BDTRStructInit                       0x08002c1d   Thumb Code    40  stm32f10x_tim.o(.text)
    TIM_Cmd                                  0x08002c45   Thumb Code    24  stm32f10x_tim.o(.text)
    TIM_CtrlPWMOutputs                       0x08002c5d   Thumb Code    30  stm32f10x_tim.o(.text)
    TIM_ITConfig                             0x08002c7b   Thumb Code    18  stm32f10x_tim.o(.text)
    TIM_GenerateEvent                        0x08002c8d   Thumb Code     4  stm32f10x_tim.o(.text)
    TIM_DMAConfig                            0x08002c91   Thumb Code    10  stm32f10x_tim.o(.text)
    TIM_DMACmd                               0x08002c9b   Thumb Code    18  stm32f10x_tim.o(.text)
    TIM_InternalClockConfig                  0x08002cad   Thumb Code    12  stm32f10x_tim.o(.text)
    TIM_SelectInputTrigger                   0x08002cb9   Thumb Code    18  stm32f10x_tim.o(.text)
    TIM_ITRxExternalClockConfig              0x08002ccb   Thumb Code    24  stm32f10x_tim.o(.text)
    TIM_TIxExternalClockConfig               0x08002ce3   Thumb Code    62  stm32f10x_tim.o(.text)
    TIM_ETRConfig                            0x08002d21   Thumb Code    28  stm32f10x_tim.o(.text)
    TIM_ETRClockMode1Config                  0x08002d3d   Thumb Code    54  stm32f10x_tim.o(.text)
    TIM_ETRClockMode2Config                  0x08002d73   Thumb Code    32  stm32f10x_tim.o(.text)
    TIM_PrescalerConfig                      0x08002d93   Thumb Code     6  stm32f10x_tim.o(.text)
    TIM_CounterModeConfig                    0x08002d99   Thumb Code    18  stm32f10x_tim.o(.text)
    TIM_EncoderInterfaceConfig               0x08002dab   Thumb Code    66  stm32f10x_tim.o(.text)
    TIM_ForcedOC1Config                      0x08002ded   Thumb Code    18  stm32f10x_tim.o(.text)
    TIM_ForcedOC2Config                      0x08002dff   Thumb Code    26  stm32f10x_tim.o(.text)
    TIM_ForcedOC3Config                      0x08002e19   Thumb Code    18  stm32f10x_tim.o(.text)
    TIM_ForcedOC4Config                      0x08002e2b   Thumb Code    26  stm32f10x_tim.o(.text)
    TIM_ARRPreloadConfig                     0x08002e45   Thumb Code    24  stm32f10x_tim.o(.text)
    TIM_SelectCOM                            0x08002e5d   Thumb Code    24  stm32f10x_tim.o(.text)
    TIM_SelectCCDMA                          0x08002e75   Thumb Code    24  stm32f10x_tim.o(.text)
    TIM_CCPreloadControl                     0x08002e8d   Thumb Code    24  stm32f10x_tim.o(.text)
    TIM_OC1PreloadConfig                     0x08002ea5   Thumb Code    18  stm32f10x_tim.o(.text)
    TIM_OC2PreloadConfig                     0x08002eb7   Thumb Code    26  stm32f10x_tim.o(.text)
    TIM_OC3PreloadConfig                     0x08002ed1   Thumb Code    18  stm32f10x_tim.o(.text)
    TIM_OC4PreloadConfig                     0x08002ee3   Thumb Code    26  stm32f10x_tim.o(.text)
    TIM_OC1FastConfig                        0x08002efd   Thumb Code    18  stm32f10x_tim.o(.text)
    TIM_OC2FastConfig                        0x08002f0f   Thumb Code    26  stm32f10x_tim.o(.text)
    TIM_OC3FastConfig                        0x08002f29   Thumb Code    18  stm32f10x_tim.o(.text)
    TIM_OC4FastConfig                        0x08002f3b   Thumb Code    26  stm32f10x_tim.o(.text)
    TIM_ClearOC1Ref                          0x08002f55   Thumb Code    18  stm32f10x_tim.o(.text)
    TIM_ClearOC2Ref                          0x08002f67   Thumb Code    24  stm32f10x_tim.o(.text)
    TIM_ClearOC3Ref                          0x08002f7f   Thumb Code    18  stm32f10x_tim.o(.text)
    TIM_ClearOC4Ref                          0x08002f91   Thumb Code    24  stm32f10x_tim.o(.text)
    TIM_OC1PolarityConfig                    0x08002fa9   Thumb Code    18  stm32f10x_tim.o(.text)
    TIM_OC1NPolarityConfig                   0x08002fbb   Thumb Code    18  stm32f10x_tim.o(.text)
    TIM_OC2PolarityConfig                    0x08002fcd   Thumb Code    26  stm32f10x_tim.o(.text)
    TIM_OC2NPolarityConfig                   0x08002fe7   Thumb Code    26  stm32f10x_tim.o(.text)
    TIM_OC3PolarityConfig                    0x08003001   Thumb Code    26  stm32f10x_tim.o(.text)
    TIM_OC3NPolarityConfig                   0x0800301b   Thumb Code    26  stm32f10x_tim.o(.text)
    TIM_OC4PolarityConfig                    0x08003035   Thumb Code    26  stm32f10x_tim.o(.text)
    TIM_CCxCmd                               0x0800304f   Thumb Code    30  stm32f10x_tim.o(.text)
    TIM_CCxNCmd                              0x0800306d   Thumb Code    30  stm32f10x_tim.o(.text)
    TIM_SelectOCxM                           0x0800308b   Thumb Code    82  stm32f10x_tim.o(.text)
    TIM_UpdateDisableConfig                  0x080030dd   Thumb Code    24  stm32f10x_tim.o(.text)
    TIM_UpdateRequestConfig                  0x080030f5   Thumb Code    24  stm32f10x_tim.o(.text)
    TIM_SelectHallSensor                     0x0800310d   Thumb Code    24  stm32f10x_tim.o(.text)
    TIM_SelectOnePulseMode                   0x08003125   Thumb Code    18  stm32f10x_tim.o(.text)
    TIM_SelectOutputTrigger                  0x08003137   Thumb Code    18  stm32f10x_tim.o(.text)
    TIM_SelectSlaveMode                      0x08003149   Thumb Code    18  stm32f10x_tim.o(.text)
    TIM_SelectMasterSlaveMode                0x0800315b   Thumb Code    18  stm32f10x_tim.o(.text)
    TIM_SetCounter                           0x0800316d   Thumb Code     4  stm32f10x_tim.o(.text)
    TIM_SetAutoreload                        0x08003171   Thumb Code     4  stm32f10x_tim.o(.text)
    TIM_SetCompare1                          0x08003175   Thumb Code     4  stm32f10x_tim.o(.text)
    TIM_SetCompare2                          0x08003179   Thumb Code     4  stm32f10x_tim.o(.text)
    TIM_SetCompare3                          0x0800317d   Thumb Code     4  stm32f10x_tim.o(.text)
    TIM_SetCompare4                          0x08003181   Thumb Code     6  stm32f10x_tim.o(.text)
    TIM_SetClockDivision                     0x08003187   Thumb Code    18  stm32f10x_tim.o(.text)
    TIM_GetCapture1                          0x08003199   Thumb Code     6  stm32f10x_tim.o(.text)
    TIM_GetCapture2                          0x0800319f   Thumb Code     6  stm32f10x_tim.o(.text)
    TIM_GetCapture3                          0x080031a5   Thumb Code     6  stm32f10x_tim.o(.text)
    TIM_GetCapture4                          0x080031ab   Thumb Code     8  stm32f10x_tim.o(.text)
    TIM_GetCounter                           0x080031b3   Thumb Code     6  stm32f10x_tim.o(.text)
    TIM_GetPrescaler                         0x080031b9   Thumb Code     6  stm32f10x_tim.o(.text)
    TIM_GetFlagStatus                        0x080031bf   Thumb Code    18  stm32f10x_tim.o(.text)
    TIM_ClearFlag                            0x080031d1   Thumb Code     6  stm32f10x_tim.o(.text)
    TIM_GetITStatus                          0x080031d7   Thumb Code    34  stm32f10x_tim.o(.text)
    TIM_ClearITPendingBit                    0x080031f9   Thumb Code     6  stm32f10x_tim.o(.text)
    USART_DeInit                             0x08003201   Thumb Code   134  stm32f10x_usart.o(.text)
    USART_Init                               0x08003287   Thumb Code   210  stm32f10x_usart.o(.text)
    USART_StructInit                         0x08003359   Thumb Code    24  stm32f10x_usart.o(.text)
    USART_ClockInit                          0x08003371   Thumb Code    34  stm32f10x_usart.o(.text)
    USART_ClockStructInit                    0x08003393   Thumb Code    12  stm32f10x_usart.o(.text)
    USART_Cmd                                0x0800339f   Thumb Code    24  stm32f10x_usart.o(.text)
    USART_ITConfig                           0x080033b7   Thumb Code    74  stm32f10x_usart.o(.text)
    USART_DMACmd                             0x08003401   Thumb Code    18  stm32f10x_usart.o(.text)
    USART_SetAddress                         0x08003413   Thumb Code    18  stm32f10x_usart.o(.text)
    USART_WakeUpConfig                       0x08003425   Thumb Code    18  stm32f10x_usart.o(.text)
    USART_ReceiverWakeUpCmd                  0x08003437   Thumb Code    24  stm32f10x_usart.o(.text)
    USART_LINBreakDetectLengthConfig         0x0800344f   Thumb Code    18  stm32f10x_usart.o(.text)
    USART_LINCmd                             0x08003461   Thumb Code    24  stm32f10x_usart.o(.text)
    USART_SendData                           0x08003479   Thumb Code     8  stm32f10x_usart.o(.text)
    USART_ReceiveData                        0x08003481   Thumb Code    10  stm32f10x_usart.o(.text)
    USART_SendBreak                          0x0800348b   Thumb Code    10  stm32f10x_usart.o(.text)
    USART_SetGuardTime                       0x08003495   Thumb Code    16  stm32f10x_usart.o(.text)
    USART_SetPrescaler                       0x080034a5   Thumb Code    16  stm32f10x_usart.o(.text)
    USART_SmartCardCmd                       0x080034b5   Thumb Code    24  stm32f10x_usart.o(.text)
    USART_SmartCardNACKCmd                   0x080034cd   Thumb Code    24  stm32f10x_usart.o(.text)
    USART_HalfDuplexCmd                      0x080034e5   Thumb Code    24  stm32f10x_usart.o(.text)
    USART_OverSampling8Cmd                   0x080034fd   Thumb Code    22  stm32f10x_usart.o(.text)
    USART_OneBitMethodCmd                    0x08003513   Thumb Code    24  stm32f10x_usart.o(.text)
    USART_IrDAConfig                         0x0800352b   Thumb Code    18  stm32f10x_usart.o(.text)
    USART_IrDACmd                            0x0800353d   Thumb Code    24  stm32f10x_usart.o(.text)
    USART_GetFlagStatus                      0x08003555   Thumb Code    26  stm32f10x_usart.o(.text)
    USART_ClearFlag                          0x0800356f   Thumb Code    18  stm32f10x_usart.o(.text)
    USART_GetITStatus                        0x08003581   Thumb Code    84  stm32f10x_usart.o(.text)
    USART_ClearITPendingBit                  0x080035d5   Thumb Code    52  stm32f10x_usart.o(.text)
    OS_TaskStatStkChk                        0x08003609   Thumb Code    54  os_core.o(.text)
    OS_TaskStat                              0x0800363f   Thumb Code   116  os_core.o(.text)
    OS_TaskIdle                              0x080036e7   Thumb Code    34  os_core.o(.text)
    OS_MemClr                                0x0800373d   Thumb Code    18  os_core.o(.text)
    OSInit                                   0x0800385b   Thumb Code    44  os_core.o(.text)
    OSIntEnter                               0x08003887   Thumb Code    28  os_core.o(.text)
    OSIntExit                                0x080038bd   Thumb Code   112  os_core.o(.text)
    OSSchedLock                              0x0800392d   Thumb Code    50  os_core.o(.text)
    OS_Sched                                 0x0800395f   Thumb Code    88  os_core.o(.text)
    OSSchedUnlock                            0x080039b7   Thumb Code   238  os_core.o(.text)
    OSStart                                  0x08003aa5   Thumb Code    48  os_core.o(.text)
    OSStatInit                               0x08003ad5   Thumb Code    62  os_core.o(.text)
    OSTimeTick                               0x08003b13   Thumb Code   210  os_core.o(.text)
    OSVersion                                0x08003be5   Thumb Code     6  os_core.o(.text)
    OS_Dummy                                 0x08003beb   Thumb Code     2  os_core.o(.text)
    OS_EventTaskRemove                       0x08003bed   Thumb Code    42  os_core.o(.text)
    OS_EventTaskRdy                          0x08003c17   Thumb Code   114  os_core.o(.text)
    OS_EventTaskWait                         0x08003c89   Thumb Code   112  os_core.o(.text)
    OS_EventWaitListInit                     0x08003cf9   Thumb Code    28  os_core.o(.text)
    OS_MemCopy                               0x08003d15   Thumb Code    20  os_core.o(.text)
    OS_StrLen                                0x08003d29   Thumb Code    20  os_core.o(.text)
    OS_TCBInit                               0x08003d3d   Thumb Code   280  os_core.o(.text)
    OSFlagAccept                             0x08003e99   Thumb Code   252  os_flag.o(.text)
    OSFlagCreate                             0x08003f95   Thumb Code    86  os_flag.o(.text)
    OS_FlagUnlink                            0x08003feb   Thumb Code    36  os_flag.o(.text)
    OSFlagDel                                0x08004061   Thumb Code   214  os_flag.o(.text)
    OSFlagNameGet                            0x08004137   Thumb Code    80  os_flag.o(.text)
    OSFlagNameSet                            0x08004187   Thumb Code    66  os_flag.o(.text)
    OSFlagPend                               0x08004261   Thumb Code   614  os_flag.o(.text)
    OSFlagPendGetFlagsRdy                    0x080044c7   Thumb Code    26  os_flag.o(.text)
    OSFlagPost                               0x080044e1   Thumb Code   312  os_flag.o(.text)
    OSFlagQuery                              0x08004619   Thumb Code    48  os_flag.o(.text)
    OS_FlagInit                              0x08004649   Thumb Code    78  os_flag.o(.text)
    OSQAccept                                0x080046a5   Thumb Code    88  os_q.o(.text)
    OSQCreate                                0x080046fd   Thumb Code   140  os_q.o(.text)
    OSQDel                                   0x08004789   Thumb Code   236  os_q.o(.text)
    OSQFlush                                 0x08004875   Thumb Code    36  os_q.o(.text)
    OSQPend                                  0x08004899   Thumb Code   272  os_q.o(.text)
    OSQPendAbort                             0x080049a9   Thumb Code   128  os_q.o(.text)
    OSQPost                                  0x08004a29   Thumb Code   114  os_q.o(.text)
    OSQPostFront                             0x08004a9b   Thumb Code   136  os_q.o(.text)
    OSQPostOpt                               0x08004b23   Thumb Code   182  os_q.o(.text)
    OSQQuery                                 0x08004bd9   Thumb Code    98  os_q.o(.text)
    OS_QInit                                 0x08004c3b   Thumb Code    72  os_q.o(.text)
    OSTaskChangePrio                         0x08004c8d   Thumb Code   308  os_task.o(.text)
    OSTaskCreate                             0x08004dc1   Thumb Code   148  os_task.o(.text)
    OS_TaskStkClr                            0x08004e55   Thumb Code    26  os_task.o(.text)
    OSTaskCreateExt                          0x08004e6f   Thumb Code   170  os_task.o(.text)
    OSTaskDel                                0x08004f19   Thumb Code   294  os_task.o(.text)
    OSTaskDelReq                             0x0800503f   Thumb Code   144  os_task.o(.text)
    OSTaskNameGet                            0x080050cf   Thumb Code   114  os_task.o(.text)
    OSTaskNameSet                            0x08005141   Thumb Code    98  os_task.o(.text)
    OSTaskResume                             0x080051a3   Thumb Code   154  os_task.o(.text)
    OSTaskStkChk                             0x0800523d   Thumb Code   132  os_task.o(.text)
    OSTaskSuspend                            0x080052c1   Thumb Code   152  os_task.o(.text)
    OSTaskQuery                              0x08005359   Thumb Code    82  os_task.o(.text)
    OSTaskRegGet                             0x080053ab   Thumb Code    60  os_task.o(.text)
    OSTaskRegSet                             0x080053e7   Thumb Code    62  os_task.o(.text)
    OS_TaskReturn                            0x08005425   Thumb Code    18  os_task.o(.text)
    OSTimeDly                                0x08005451   Thumb Code   100  os_time.o(.text)
    OSTimeDlyHMSM                            0x080054b5   Thumb Code    86  os_time.o(.text)
    OSTimeDlyResume                          0x0800550b   Thumb Code   168  os_time.o(.text)
    OSTimeGet                                0x080055b3   Thumb Code    24  os_time.o(.text)
    OSTimeSet                                0x080055cb   Thumb Code    24  os_time.o(.text)
    OSInitHookBegin                          0x08005601   Thumb Code     2  os_cpu_c.o(.text)
    OSInitHookEnd                            0x08005603   Thumb Code     2  os_cpu_c.o(.text)
    OSTaskCreateHook                         0x08005605   Thumb Code     2  os_cpu_c.o(.text)
    OSTaskDelHook                            0x08005607   Thumb Code     2  os_cpu_c.o(.text)
    OSTaskIdleHook                           0x08005609   Thumb Code     2  os_cpu_c.o(.text)
    OSTaskStatHook                           0x0800560b   Thumb Code     2  os_cpu_c.o(.text)
    OSTaskStkInit                            0x0800560d   Thumb Code   154  os_cpu_c.o(.text)
    OSTaskSwHook                             0x080056a7   Thumb Code     2  os_cpu_c.o(.text)
    OSTCBInitHook                            0x080056a9   Thumb Code     2  os_cpu_c.o(.text)
    OSTimeTickHook                           0x080056ab   Thumb Code     2  os_cpu_c.o(.text)
    OSTaskReturnHook                         0x080056ad   Thumb Code     2  os_cpu_c.o(.text)
    OS_CPU_SR_Save                           0x080056b1   Thumb Code     0  os_cpu_a.o(.text)
    OS_CPU_SR_Restore                        0x080056b9   Thumb Code     0  os_cpu_a.o(.text)
    OSStartHighRdy                           0x080056bf   Thumb Code     0  os_cpu_a.o(.text)
    OSCtxSw                                  0x080056e1   Thumb Code     0  os_cpu_a.o(.text)
    OSIntCtxSw                               0x080056ef   Thumb Code     0  os_cpu_a.o(.text)
    PendSV_Handler                           0x080056ff   Thumb Code     0  os_cpu_a.o(.text)
    __use_no_semihosting                     0x08005765   Thumb Code     2  use_no_semi_2.o(.text)
    __aeabi_uldivmod                         0x08005767   Thumb Code     0  lludivv7m.o(.text)
    _ll_udiv                                 0x08005767   Thumb Code   238  lludivv7m.o(.text)
    __aeabi_ldivmod                          0x08005855   Thumb Code     0  llsdiv.o(.text)
    _ll_sdiv                                 0x08005855   Thumb Code    72  llsdiv.o(.text)
    __2printf                                0x0800589d   Thumb Code    20  noretval__2printf.o(.text)
    __2sprintf                               0x080058b5   Thumb Code    34  noretval__2sprintf.o(.text)
    __2snprintf                              0x080058dd   Thumb Code    48  noretval__2snprintf.o(.text)
    _printf_pre_padding                      0x08005911   Thumb Code    44  _printf_pad.o(.text)
    _printf_post_padding                     0x0800593d   Thumb Code    34  _printf_pad.o(.text)
    _printf_str                              0x0800595f   Thumb Code    82  _printf_str.o(.text)
    _printf_int_dec                          0x080059b1   Thumb Code   104  _printf_dec.o(.text)
    _printf_int_hex                          0x08005a29   Thumb Code    84  _printf_hex_int.o(.text)
    _printf_longlong_hex                     0x08005a29   Thumb Code     0  _printf_hex_int.o(.text)
    __printf                                 0x08005a81   Thumb Code   388  __printf_flags_ss_wp.o(.text)
    atoi                                     0x08005c09   Thumb Code    26  atoi.o(.text)
    atoll                                    0x08005c23   Thumb Code    26  atoll.o(.text)
    srand                                    0x08005c3d   Thumb Code    42  rand.o(.text)
    _rand_init                               0x08005c67   Thumb Code     4  rand.o(.text)
    strstr                                   0x08005c79   Thumb Code    36  strstr.o(.text)
    strrchr                                  0x08005c9d   Thumb Code    22  strrchr.o(.text)
    strlen                                   0x08005cb3   Thumb Code    62  strlen.o(.text)
    strcat                                   0x08005cf1   Thumb Code    24  strcat.o(.text)
    __aeabi_memcpy                           0x08005d09   Thumb Code     0  rt_memcpy_v6.o(.text)
    __rt_memcpy                              0x08005d09   Thumb Code   138  rt_memcpy_v6.o(.text)
    _memcpy_lastbytes                        0x08005d6f   Thumb Code     0  rt_memcpy_v6.o(.text)
    __aeabi_memcpy4                          0x08005d93   Thumb Code     0  rt_memcpy_w.o(.text)
    __aeabi_memcpy8                          0x08005d93   Thumb Code     0  rt_memcpy_w.o(.text)
    __rt_memcpy_w                            0x08005d93   Thumb Code   100  rt_memcpy_w.o(.text)
    _memcpy_lastbytes_aligned                0x08005ddb   Thumb Code     0  rt_memcpy_w.o(.text)
    __aeabi_memset                           0x08005df7   Thumb Code    16  aeabi_memset.o(.text)
    __aeabi_memclr                           0x08005e07   Thumb Code     0  rt_memclr.o(.text)
    __rt_memclr                              0x08005e07   Thumb Code    68  rt_memclr.o(.text)
    _memset                                  0x08005e0b   Thumb Code     0  rt_memclr.o(.text)
    __aeabi_memclr4                          0x08005e4b   Thumb Code     0  rt_memclr_w.o(.text)
    __aeabi_memclr8                          0x08005e4b   Thumb Code     0  rt_memclr_w.o(.text)
    __rt_memclr_w                            0x08005e4b   Thumb Code    78  rt_memclr_w.o(.text)
    _memset_w                                0x08005e4f   Thumb Code     0  rt_memclr_w.o(.text)
    strcmp                                   0x08005e99   Thumb Code   128  strcmpv7m.o(.text)
    __use_two_region_memory                  0x08005f19   Thumb Code     2  heapauxi.o(.text)
    __rt_heap_escrow$2region                 0x08005f1b   Thumb Code     2  heapauxi.o(.text)
    __rt_heap_expand$2region                 0x08005f1d   Thumb Code     2  heapauxi.o(.text)
    __I$use$semihosting                      0x08005f1f   Thumb Code     0  use_no_semi.o(.text)
    __use_no_semihosting_swi                 0x08005f1f   Thumb Code     2  use_no_semi.o(.text)
    __aeabi_errno_addr                       0x08005f21   Thumb Code     8  rt_errno_addr_intlibspace.o(.text)
    __errno$intlibspace                      0x08005f21   Thumb Code     0  rt_errno_addr_intlibspace.o(.text)
    __rt_errno_addr$intlibspace              0x08005f21   Thumb Code     0  rt_errno_addr_intlibspace.o(.text)
    _printf_int_common                       0x08005f29   Thumb Code   178  _printf_intcommon.o(.text)
    _printf_char_common                      0x08005fe7   Thumb Code    32  _printf_char_common.o(.text)
    _sputc                                   0x0800600d   Thumb Code    10  _sputc.o(.text)
    _snputc                                  0x08006017   Thumb Code    16  _snputc.o(.text)
    _printf_cs_common                        0x08006027   Thumb Code    20  _printf_char.o(.text)
    _printf_char                             0x0800603b   Thumb Code    16  _printf_char.o(.text)
    _printf_string                           0x0800604b   Thumb Code     8  _printf_char.o(.text)
    _printf_char_file                        0x08006055   Thumb Code    32  _printf_char_file.o(.text)
    strtol                                   0x08006079   Thumb Code   112  strtol.o(.text)
    __strtoll                                0x080060e9   Thumb Code   144  __strtoll.o(.text)
    __user_libspace                          0x08006179   Thumb Code     8  libspace.o(.text)
    __user_perproc_libspace                  0x08006179   Thumb Code     0  libspace.o(.text)
    __user_perthread_libspace                0x08006179   Thumb Code     0  libspace.o(.text)
    __rt_ctype_table                         0x08006181   Thumb Code    16  rt_ctype_table.o(.text)
    _strtoul                                 0x08006191   Thumb Code   158  _strtoul.o(.text)
    _strtoull                                0x0800622f   Thumb Code   194  _strtoull.o(.text)
    ferror                                   0x080062f1   Thumb Code     8  ferror.o(.text)
    __user_setup_stackheap                   0x080062f9   Thumb Code    74  sys_stackheap_outer.o(.text)
    __rt_locale                              0x08006345   Thumb Code     8  rt_locale_intlibspace.o(.text)
    _chval                                   0x0800634d   Thumb Code    28  _chval.o(.text)
    exit                                     0x08006369   Thumb Code    12  exit.o(.text)
    _is_digit                                0x08006375   Thumb Code    14  __printf_wp.o(i._is_digit)
    copy_user_config                         0x08006385   Thumb Code   134  qxwz_rtcm.o(i.copy_user_config)
    getServerTimestamp                       0x08006421   Thumb Code    82  qxwz_webservice.o(i.getServerTimestamp)
    get_gga_send_glag                        0x0800648d   Thumb Code     8  ntrip.o(i.get_gga_send_glag)
    get_httprequest_flag                     0x08006499   Thumb Code     6  httprequest.o(i.get_httprequest_flag)
    get_httprequest_retry_cb                 0x080064a5   Thumb Code     6  httprequest.o(i.get_httprequest_retry_cb)
    get_ntrip_connect_status                 0x080064b1   Thumb Code     8  ntrip.o(i.get_ntrip_connect_status)
    get_ntrip_header_send_flag               0x080064bd   Thumb Code     8  ntrip.o(i.get_ntrip_header_send_flag)
    get_qxwz_config                          0x080064c9   Thumb Code     4  qxwz_rtcm.o(i.get_qxwz_config)
    get_sdk_timestamp                        0x080064d1   Thumb Code     4  qxwz_rtcm.o(i.get_sdk_timestamp)
    get_soc_close_status                     0x080064d9   Thumb Code     8  qxwz_socket.o(i.get_soc_close_status)
    getqxwzAccount                           0x080064e5   Thumb Code    16  qxwz_rtcm.o(i.getqxwzAccount)
    isc_hmacsha384_init                      0x080064fd   Thumb Code   120  sha384.o(i.isc_hmacsha384_init)
    isc_hmacsha384_sign                      0x08006575   Thumb Code   110  sha384.o(i.isc_hmacsha384_sign)
    isc_hmacsha384_update                    0x080065e3   Thumb Code    20  sha384.o(i.isc_hmacsha384_update)
    isc_sha384_final                         0x080065f9   Thumb Code   174  sha384.o(i.isc_sha384_final)
    isc_sha384_init                          0x080066ad   Thumb Code    42  sha384.o(i.isc_sha384_init)
    isc_sha384_update                        0x080066dd   Thumb Code    20  sha384.o(i.isc_sha384_update)
    isc_sha512_last                          0x080066f1   Thumb Code   378  sha384.o(i.isc_sha512_last)
    isc_sha512_transform                     0x08006871   Thumb Code  9346  sha384.o(i.isc_sha512_transform)
    isc_sha512_update                        0x08008cf3   Thumb Code   344  sha384.o(i.isc_sha512_update)
    makekvpair                               0x08008e4b   Thumb Code    16  httprequest.o(i.makekvpair)
    qxwz_api_sign                            0x08008f29   Thumb Code   210  qxwz_webservice.o(i.qxwz_api_sign)
    qxwz_getbody                             0x08009009   Thumb Code    58  qxwz_rtcm.o(i.qxwz_getbody)
    qxwz_getservertimestampcallback          0x08009051   Thumb Code   234  qxwz_rtcm.o(i.qxwz_getservertimestampcallback)
    qxwz_http_cache_requestbody              0x08009209   Thumb Code   118  httprequest.o(i.qxwz_http_cache_requestbody)
    qxwz_http_querystring                    0x080092d9   Thumb Code    94  httprequest.o(i.qxwz_http_querystring)
    qxwz_http_request                        0x08009341   Thumb Code   612  httprequest.o(i.qxwz_http_request)
    qxwz_json_readvalue                      0x0800970d   Thumb Code   152  util.o(i.qxwz_json_readvalue)
    qxwz_ntrip_disconnect                    0x08009ae1   Thumb Code    54  ntrip.o(i.qxwz_ntrip_disconnect)
    qxwz_ntrip_on_data_received              0x08009ea9   Thumb Code   250  ntrip.o(i.qxwz_ntrip_on_data_received)
    qxwz_ntrip_send_gga                      0x0800a061   Thumb Code    12  ntrip.o(i.qxwz_ntrip_send_gga)
    qxwz_ntrip_start                         0x0800a3fd   Thumb Code    36  ntrip.o(i.qxwz_ntrip_start)
    qxwz_ntrip_stop                          0x0800a429   Thumb Code    42  ntrip.o(i.qxwz_ntrip_stop)
    qxwz_ntrip_tick                          0x0800a459   Thumb Code   238  ntrip.o(i.qxwz_ntrip_tick)
    qxwz_on_soc_data_received                0x0800a5f1   Thumb Code   154  qxwz_socket.o(i.qxwz_on_soc_data_received)
    qxwz_prefs_flags_get                     0x0800a6f1   Thumb Code     6  prefs.o(i.qxwz_prefs_flags_get)
    qxwz_rtcm_authenticate                   0x0800a6fd   Thumb Code   112  qxwz_rtcm.o(i.qxwz_rtcm_authenticate)
    qxwz_rtcm_authenticate_callback          0x0800a7d5   Thumb Code  2160  qxwz_rtcm.o(i.qxwz_rtcm_authenticate_callback)
    qxwz_rtcm_connectntrip                   0x0800b1b9   Thumb Code    66  qxwz_rtcm.o(i.qxwz_rtcm_connectntrip)
    qxwz_rtcm_getservertimestamp             0x0800b229   Thumb Code    74  qxwz_rtcm.o(i.qxwz_rtcm_getservertimestamp)
    qxwz_rtcm_ntrip_callback                 0x0800b2cd   Thumb Code   130  qxwz_rtcm.o(i.qxwz_rtcm_ntrip_callback)
    qxwz_rtcm_ntrip_status_callback          0x0800b3b9   Thumb Code   166  qxwz_rtcm.o(i.qxwz_rtcm_ntrip_status_callback)
    qxwz_rtcm_readvalue                      0x0800b4c9   Thumb Code    46  qxwz_rtcm.o(i.qxwz_rtcm_readvalue)
    qxwz_sdk_get_ntrip_host                  0x0800b4f9   Thumb Code    18  sdk.o(i.qxwz_sdk_get_ntrip_host)
    qxwz_sdk_get_open_api_host               0x0800b535   Thumb Code    18  sdk.o(i.qxwz_sdk_get_open_api_host)
    qxwz_send_gga                            0x0800b571   Thumb Code   140  qxwz_rtcm.o(i.qxwz_send_gga)
    qxwz_setting                             0x0800b659   Thumb Code   486  qxwz_rtcm.o(i.qxwz_setting)
    qxwz_sign_sha384                         0x0800b95d   Thumb Code    98  sha384.o(i.qxwz_sign_sha384)
    qxwz_soc_close_complete                  0x0800b9c9   Thumb Code    20  qxwz_socket.o(i.qxwz_soc_close_complete)
    qxwz_soc_connect_complete                0x0800b9e1   Thumb Code   258  qxwz_socket.o(i.qxwz_soc_connect_complete)
    qxwz_soc_error                           0x0800bbb5   Thumb Code   102  qxwz_socket.o(i.qxwz_soc_error)
    qxwz_soc_local_close                     0x0800bc71   Thumb Code    36  qxwz_socket.o(i.qxwz_soc_local_close)
    qxwz_soc_local_connect                   0x0800bc99   Thumb Code    46  qxwz_socket.o(i.qxwz_soc_local_connect)
    qxwz_soc_send_complete                   0x0800bccd   Thumb Code   336  qxwz_socket.o(i.qxwz_soc_send_complete)
    qxwz_start                               0x0800bef5   Thumb Code   162  qxwz_rtcm.o(i.qxwz_start)
    qxwz_tick                                0x0800c031   Thumb Code    24  qxwz_rtcm.o(i.qxwz_tick)
    qxwz_trim                                0x0800c04d   Thumb Code   100  util.o(i.qxwz_trim)
    qxwz_util_make_json_key                  0x0800c0b1   Thumb Code    62  util.o(i.qxwz_util_make_json_key)
    qxwz_webservice_authenticate             0x0800c0f9   Thumb Code   356  qxwz_webservice.o(i.qxwz_webservice_authenticate)
    rtcm_callnextsetp_method                 0x0800c335   Thumb Code    18  qxwz_rtcm.o(i.rtcm_callnextsetp_method)
    set_gga_send_flag                        0x0800c34d   Thumb Code     6  ntrip.o(i.set_gga_send_flag)
    set_httprequest_flag                     0x0800c359   Thumb Code     6  httprequest.o(i.set_httprequest_flag)
    set_ntrip_connect_status                 0x0800c365   Thumb Code    22  ntrip.o(i.set_ntrip_connect_status)
    set_ntrip_connecting_flag                0x0800c381   Thumb Code    12  ntrip.o(i.set_ntrip_connecting_flag)
    set_ntrip_header_send_flag               0x0800c391   Thumb Code     6  ntrip.o(i.set_ntrip_header_send_flag)
    socket_getcallback                       0x0800c39d   Thumb Code    98  qxwz_socket.o(i.socket_getcallback)
    socket_push_callback                     0x0800c45d   Thumb Code    10  qxwz_socket.o(i.socket_push_callback)
    socket_remove_callback                   0x0800c46d   Thumb Code    26  qxwz_socket.o(i.socket_remove_callback)
    socket_tick                              0x0800c48d   Thumb Code   478  qxwz_socket.o(i.socket_tick)
    string_indexOf                           0x0800c775   Thumb Code    28  util.o(i.string_indexOf)
    string_substring                         0x0800c791   Thumb Code    70  util.o(i.string_substring)
    url_config                               0x0800c7d9   Thumb Code   132  qxwz_webservice.o(i.url_config)
    url_encode                               0x0800c87d   Thumb Code   122  util.o(i.url_encode)
    _get_lc_ctype                            0x0800c8fd   Thumb Code    44  lc_ctype_c.o(locale$$code)
    OSUnMapTbl                               0x0800c98c   Data         256  os_core.o(.constdata)
    QXWZ_RTCM_NOSTART                        0x0800ca8c   Data           1  qxwz_rtcm.o(.constdata)
    QXWZ_RTCM_SETTING                        0x0800ca8d   Data           1  qxwz_rtcm.o(.constdata)
    QXWZ_RTCM_START                          0x0800ca8e   Data           1  qxwz_rtcm.o(.constdata)
    Region$$Table$$Base                      0x0800d30c   Number         0  anon$$obj.o(Region$$Table)
    Region$$Table$$Limit                     0x0800d32c   Number         0  anon$$obj.o(Region$$Table)
    __ctype                                  0x0800d339   Data           0  lc_ctype_c.o(locale$$data)
    exitble                                  0x20000000   Data           4  stm32f10x_it.o(.data)
    SystemCoreClock                          0x20000004   Data           4  system_stm32f10x.o(.data)
    AHBPrescTable                            0x20000008   Data          16  system_stm32f10x.o(.data)
    USE_USART                                0x2000001c   Data           1  usart.o(.data)
    __stdout                                 0x20000020   Data           4  usart.o(.data)
    recv_IIII_cnt                            0x20000028   Data           1  socket.o(.data)
    recv_CLOSED_cnt                          0x20000029   Data           1  socket.o(.data)
    timer_cnt                                0x2000002c   Data           4  socket.o(.data)
    uart_irq_time_need                       0x20000030   Data           4  socket.o(.data)
    ggastring                                0x20000050   Data           4  main.o(.data)
    OSCtxSwCtr                               0x20000070   Data           4  os_core.o(.data)
    OSEventFreeList                          0x20000074   Data           4  os_core.o(.data)
    OSFlagFreeList                           0x20000078   Data           4  os_core.o(.data)
    OSCPUUsage                               0x2000007c   Data           1  os_core.o(.data)
    OSIdleCtrMax                             0x20000080   Data           4  os_core.o(.data)
    OSIdleCtrRun                             0x20000084   Data           4  os_core.o(.data)
    OSStatRdy                                0x20000088   Data           1  os_core.o(.data)
    OSIntNesting                             0x20000089   Data           1  os_core.o(.data)
    OSLockNesting                            0x2000008a   Data           1  os_core.o(.data)
    OSPrioCur                                0x2000008b   Data           1  os_core.o(.data)
    OSPrioHighRdy                            0x2000008c   Data           1  os_core.o(.data)
    OSRdyGrp                                 0x2000008d   Data           1  os_core.o(.data)
    OSRdyTbl                                 0x2000008e   Data           8  os_core.o(.data)
    OSRunning                                0x20000096   Data           1  os_core.o(.data)
    OSTaskCtr                                0x20000097   Data           1  os_core.o(.data)
    OSIdleCtr                                0x20000098   Data           4  os_core.o(.data)
    OSTCBCur                                 0x2000009c   Data           4  os_core.o(.data)
    OSTCBFreeList                            0x200000a0   Data           4  os_core.o(.data)
    OSTCBHighRdy                             0x200000a4   Data           4  os_core.o(.data)
    OSTCBList                                0x200000a8   Data           4  os_core.o(.data)
    OSTickStepState                          0x200000ac   Data           1  os_core.o(.data)
    OSQFreeList                              0x200000b0   Data           4  os_core.o(.data)
    OSTime                                   0x200000b4   Data           4  os_core.o(.data)
    qxwz_prefs_flags                         0x200000b8   Data           4  prefs.o(.data)
    qxwz_current_time                        0x200000c4   Data           4  qxwz_rtcm.o(.data)
    qxwz_last_send_gga_time                  0x200000c8   Data           4  qxwz_rtcm.o(.data)
    qxwz_last_ntrip_send_gga_time            0x200000cc   Data           4  qxwz_rtcm.o(.data)
    qxwz_is_data_received                    0x200000d0   Data           1  qxwz_rtcm.o(.data)
    qxwz_ICY_received                        0x200000d1   Data           1  qxwz_rtcm.o(.data)
    nextstep                                 0x200000d4   Data           4  qxwz_rtcm.o(.data)
    qxwz_rtcm_flag                           0x200000d8   Data           1  qxwz_rtcm.o(.data)
    qxwz_ntrip_callback                      0x200000dc   Data           8  qxwz_rtcm.o(.data)
    socket_data                              0x200000e4   Data        2056  qxwz_socket.o(.data)
    sendLength                               0x200008f0   Data           4  qxwz_socket.o(.data)
    client_info                              0x2000090c   Data           4  ntrip.o(.data)
    qxwz_webservice_auth_path                0x20000918   Data           4  qxwz_webservice.o(.data)
    USART1_MESSG                             0x20000934   Data         516  usart.o(.bss)
    USART2_MESSG                             0x20000b38   Data         516  usart.o(.bss)
    USART3_MESSG                             0x20000d3c   Data         516  usart.o(.bss)
    UART4_MESSG                              0x20000f40   Data         516  usart.o(.bss)
    UART5_MESSG                              0x20001144   Data         516  usart.o(.bss)
    config                                   0x20001b7c   Data          16  ef_qx.o(.bss)
    QIAN_XUN                                 0x20001b8c   Data         160  ef_qx.o(.bss)
    START_TASK_STK                           0x20001c2c   Data         256  main.o(.bss)
    LED0_TASK_STK                            0x20001d2c   Data        2048  main.o(.bss)
    SENDGGA_TASK_STK                         0x2000252c   Data        2048  main.o(.bss)
    RTCM_TASK_STK                            0x20002d2c   Data        8192  main.o(.bss)
    OSEventTbl                               0x20004d2c   Data         200  os_core.o(.bss)
    OSFlagTbl                                0x20004df4   Data          80  os_core.o(.bss)
    OSTaskStatStk                            0x20004e44   Data         512  os_core.o(.bss)
    OSTaskIdleStk                            0x20005044   Data         512  os_core.o(.bss)
    OSTCBPrioTbl                             0x20005244   Data         256  os_core.o(.bss)
    OSTCBTbl                                 0x20005344   Data        1008  os_core.o(.bss)
    OSQTbl                                   0x20005734   Data         120  os_core.o(.bss)
    g_qxwz_appkey                            0x200057ac   Data         100  qxwz_rtcm.o(.bss)
    g_qxwz_appsecret                         0x20005810   Data         100  qxwz_rtcm.o(.bss)
    g_qxwz_device_ID                         0x20005874   Data         100  qxwz_rtcm.o(.bss)
    g_qxwz_device_Type                       0x200058d8   Data         100  qxwz_rtcm.o(.bss)
    qxwz_rtcm_config                         0x2000593c   Data          16  qxwz_rtcm.o(.bss)
    qxwz_global_cache                        0x20005970   Data        1024  qxwz_rtcm.o(.bss)
    server_timestamp                         0x20005d70   Data          20  qxwz_rtcm.o(.bss)
    qxwz_rtcm_useraccount                    0x20005d84   Data         352  qxwz_rtcm.o(.bss)
    qxwz_rtcm_ntrip_config                   0x20005ee4   Data          36  qxwz_rtcm.o(.bss)
    trackId                                  0x20005f08   Data          30  qxwz_rtcm.o(.bss)
    qxwz_callback_info                       0x20005f28   Data          12  qxwz_socket.o(.bss)
    _random_number_data                      0x20005f58   Data         228  rand.o(.bss)
    __libspace_start                         0x2000603c   Data          96  libspace.o(.bss)
    __temporary_stack_top$libspace           0x2000609c   Data           0  libspace.o(.bss)



==============================================================================

Memory Map of the image

  Image Entry point : 0x080000ed

  Load Region LR_IROM1 (Base: 0x08000000, Size: 0x0000dd70, Max: 0x00040000, ABSOLUTE, COMPRESSED[0x0000d494])

    Execution Region ER_IROM1 (Base: 0x08000000, Size: 0x0000d43c, Max: 0x00040000, ABSOLUTE)

    Base Addr    Size         Type   Attr      Idx    E Section Name        Object

    0x08000000   0x000000ec   Data   RO          142    RESET               startup_stm32f10x_md.o
    0x080000ec   0x00000008   Code   RO         1655  * !!!main             c_w.l(__main.o)
    0x080000f4   0x00000034   Code   RO         1865    !!!scatter          c_w.l(__scatter.o)
    0x08000128   0x0000005a   Code   RO         1863    !!dczerorl2         c_w.l(__dczerorl2.o)
    0x08000182   0x00000002   PAD
    0x08000184   0x0000001c   Code   RO         1867    !!handler_zi        c_w.l(__scatter_zi.o)
    0x080001a0   0x00000000   Code   RO         1621    .ARM.Collect$$_printf_percent$$00000000  c_w.l(_printf_percent.o)
    0x080001a0   0x00000006   Code   RO         1619    .ARM.Collect$$_printf_percent$$00000009  c_w.l(_printf_d.o)
    0x080001a6   0x00000006   Code   RO         1620    .ARM.Collect$$_printf_percent$$0000000A  c_w.l(_printf_u.o)
    0x080001ac   0x00000006   Code   RO         1618    .ARM.Collect$$_printf_percent$$0000000C  c_w.l(_printf_x.o)
    0x080001b2   0x00000006   Code   RO         1617    .ARM.Collect$$_printf_percent$$00000014  c_w.l(_printf_s.o)
    0x080001b8   0x00000004   Code   RO         1681    .ARM.Collect$$_printf_percent$$00000017  c_w.l(_printf_percent_end.o)
    0x080001bc   0x00000002   Code   RO         1794    .ARM.Collect$$libinit$$00000000  c_w.l(libinit.o)
    0x080001be   0x00000000   Code   RO         1687    .ARM.Collect$$libinit$$00000002  c_w.l(libinit2.o)
    0x080001be   0x00000000   Code   RO         1689    .ARM.Collect$$libinit$$00000004  c_w.l(libinit2.o)
    0x080001be   0x00000000   Code   RO         1692    .ARM.Collect$$libinit$$0000000A  c_w.l(libinit2.o)
    0x080001be   0x00000000   Code   RO         1694    .ARM.Collect$$libinit$$0000000C  c_w.l(libinit2.o)
    0x080001be   0x00000004   Code   RO         1695    .ARM.Collect$$libinit$$0000000D  c_w.l(libinit2.o)
    0x080001c2   0x00000000   Code   RO         1696    .ARM.Collect$$libinit$$0000000E  c_w.l(libinit2.o)
    0x080001c2   0x00000006   Code   RO         1697    .ARM.Collect$$libinit$$0000000F  c_w.l(libinit2.o)
    0x080001c8   0x00000000   Code   RO         1699    .ARM.Collect$$libinit$$00000011  c_w.l(libinit2.o)
    0x080001c8   0x0000000c   Code   RO         1700    .ARM.Collect$$libinit$$00000012  c_w.l(libinit2.o)
    0x080001d4   0x00000000   Code   RO         1701    .ARM.Collect$$libinit$$00000013  c_w.l(libinit2.o)
    0x080001d4   0x00000000   Code   RO         1703    .ARM.Collect$$libinit$$00000015  c_w.l(libinit2.o)
    0x080001d4   0x00000000   Code   RO         1705    .ARM.Collect$$libinit$$00000017  c_w.l(libinit2.o)
    0x080001d4   0x00000000   Code   RO         1707    .ARM.Collect$$libinit$$00000019  c_w.l(libinit2.o)
    0x080001d4   0x00000000   Code   RO         1709    .ARM.Collect$$libinit$$0000001B  c_w.l(libinit2.o)
    0x080001d4   0x00000000   Code   RO         1711    .ARM.Collect$$libinit$$0000001D  c_w.l(libinit2.o)
    0x080001d4   0x00000000   Code   RO         1713    .ARM.Collect$$libinit$$0000001F  c_w.l(libinit2.o)
    0x080001d4   0x00000000   Code   RO         1715    .ARM.Collect$$libinit$$00000021  c_w.l(libinit2.o)
    0x080001d4   0x00000000   Code   RO         1717    .ARM.Collect$$libinit$$00000023  c_w.l(libinit2.o)
    0x080001d4   0x00000000   Code   RO         1719    .ARM.Collect$$libinit$$00000025  c_w.l(libinit2.o)
    0x080001d4   0x00000000   Code   RO         1723    .ARM.Collect$$libinit$$0000002C  c_w.l(libinit2.o)
    0x080001d4   0x00000000   Code   RO         1725    .ARM.Collect$$libinit$$0000002E  c_w.l(libinit2.o)
    0x080001d4   0x00000000   Code   RO         1727    .ARM.Collect$$libinit$$00000030  c_w.l(libinit2.o)
    0x080001d4   0x00000000   Code   RO         1729    .ARM.Collect$$libinit$$00000032  c_w.l(libinit2.o)
    0x080001d4   0x00000002   Code   RO         1730    .ARM.Collect$$libinit$$00000033  c_w.l(libinit2.o)
    0x080001d6   0x00000002   Code   RO         1831    .ARM.Collect$$libshutdown$$00000000  c_w.l(libshutdown.o)
    0x080001d8   0x00000000   Code   RO         1848    .ARM.Collect$$libshutdown$$00000003  c_w.l(libshutdown2.o)
    0x080001d8   0x00000000   Code   RO         1851    .ARM.Collect$$libshutdown$$00000006  c_w.l(libshutdown2.o)
    0x080001d8   0x00000000   Code   RO         1854    .ARM.Collect$$libshutdown$$00000009  c_w.l(libshutdown2.o)
    0x080001d8   0x00000000   Code   RO         1856    .ARM.Collect$$libshutdown$$0000000B  c_w.l(libshutdown2.o)
    0x080001d8   0x00000000   Code   RO         1859    .ARM.Collect$$libshutdown$$0000000E  c_w.l(libshutdown2.o)
    0x080001d8   0x00000002   Code   RO         1860    .ARM.Collect$$libshutdown$$0000000F  c_w.l(libshutdown2.o)
    0x080001da   0x00000000   Code   RO         1659    .ARM.Collect$$rtentry$$00000000  c_w.l(__rtentry.o)
    0x080001da   0x00000000   Code   RO         1735    .ARM.Collect$$rtentry$$00000002  c_w.l(__rtentry2.o)
    0x080001da   0x00000006   Code   RO         1747    .ARM.Collect$$rtentry$$00000004  c_w.l(__rtentry4.o)
    0x080001e0   0x00000000   Code   RO         1737    .ARM.Collect$$rtentry$$00000009  c_w.l(__rtentry2.o)
    0x080001e0   0x00000004   Code   RO         1738    .ARM.Collect$$rtentry$$0000000A  c_w.l(__rtentry2.o)
    0x080001e4   0x00000000   Code   RO         1740    .ARM.Collect$$rtentry$$0000000C  c_w.l(__rtentry2.o)
    0x080001e4   0x00000008   Code   RO         1741    .ARM.Collect$$rtentry$$0000000D  c_w.l(__rtentry2.o)
    0x080001ec   0x00000002   Code   RO         1797    .ARM.Collect$$rtexit$$00000000  c_w.l(rtexit.o)
    0x080001ee   0x00000000   Code   RO         1813    .ARM.Collect$$rtexit$$00000002  c_w.l(rtexit2.o)
    0x080001ee   0x00000004   Code   RO         1814    .ARM.Collect$$rtexit$$00000003  c_w.l(rtexit2.o)
    0x080001f2   0x00000006   Code   RO         1815    .ARM.Collect$$rtexit$$00000004  c_w.l(rtexit2.o)
    0x080001f8   0x00000034   Code   RO         1626    .emb_text           c_w.l(rand.o)
    0x0800022c   0x000000a8   Code   RO           17    .text               stm32f10x_it.o
    0x080002d4   0x000001e0   Code   RO          122    .text               system_stm32f10x.o
    0x080004b4   0x00000040   Code   RO          143    .text               startup_stm32f10x_md.o
    0x080004f4   0x00000130   Code   RO          147    .text               delay.o
    0x08000624   0x0000070c   Code   RO          198    .text               usart.o
    0x08000d30   0x0000002c   Code   RO          244    .text               led.o
    0x08000d5c   0x00000a40   Code   RO          259    .text               socket.o
    0x0800179c   0x00000088   Code   RO          305    .text               sim7600.o
    0x08001824   0x00000208   Code   RO          321    .text               ef_qx.o
    0x08001a2c   0x000001dc   Code   RO          339    .text               main.o
    0x08001c08   0x000000dc   Code   RO          366    .text               misc.o
    0x08001ce4   0x0000035c   Code   RO          510    .text               stm32f10x_gpio.o
    0x08002040   0x000003a4   Code   RO          558    .text               stm32f10x_rcc.o
    0x080023e4   0x00000e1a   Code   RO          608    .text               stm32f10x_tim.o
    0x080031fe   0x00000002   PAD
    0x08003200   0x00000408   Code   RO          620    .text               stm32f10x_usart.o
    0x08003608   0x00000890   Code   RO          644    .text               os_core.o
    0x08003e98   0x0000080c   Code   RO          664    .text               os_flag.o
    0x080046a4   0x000005e8   Code   RO          706    .text               os_q.o
    0x08004c8c   0x000007c4   Code   RO          730    .text               os_task.o
    0x08005450   0x000001b0   Code   RO          742    .text               os_time.o
    0x08005600   0x000000ae   Code   RO          760    .text               os_cpu_c.o
    0x080056ae   0x00000002   PAD
    0x080056b0   0x000000b4   Code   RO          782    .text               os_cpu_a.o
    0x08005764   0x00000002   Code   RO         1550    .text               c_w.l(use_no_semi_2.o)
    0x08005766   0x000000ee   Code   RO         1552    .text               c_w.l(lludivv7m.o)
    0x08005854   0x00000048   Code   RO         1554    .text               c_w.l(llsdiv.o)
    0x0800589c   0x00000018   Code   RO         1562    .text               c_w.l(noretval__2printf.o)
    0x080058b4   0x00000028   Code   RO         1564    .text               c_w.l(noretval__2sprintf.o)
    0x080058dc   0x00000034   Code   RO         1566    .text               c_w.l(noretval__2snprintf.o)
    0x08005910   0x0000004e   Code   RO         1570    .text               c_w.l(_printf_pad.o)
    0x0800595e   0x00000052   Code   RO         1572    .text               c_w.l(_printf_str.o)
    0x080059b0   0x00000078   Code   RO         1574    .text               c_w.l(_printf_dec.o)
    0x08005a28   0x00000058   Code   RO         1579    .text               c_w.l(_printf_hex_int.o)
    0x08005a80   0x00000188   Code   RO         1614    .text               c_w.l(__printf_flags_ss_wp.o)
    0x08005c08   0x0000001a   Code   RO         1622    .text               c_w.l(atoi.o)
    0x08005c22   0x0000001a   Code   RO         1624    .text               c_w.l(atoll.o)
    0x08005c3c   0x0000003c   Code   RO         1627    .text               c_w.l(rand.o)
    0x08005c78   0x00000024   Code   RO         1631    .text               c_w.l(strstr.o)
    0x08005c9c   0x00000016   Code   RO         1635    .text               c_w.l(strrchr.o)
    0x08005cb2   0x0000003e   Code   RO         1637    .text               c_w.l(strlen.o)
    0x08005cf0   0x00000018   Code   RO         1639    .text               c_w.l(strcat.o)
    0x08005d08   0x0000008a   Code   RO         1641    .text               c_w.l(rt_memcpy_v6.o)
    0x08005d92   0x00000064   Code   RO         1643    .text               c_w.l(rt_memcpy_w.o)
    0x08005df6   0x00000010   Code   RO         1645    .text               c_w.l(aeabi_memset.o)
    0x08005e06   0x00000044   Code   RO         1647    .text               c_w.l(rt_memclr.o)
    0x08005e4a   0x0000004e   Code   RO         1649    .text               c_w.l(rt_memclr_w.o)
    0x08005e98   0x00000080   Code   RO         1651    .text               c_w.l(strcmpv7m.o)
    0x08005f18   0x00000006   Code   RO         1653    .text               c_w.l(heapauxi.o)
    0x08005f1e   0x00000002   Code   RO         1657    .text               c_w.l(use_no_semi.o)
    0x08005f20   0x00000008   Code   RO         1667    .text               c_w.l(rt_errno_addr_intlibspace.o)
    0x08005f28   0x000000b2   Code   RO         1669    .text               c_w.l(_printf_intcommon.o)
    0x08005fda   0x00000002   PAD
    0x08005fdc   0x00000030   Code   RO         1671    .text               c_w.l(_printf_char_common.o)
    0x0800600c   0x0000000a   Code   RO         1673    .text               c_w.l(_sputc.o)
    0x08006016   0x00000010   Code   RO         1675    .text               c_w.l(_snputc.o)
    0x08006026   0x0000002c   Code   RO         1677    .text               c_w.l(_printf_char.o)
    0x08006052   0x00000002   PAD
    0x08006054   0x00000024   Code   RO         1679    .text               c_w.l(_printf_char_file.o)
    0x08006078   0x00000070   Code   RO         1682    .text               c_w.l(strtol.o)
    0x080060e8   0x00000090   Code   RO         1684    .text               c_w.l(__strtoll.o)
    0x08006178   0x00000008   Code   RO         1731    .text               c_w.l(libspace.o)
    0x08006180   0x00000010   Code   RO         1749    .text               c_w.l(rt_ctype_table.o)
    0x08006190   0x0000009e   Code   RO         1755    .text               c_w.l(_strtoul.o)
    0x0800622e   0x000000c2   Code   RO         1757    .text               c_w.l(_strtoull.o)
    0x080062f0   0x00000008   Code   RO         1759    .text               c_w.l(ferror.o)
    0x080062f8   0x0000004a   Code   RO         1767    .text               c_w.l(sys_stackheap_outer.o)
    0x08006342   0x00000002   PAD
    0x08006344   0x00000008   Code   RO         1772    .text               c_w.l(rt_locale_intlibspace.o)
    0x0800634c   0x0000001c   Code   RO         1774    .text               c_w.l(_chval.o)
    0x08006368   0x0000000c   Code   RO         1779    .text               c_w.l(exit.o)
    0x08006374   0x0000000e   Code   RO         1607    i._is_digit         c_w.l(__printf_wp.o)
    0x08006382   0x00000002   PAD
    0x08006384   0x0000009c   Code   RO          809    i.copy_user_config  rtcm.lib(qxwz_rtcm.o)
    0x08006420   0x0000006c   Code   RO         1304    i.getServerTimestamp  rtcm.lib(qxwz_webservice.o)
    0x0800648c   0x0000000c   Code   RO         1143    i.get_gga_send_glag  rtcm.lib(ntrip.o)
    0x08006498   0x0000000c   Code   RO         1089    i.get_httprequest_flag  rtcm.lib(httprequest.o)
    0x080064a4   0x0000000c   Code   RO         1090    i.get_httprequest_retry_cb  rtcm.lib(httprequest.o)
    0x080064b0   0x0000000c   Code   RO         1144    i.get_ntrip_connect_status  rtcm.lib(ntrip.o)
    0x080064bc   0x0000000c   Code   RO         1145    i.get_ntrip_header_send_flag  rtcm.lib(ntrip.o)
    0x080064c8   0x00000008   Code   RO          810    i.get_qxwz_config   rtcm.lib(qxwz_rtcm.o)
    0x080064d0   0x00000008   Code   RO          811    i.get_sdk_timestamp  rtcm.lib(qxwz_rtcm.o)
    0x080064d8   0x0000000c   Code   RO          985    i.get_soc_close_status  rtcm.lib(qxwz_socket.o)
    0x080064e4   0x00000018   Code   RO          812    i.getqxwzAccount    rtcm.lib(qxwz_rtcm.o)
    0x080064fc   0x00000078   Code   RO         1439    i.isc_hmacsha384_init  rtcm.lib(sha384.o)
    0x08006574   0x0000006e   Code   RO         1441    i.isc_hmacsha384_sign  rtcm.lib(sha384.o)
    0x080065e2   0x00000014   Code   RO         1442    i.isc_hmacsha384_update  rtcm.lib(sha384.o)
    0x080065f6   0x00000002   PAD
    0x080065f8   0x000000b4   Code   RO         1446    i.isc_sha384_final  rtcm.lib(sha384.o)
    0x080066ac   0x00000030   Code   RO         1447    i.isc_sha384_init   rtcm.lib(sha384.o)
    0x080066dc   0x00000014   Code   RO         1448    i.isc_sha384_update  rtcm.lib(sha384.o)
    0x080066f0   0x00000180   Code   RO         1449    i.isc_sha512_last   rtcm.lib(sha384.o)
    0x08006870   0x00002482   Code   RO         1450    i.isc_sha512_transform  rtcm.lib(sha384.o)
    0x08008cf2   0x00000158   Code   RO         1451    i.isc_sha512_update  rtcm.lib(sha384.o)
    0x08008e4a   0x00000010   Code   RO         1091    i.makekvpair        rtcm.lib(httprequest.o)
    0x08008e5a   0x00000002   PAD
    0x08008e5c   0x000000cc   Code   RO         1146    i.ntrip_auth_sign   rtcm.lib(ntrip.o)
    0x08008f28   0x000000e0   Code   RO         1305    i.qxwz_api_sign     rtcm.lib(qxwz_webservice.o)
    0x08009008   0x00000048   Code   RO          813    i.qxwz_getbody      rtcm.lib(qxwz_rtcm.o)
    0x08009050   0x000001b8   Code   RO          814    i.qxwz_getservertimestampcallback  rtcm.lib(qxwz_rtcm.o)
    0x08009208   0x000000d0   Code   RO         1092    i.qxwz_http_cache_requestbody  rtcm.lib(httprequest.o)
    0x080092d8   0x00000068   Code   RO         1093    i.qxwz_http_querystring  rtcm.lib(httprequest.o)
    0x08009340   0x000003cc   Code   RO         1094    i.qxwz_http_request  rtcm.lib(httprequest.o)
    0x0800970c   0x00000098   Code   RO         1367    i.qxwz_json_readvalue  rtcm.lib(util.o)
    0x080097a4   0x00000014   Code   RO         1147    i.qxwz_ntrip_cleanup  rtcm.lib(ntrip.o)
    0x080097b8   0x00000328   Code   RO         1148    i.qxwz_ntrip_connect  rtcm.lib(ntrip.o)
    0x08009ae0   0x00000044   Code   RO         1149    i.qxwz_ntrip_disconnect  rtcm.lib(ntrip.o)
    0x08009b24   0x00000368   Code   RO         1150    i.qxwz_ntrip_handle_data  rtcm.lib(ntrip.o)
    0x08009e8c   0x0000001c   Code   RO         1151    i.qxwz_ntrip_init   rtcm.lib(ntrip.o)
    0x08009ea8   0x00000190   Code   RO         1152    i.qxwz_ntrip_on_data_received  rtcm.lib(ntrip.o)
    0x0800a038   0x00000014   Code   RO         1153    i.qxwz_ntrip_report_diff_data  rtcm.lib(ntrip.o)
    0x0800a04c   0x00000014   Code   RO         1154    i.qxwz_ntrip_report_status  rtcm.lib(ntrip.o)
    0x0800a060   0x0000000c   Code   RO         1155    i.qxwz_ntrip_send_gga  rtcm.lib(ntrip.o)
    0x0800a06c   0x000001b8   Code   RO         1156    i.qxwz_ntrip_send_gga_inner  rtcm.lib(ntrip.o)
    0x0800a224   0x000001d8   Code   RO         1157    i.qxwz_ntrip_send_header  rtcm.lib(ntrip.o)
    0x0800a3fc   0x0000002c   Code   RO         1158    i.qxwz_ntrip_start  rtcm.lib(ntrip.o)
    0x0800a428   0x00000030   Code   RO         1159    i.qxwz_ntrip_stop   rtcm.lib(ntrip.o)
    0x0800a458   0x00000198   Code   RO         1160    i.qxwz_ntrip_tick   rtcm.lib(ntrip.o)
    0x0800a5f0   0x00000100   Code   RO          986    i.qxwz_on_soc_data_received  rtcm.lib(qxwz_socket.o)
    0x0800a6f0   0x0000000c   Code   RO          785    i.qxwz_prefs_flags_get  rtcm.lib(prefs.o)
    0x0800a6fc   0x000000d8   Code   RO          815    i.qxwz_rtcm_authenticate  rtcm.lib(qxwz_rtcm.o)
    0x0800a7d4   0x000009e4   Code   RO          816    i.qxwz_rtcm_authenticate_callback  rtcm.lib(qxwz_rtcm.o)
    0x0800b1b8   0x00000070   Code   RO          817    i.qxwz_rtcm_connectntrip  rtcm.lib(qxwz_rtcm.o)
    0x0800b228   0x000000a4   Code   RO          818    i.qxwz_rtcm_getservertimestamp  rtcm.lib(qxwz_rtcm.o)
    0x0800b2cc   0x000000ec   Code   RO          819    i.qxwz_rtcm_ntrip_callback  rtcm.lib(qxwz_rtcm.o)
    0x0800b3b8   0x00000110   Code   RO          820    i.qxwz_rtcm_ntrip_status_callback  rtcm.lib(qxwz_rtcm.o)
    0x0800b4c8   0x0000002e   Code   RO          821    i.qxwz_rtcm_readvalue  rtcm.lib(qxwz_rtcm.o)
    0x0800b4f6   0x00000002   PAD
    0x0800b4f8   0x0000003c   Code   RO         1339    i.qxwz_sdk_get_ntrip_host  rtcm.lib(sdk.o)
    0x0800b534   0x0000003c   Code   RO         1340    i.qxwz_sdk_get_open_api_host  rtcm.lib(sdk.o)
    0x0800b570   0x000000e8   Code   RO          822    i.qxwz_send_gga     rtcm.lib(qxwz_rtcm.o)
    0x0800b658   0x00000304   Code   RO          823    i.qxwz_setting      rtcm.lib(qxwz_rtcm.o)
    0x0800b95c   0x0000006c   Code   RO         1453    i.qxwz_sign_sha384  rtcm.lib(sha384.o)
    0x0800b9c8   0x00000018   Code   RO          987    i.qxwz_soc_close_complete  rtcm.lib(qxwz_socket.o)
    0x0800b9e0   0x000001d4   Code   RO          988    i.qxwz_soc_connect_complete  rtcm.lib(qxwz_socket.o)
    0x0800bbb4   0x000000bc   Code   RO          989    i.qxwz_soc_error    rtcm.lib(qxwz_socket.o)
    0x0800bc70   0x00000028   Code   RO          990    i.qxwz_soc_local_close  rtcm.lib(qxwz_socket.o)
    0x0800bc98   0x00000034   Code   RO          991    i.qxwz_soc_local_connect  rtcm.lib(qxwz_socket.o)
    0x0800bccc   0x00000228   Code   RO          992    i.qxwz_soc_send_complete  rtcm.lib(qxwz_socket.o)
    0x0800bef4   0x0000013c   Code   RO          824    i.qxwz_start        rtcm.lib(qxwz_rtcm.o)
    0x0800c030   0x0000001c   Code   RO          826    i.qxwz_tick         rtcm.lib(qxwz_rtcm.o)
    0x0800c04c   0x00000064   Code   RO         1369    i.qxwz_trim         rtcm.lib(util.o)
    0x0800c0b0   0x00000048   Code   RO         1370    i.qxwz_util_make_json_key  rtcm.lib(util.o)
    0x0800c0f8   0x0000023c   Code   RO         1306    i.qxwz_webservice_authenticate  rtcm.lib(qxwz_webservice.o)
    0x0800c334   0x00000018   Code   RO          827    i.rtcm_callnextsetp_method  rtcm.lib(qxwz_rtcm.o)
    0x0800c34c   0x0000000c   Code   RO         1161    i.set_gga_send_flag  rtcm.lib(ntrip.o)
    0x0800c358   0x0000000c   Code   RO         1095    i.set_httprequest_flag  rtcm.lib(httprequest.o)
    0x0800c364   0x0000001c   Code   RO         1162    i.set_ntrip_connect_status  rtcm.lib(ntrip.o)
    0x0800c380   0x00000010   Code   RO         1163    i.set_ntrip_connecting_flag  rtcm.lib(ntrip.o)
    0x0800c390   0x0000000c   Code   RO         1164    i.set_ntrip_header_send_flag  rtcm.lib(ntrip.o)
    0x0800c39c   0x000000c0   Code   RO          994    i.socket_getcallback  rtcm.lib(qxwz_socket.o)
    0x0800c45c   0x00000010   Code   RO          995    i.socket_push_callback  rtcm.lib(qxwz_socket.o)
    0x0800c46c   0x00000020   Code   RO          996    i.socket_remove_callback  rtcm.lib(qxwz_socket.o)
    0x0800c48c   0x000002e8   Code   RO          997    i.socket_tick       rtcm.lib(qxwz_socket.o)
    0x0800c774   0x0000001c   Code   RO         1371    i.string_indexOf    rtcm.lib(util.o)
    0x0800c790   0x00000046   Code   RO         1372    i.string_substring  rtcm.lib(util.o)
    0x0800c7d6   0x00000002   PAD
    0x0800c7d8   0x000000a4   Code   RO         1307    i.url_config        rtcm.lib(qxwz_webservice.o)
    0x0800c87c   0x00000080   Code   RO         1374    i.url_encode        rtcm.lib(util.o)
    0x0800c8fc   0x0000002c   Code   RO         1777    locale$$code        c_w.l(lc_ctype_c.o)
    0x0800c928   0x00000064   Data   RO          200    .constdata          usart.o
    0x0800c98c   0x00000100   Data   RO          646    .constdata          os_core.o
    0x0800ca8c   0x000000e0   Data   RO          829    .constdata          rtcm.lib(qxwz_rtcm.o)
    0x0800cb6c   0x00000079   Data   RO          999    .constdata          rtcm.lib(qxwz_socket.o)
    0x0800cbe5   0x00000012   Data   RO         1096    .constdata          rtcm.lib(httprequest.o)
    0x0800cbf7   0x00000097   Data   RO         1166    .constdata          rtcm.lib(ntrip.o)
    0x0800cc8e   0x0000001d   Data   RO         1308    .constdata          rtcm.lib(qxwz_webservice.o)
    0x0800ccab   0x00000005   PAD
    0x0800ccb0   0x000002c0   Data   RO         1454    .constdata          rtcm.lib(sha384.o)
    0x0800cf70   0x00000028   Data   RO         1580    .constdata          c_w.l(_printf_hex_int.o)
    0x0800cf98   0x00000011   Data   RO         1615    .constdata          c_w.l(__printf_flags_ss_wp.o)
    0x0800cfa9   0x00000003   PAD
    0x0800cfac   0x00000050   Data   RO          341    .conststring        main.o
    0x0800cffc   0x00000048   Data   RO          830    .conststring        rtcm.lib(qxwz_rtcm.o)
    0x0800d044   0x00000041   Data   RO         1000    .conststring        rtcm.lib(qxwz_socket.o)
    0x0800d085   0x00000003   PAD
    0x0800d088   0x000001b7   Data   RO         1167    .conststring        rtcm.lib(ntrip.o)
    0x0800d23f   0x00000001   PAD
    0x0800d240   0x00000086   Data   RO         1309    .conststring        rtcm.lib(qxwz_webservice.o)
    0x0800d2c6   0x00000002   PAD
    0x0800d2c8   0x00000041   Data   RO         1375    .conststring        rtcm.lib(util.o)
    0x0800d309   0x00000003   PAD
    0x0800d30c   0x00000020   Data   RO         1861    Region$$Table       anon$$obj.o
    0x0800d32c   0x00000110   Data   RO         1776    locale$$data        c_w.l(lc_ctype_c.o)


    Execution Region RW_IRAM1 (Base: 0x20000000, Size: 0x000066a0, Max: 0x0000c000, ABSOLUTE, COMPRESSED[0x00000058])

    Base Addr    Size         Type   Attr      Idx    E Section Name        Object

    0x20000000   0x00000004   Data   RW           18    .data               stm32f10x_it.o
    0x20000004   0x00000014   Data   RW          123    .data               system_stm32f10x.o
    0x20000018   0x00000004   Data   RW          148    .data               delay.o
    0x2000001c   0x0000000b   Data   RW          201    .data               usart.o
    0x20000027   0x00000001   PAD
    0x20000028   0x00000028   Data   RW          261    .data               socket.o
    0x20000050   0x0000000c   Data   RW          342    .data               main.o
    0x2000005c   0x00000014   Data   RW          559    .data               stm32f10x_rcc.o
    0x20000070   0x00000048   Data   RW          647    .data               os_core.o
    0x200000b8   0x00000004   Data   RW          787    .data               rtcm.lib(prefs.o)
    0x200000bc   0x00000028   Data   RW          831    .data               rtcm.lib(qxwz_rtcm.o)
    0x200000e4   0x00000810   Data   RW         1001    .data               rtcm.lib(qxwz_socket.o)
    0x200008f4   0x00000005   Data   RW         1097    .data               rtcm.lib(httprequest.o)
    0x200008f9   0x00000003   PAD
    0x200008fc   0x0000001c   Data   RW         1168    .data               rtcm.lib(ntrip.o)
    0x20000918   0x00000004   Data   RW         1310    .data               rtcm.lib(qxwz_webservice.o)
    0x2000091c   0x00000015   Data   RW         1376    .data               rtcm.lib(util.o)
    0x20000931   0x00000003   PAD
    0x20000934   0x00000a14   Zero   RW          199    .bss                usart.o
    0x20001348   0x00000832   Zero   RW          260    .bss                socket.o
    0x20001b7a   0x00000002   PAD
    0x20001b7c   0x000000b0   Zero   RW          322    .bss                ef_qx.o
    0x20001c2c   0x00003100   Zero   RW          340    .bss                main.o
    0x20004d2c   0x00000a80   Zero   RW          645    .bss                os_core.o
    0x200057ac   0x0000077a   Zero   RW          828    .bss                rtcm.lib(qxwz_rtcm.o)
    0x20005f26   0x00000002   PAD
    0x20005f28   0x0000000c   Zero   RW          998    .bss                rtcm.lib(qxwz_socket.o)
    0x20005f34   0x00000024   Zero   RW         1165    .bss                rtcm.lib(ntrip.o)
    0x20005f58   0x000000e4   Zero   RW         1628    .bss                c_w.l(rand.o)
    0x2000603c   0x00000060   Zero   RW         1732    .bss                c_w.l(libspace.o)
    0x2000609c   0x00000004   PAD
    0x200060a0   0x00000200   Zero   RW          141    HEAP                startup_stm32f10x_md.o
    0x200062a0   0x00000400   Zero   RW          140    STACK               startup_stm32f10x_md.o


==============================================================================

Image component sizes


      Code (inc. data)   RO Data    RW Data    ZI Data      Debug   Object Name

         0          0          0          0          0       4524   core_cm3.o
       304         24          0          4          0      10374   delay.o
       520        132          0          0        176       2837   ef_qx.o
        44          4          0          0          0        443   led.o
       476         94         80         12      12544       2223   main.o
       220         22          0          0          0       1785   misc.o
      2192        218        256         72       2688      14679   os_core.o
       180         36          0          0          0        292   os_cpu_a.o
       174          0          0          0          0      10246   os_cpu_c.o
      2060         42          0          0          0       6708   os_flag.o
      1512         30          0          0          0       5437   os_q.o
      1988         70          0          0          0       7373   os_task.o
       432         30          0          0          0       1734   os_time.o
       136          4          0          0          0        525   sim7600.o
      2624        888          0         40       2098      10345   socket.o
        64         26        236          0       1536        760   startup_stm32f10x_md.o
       860         38          0          0          0       5625   stm32f10x_gpio.o
       168         14          0          4          0     259353   stm32f10x_it.o
       932         36          0         20          0       8772   stm32f10x_rcc.o
      3610         88          0          0          0      22116   stm32f10x_tim.o
      1032         22          0          0          0       8356   stm32f10x_usart.o
       480         38          0         20          0       1679   system_stm32f10x.o
      1804         78        100         11       2580       8842   usart.o

    ----------------------------------------------------------------------
     21816       1934        704        184      21624     395028   Object Totals
         0          0         32          0          0          0   (incl. Generated)
         4          0          0          1          2          0   (incl. Padding)

    ----------------------------------------------------------------------

      Code (inc. data)   RO Data    RW Data    ZI Data      Debug   Library Member Name

        90          0          0          0          0          0   __dczerorl2.o
         8          0          0          0          0         68   __main.o
       392          4         17          0          0         92   __printf_flags_ss_wp.o
        14          0          0          0          0         68   __printf_wp.o
         0          0          0          0          0          0   __rtentry.o
        12          0          0          0          0          0   __rtentry2.o
         6          0          0          0          0          0   __rtentry4.o
        52          8          0          0          0          0   __scatter.o
        28          0          0          0          0          0   __scatter_zi.o
       144          0          0          0          0         88   __strtoll.o
        28          0          0          0          0         68   _chval.o
        44          0          0          0          0        108   _printf_char.o
        48          6          0          0          0         96   _printf_char_common.o
        36          4          0          0          0         80   _printf_char_file.o
         6          0          0          0          0          0   _printf_d.o
       120         16          0          0          0         92   _printf_dec.o
        88          4         40          0          0         88   _printf_hex_int.o
       178          0          0          0          0         88   _printf_intcommon.o
        78          0          0          0          0        108   _printf_pad.o
         0          0          0          0          0          0   _printf_percent.o
         4          0          0          0          0          0   _printf_percent_end.o
         6          0          0          0          0          0   _printf_s.o
        82          0          0          0          0         80   _printf_str.o
         6          0          0          0          0          0   _printf_u.o
         6          0          0          0          0          0   _printf_x.o
        16          0          0          0          0         68   _snputc.o
        10          0          0          0          0         68   _sputc.o
       158          0          0          0          0         92   _strtoul.o
       194          0          0          0          0         96   _strtoull.o
        16          0          0          0          0         68   aeabi_memset.o
        26          0          0          0          0         80   atoi.o
        26          0          0          0          0         80   atoll.o
        12          0          0          0          0         72   exit.o
         8          0          0          0          0         68   ferror.o
         6          0          0          0          0        152   heapauxi.o
        44         10        272          0          0         76   lc_ctype_c.o
         2          0          0          0          0          0   libinit.o
        24          0          0          0          0          0   libinit2.o
         2          0          0          0          0          0   libshutdown.o
         2          0          0          0          0          0   libshutdown2.o
         8          4          0          0         96         68   libspace.o
        72          0          0          0          0         76   llsdiv.o
       238          0          0          0          0        100   lludivv7m.o
        24          4          0          0          0         84   noretval__2printf.o
        52          4          0          0          0         84   noretval__2snprintf.o
        40          6          0          0          0         84   noretval__2sprintf.o
       112         18          0          0        228        160   rand.o
        16          4          0          0          0         76   rt_ctype_table.o
         8          4          0          0          0         68   rt_errno_addr_intlibspace.o
         8          4          0          0          0         68   rt_locale_intlibspace.o
        68          0          0          0          0         68   rt_memclr.o
        78          0          0          0          0         80   rt_memclr_w.o
       138          0          0          0          0         68   rt_memcpy_v6.o
       100          0          0          0          0         80   rt_memcpy_w.o
         2          0          0          0          0          0   rtexit.o
        10          0          0          0          0          0   rtexit2.o
        24          0          0          0          0         68   strcat.o
       128          0          0          0          0         68   strcmpv7m.o
        62          0          0          0          0         76   strlen.o
        22          0          0          0          0         68   strrchr.o
        36          0          0          0          0         80   strstr.o
       112          0          0          0          0         88   strtol.o
        74          0          0          0          0         80   sys_stackheap_outer.o
         2          0          0          0          0         68   use_no_semi.o
         2          0          0          0          0         68   use_no_semi_2.o
      1336        478         18          5          0       5220   httprequest.o
      3968       1452        590         28         36      16494   ntrip.o
        12          6          0          4          0       1118   prefs.o
      5658       2064        296         40       1914      25890   qxwz_rtcm.o
      2576       1004        186       2064         12      11155   qxwz_socket.o
      1068        288        163          4          0       3869   qxwz_webservice.o
       120         84          0          0          0       1007   sdk.o
     10680         76        704          0          0      13273   sha384.o
       550         16         65         21          0       6382   util.o

    ----------------------------------------------------------------------
     29444       5568       2368       2172       2292      88280   Library Totals
        18          0         17          6          6          0   (incl. Padding)

    ----------------------------------------------------------------------

      Code (inc. data)   RO Data    RW Data    ZI Data      Debug   Library Name

      3458        100        329          0        324       3872   c_w.l
     25968       5468       2022       2166       1962      84408   rtcm.lib

    ----------------------------------------------------------------------
     29444       5568       2368       2172       2292      88280   Library Totals

    ----------------------------------------------------------------------

==============================================================================


      Code (inc. data)   RO Data    RW Data    ZI Data      Debug   

     51260       7502       3072       2356      23916     474984   Grand Totals
     51260       7502       3072         88      23916     474984   ELF Image Totals (compressed)
     51260       7502       3072         88          0          0   ROM Totals

==============================================================================

    Total RO  Size (Code + RO Data)                54332 (  53.06kB)
    Total RW  Size (RW Data + ZI Data)             26272 (  25.66kB)
    Total ROM Size (Code + RO Data + RW Data)      54420 (  53.14kB)

==============================================================================

