ARM Linker, 5.03 [Build 24] [MDK-ARM Standard]

==============================================================================

Section Cross References

    app.o(.text) refers to led.o(.text) for led_on_off
    app.o(.text) refers to tca62724.o(.text) for Send_Led_Rgb
    app.o(.text) refers to os_time.o(.text) for OSTimeDly
    app.o(.text) refers to os_sem.o(.text) for OSSemPost
    app.o(.text) refers to os_task.o(.text) for OSTaskCreate
    app.o(.text) refers to usart.o(.text) for Usart_init
    app.o(.text) refers to spi.o(.text) for Spi_init
    app.o(.text) refers to iic.o(.text) for IIC_Init
    app.o(.text) refers to dht11.o(.text) for DHT11_Init
    app.o(.text) refers to stm32_eval_spi_sd.o(.text) for SD_Init
    app.o(.text) refers to lcd_driver.o(.text) for LCD_Init
    app.o(.text) refers to gui.o(.text) for gui_circle
    app.o(.text) refers to cpu_core.o(.text) for CPU_Init
    app.o(.text) refers to os_core.o(.text) for OSInit
    app.o(.text) refers to cpu_a.o(.text) for CPU_SR_Save
    app.o(.text) refers to app.o(.bss) for taskSem
    app.o(.text) refers to os_var.o(.data) for OSSchedLockNestingCtr
    system_stm32f10x.o(.text) refers to system_stm32f10x.o(.data) for SystemCoreClock
    startup_stm32f10x_hd.o(STACK) refers (Special) to heapauxi.o(.text) for __use_two_region_memory
    startup_stm32f10x_hd.o(HEAP) refers (Special) to heapauxi.o(.text) for __use_two_region_memory
    startup_stm32f10x_hd.o(RESET) refers (Special) to heapauxi.o(.text) for __use_two_region_memory
    startup_stm32f10x_hd.o(RESET) refers to startup_stm32f10x_hd.o(STACK) for __initial_sp
    startup_stm32f10x_hd.o(RESET) refers to startup_stm32f10x_hd.o(.text) for Reset_Handler
    startup_stm32f10x_hd.o(RESET) refers to stm32f10x_it.o(.text) for NMI_Handler
    startup_stm32f10x_hd.o(RESET) refers to os_cpu_a.o(CODE) for OS_CPU_PendSVHandler
    startup_stm32f10x_hd.o(RESET) refers to os_cpu_c.o(.text) for OS_CPU_SysTickHandler
    startup_stm32f10x_hd.o(RESET) refers to usart.o(.text) for USART1_IRQHandler
    startup_stm32f10x_hd.o(RESET) refers to wifi_esp.o(.text) for USART3_IRQHandler
    startup_stm32f10x_hd.o(.text) refers (Special) to heapauxi.o(.text) for __use_two_region_memory
    startup_stm32f10x_hd.o(.text) refers to system_stm32f10x.o(.text) for SystemInit
    startup_stm32f10x_hd.o(.text) refers to __main.o(!!!main) for __main
    startup_stm32f10x_hd.o(.text) refers to startup_stm32f10x_hd.o(HEAP) for Heap_Mem
    startup_stm32f10x_hd.o(.text) refers to startup_stm32f10x_hd.o(STACK) for Stack_Mem
    main.o(.text) refers to system_stm32f10x.o(.text) for SystemInit
    main.o(.text) refers to init.o(.text) for NVIC_Configuration
    main.o(.text) refers to app.o(.text) for KernelMain
    stm32f10x_adc.o(.text) refers to stm32f10x_rcc.o(.text) for RCC_APB2PeriphResetCmd
    stm32f10x_bkp.o(.text) refers to stm32f10x_rcc.o(.text) for RCC_BackupResetCmd
    stm32f10x_can.o(.text) refers to stm32f10x_rcc.o(.text) for RCC_APB1PeriphResetCmd
    stm32f10x_cec.o(.text) refers to stm32f10x_rcc.o(.text) for RCC_APB1PeriphResetCmd
    stm32f10x_dac.o(.text) refers to stm32f10x_rcc.o(.text) for RCC_APB1PeriphResetCmd
    stm32f10x_gpio.o(.text) refers to stm32f10x_rcc.o(.text) for RCC_APB2PeriphResetCmd
    stm32f10x_i2c.o(.text) refers to stm32f10x_rcc.o(.text) for RCC_APB1PeriphResetCmd
    stm32f10x_pwr.o(.text) refers to stm32f10x_rcc.o(.text) for RCC_APB1PeriphResetCmd
    stm32f10x_rcc.o(.text) refers to stm32f10x_rcc.o(.data) for APBAHBPrescTable
    stm32f10x_spi.o(.text) refers to stm32f10x_rcc.o(.text) for RCC_APB2PeriphResetCmd
    stm32f10x_tim.o(.text) refers to stm32f10x_rcc.o(.text) for RCC_APB2PeriphResetCmd
    stm32f10x_usart.o(.text) refers to stm32f10x_rcc.o(.text) for RCC_APB2PeriphResetCmd
    stm32f10x_wwdg.o(.text) refers to stm32f10x_rcc.o(.text) for RCC_APB1PeriphResetCmd
    cpu_c.o(.text) refers to cpu_a.o(.text) for CPU_SR_Save
    cpu_core.o(.text) refers to cpu_a.o(.text) for CPU_SR_Save
    cpu_core.o(.text) refers to lib_mem.o(.text) for Mem_Clr
    cpu_core.o(.text) refers to init.o(.text) for CPU_TS_TmrInit
    cpu_core.o(.text) refers to lib_str.o(.text) for Str_Copy_N
    cpu_core.o(.text) refers to cpu_core.o(.bss) for CPU_Name
    cpu_core.o(.text) refers to cpu_core.o(.data) for CPU_TS_TmrFreq_Hz
    cpu_core.o(.text) refers to cpu_core.o(.constdata) for CPU_CntLeadZerosTbl
    lib_math.o(.text) refers to cpu_a.o(.text) for CPU_SR_Save
    lib_math.o(.text) refers to lib_math.o(.data) for Math_RandSeedCur
    lib_mem.o(.text) refers to cpu_core.o(.text) for CPU_SW_Exception
    lib_mem.o(.text) refers to cpu_a.o(.text) for CPU_SR_Save
    lib_mem.o(.text) refers to lib_mem.o(.bss) for Mem_PoolHeap
    lib_mem.o(.text) refers to lib_mem.o(.data) for Mem_PoolTbl
    lib_str.o(.text) refers to lib_ascii.o(.text) for ASCII_ToLower
    lib_str.o(.text) refers to lib_str.o(.constdata) for Str_MultOvfThTbl_Int32U
[...]
    GPIO_ReadOutputData                      0x08000dfb   Thumb Code     8  stm32f10x_gpio.o(.text)
    GPIO_SetBits                             0x08000e03   Thumb Code     4  stm32f10x_gpio.o(.text)
    GPIO_ResetBits                           0x08000e07   Thumb Code     4  stm32f10x_gpio.o(.text)
    GPIO_WriteBit                            0x08000e0b   Thumb Code    10  stm32f10x_gpio.o(.text)
    GPIO_Write                               0x08000e15   Thumb Code     4  stm32f10x_gpio.o(.text)
    GPIO_PinLockConfig                       0x08000e19   Thumb Code    18  stm32f10x_gpio.o(.text)
    GPIO_EventOutputConfig                   0x08000e2b   Thumb Code    26  stm32f10x_gpio.o(.text)
    GPIO_EventOutputCmd                      0x08000e45   Thumb Code     6  stm32f10x_gpio.o(.text)
    GPIO_PinRemapConfig                      0x08000e4b   Thumb Code   138  stm32f10x_gpio.o(.text)
    GPIO_EXTILineConfig                      0x08000ed5   Thumb Code    66  stm32f10x_gpio.o(.text)
    GPIO_ETH_MediaInterfaceConfig            0x08000f17   Thumb Code     6  stm32f10x_gpio.o(.text)
    I2C_DeInit                               0x08000f45   Thumb Code    50  stm32f10x_i2c.o(.text)
    I2C_Init                                 0x08000f77   Thumb Code   222  stm32f10x_i2c.o(.text)
    I2C_StructInit                           0x08001055   Thumb Code    30  stm32f10x_i2c.o(.text)
    I2C_Cmd                                  0x08001073   Thumb Code    24  stm32f10x_i2c.o(.text)
    I2C_DMACmd                               0x0800108b   Thumb Code    24  stm32f10x_i2c.o(.text)
    I2C_DMALastTransferCmd                   0x080010a3   Thumb Code    24  stm32f10x_i2c.o(.text)
    I2C_GenerateSTART                        0x080010bb   Thumb Code    24  stm32f10x_i2c.o(.text)
    I2C_GenerateSTOP                         0x080010d3   Thumb Code    24  stm32f10x_i2c.o(.text)
    I2C_AcknowledgeConfig                    0x080010eb   Thumb Code    24  stm32f10x_i2c.o(.text)
    I2C_OwnAddress2Config                    0x08001103   Thumb Code    22  stm32f10x_i2c.o(.text)
    I2C_DualAddressCmd                       0x08001119   Thumb Code    24  stm32f10x_i2c.o(.text)
    I2C_GeneralCallCmd                       0x08001131   Thumb Code    24  stm32f10x_i2c.o(.text)
    I2C_ITConfig                             0x08001149   Thumb Code    18  stm32f10x_i2c.o(.text)
    I2C_SendData                             0x0800115b   Thumb Code     4  stm32f10x_i2c.o(.text)
    I2C_ReceiveData                          0x0800115f   Thumb Code     8  stm32f10x_i2c.o(.text)
    I2C_Send7bitAddress                      0x08001167   Thumb Code    18  stm32f10x_i2c.o(.text)
    I2C_ReadRegister                         0x08001179   Thumb Code    22  stm32f10x_i2c.o(.text)
    I2C_SoftwareResetCmd                     0x0800118f   Thumb Code    22  stm32f10x_i2c.o(.text)
    I2C_NACKPositionConfig                   0x080011a5   Thumb Code    28  stm32f10x_i2c.o(.text)
    I2C_SMBusAlertConfig                     0x080011c1   Thumb Code    28  stm32f10x_i2c.o(.text)
    I2C_TransmitPEC                          0x080011dd   Thumb Code    24  stm32f10x_i2c.o(.text)
    I2C_PECPositionConfig                    0x080011f5   Thumb Code    28  stm32f10x_i2c.o(.text)
    I2C_CalculatePEC                         0x08001211   Thumb Code    24  stm32f10x_i2c.o(.text)
    I2C_GetPEC                               0x08001229   Thumb Code     8  stm32f10x_i2c.o(.text)
    I2C_ARPCmd                               0x08001231   Thumb Code    24  stm32f10x_i2c.o(.text)
    I2C_StretchClockCmd                      0x08001249   Thumb Code    24  stm32f10x_i2c.o(.text)
    I2C_FastModeDutyCycleConfig              0x08001261   Thumb Code    28  stm32f10x_i2c.o(.text)
    I2C_CheckEvent                           0x0800127d   Thumb Code    42  stm32f10x_i2c.o(.text)
    I2C_GetLastEvent                         0x080012a7   Thumb Code    26  stm32f10x_i2c.o(.text)
    I2C_GetFlagStatus                        0x080012c1   Thumb Code    58  stm32f10x_i2c.o(.text)
    I2C_ClearFlag                            0x080012fb   Thumb Code    12  stm32f10x_i2c.o(.text)
    I2C_GetITStatus                          0x08001307   Thumb Code    54  stm32f10x_i2c.o(.text)
    I2C_ClearITPendingBit                    0x0800133d   Thumb Code    12  stm32f10x_i2c.o(.text)
    IWDG_WriteAccessCmd                      0x08001349   Thumb Code     6  stm32f10x_iwdg.o(.text)
    IWDG_SetPrescaler                        0x0800134f   Thumb Code     6  stm32f10x_iwdg.o(.text)
    IWDG_SetReload                           0x08001355   Thumb Code     6  stm32f10x_iwdg.o(.text)
    IWDG_ReloadCounter                       0x0800135b   Thumb Code    10  stm32f10x_iwdg.o(.text)
    IWDG_Enable                              0x08001365   Thumb Code    10  stm32f10x_iwdg.o(.text)
    IWDG_GetFlagStatus                       0x0800136f   Thumb Code    20  stm32f10x_iwdg.o(.text)
    RCC_DeInit                               0x08001389   Thumb Code    64  stm32f10x_rcc.o(.text)
    RCC_HSEConfig                            0x080013c9   Thumb Code    70  stm32f10x_rcc.o(.text)
    RCC_GetFlagStatus                        0x0800140f   Thumb Code    56  stm32f10x_rcc.o(.text)
    RCC_WaitForHSEStartUp                    0x08001447   Thumb Code    56  stm32f10x_rcc.o(.text)
    RCC_AdjustHSICalibrationValue            0x0800147f   Thumb Code    20  stm32f10x_rcc.o(.text)
    RCC_HSICmd                               0x08001493   Thumb Code     6  stm32f10x_rcc.o(.text)
    RCC_PLLConfig                            0x08001499   Thumb Code    24  stm32f10x_rcc.o(.text)
    RCC_PLLCmd                               0x080014b1   Thumb Code     6  stm32f10x_rcc.o(.text)
    RCC_SYSCLKConfig                         0x080014b7   Thumb Code    18  stm32f10x_rcc.o(.text)
    RCC_GetSYSCLKSource                      0x080014c9   Thumb Code    10  stm32f10x_rcc.o(.text)
    RCC_HCLKConfig                           0x080014d3   Thumb Code    18  stm32f10x_rcc.o(.text)
    RCC_PCLK1Config                          0x080014e5   Thumb Code    18  stm32f10x_rcc.o(.text)
    RCC_PCLK2Config                          0x080014f7   Thumb Code    20  stm32f10x_rcc.o(.text)
    RCC_ITConfig                             0x0800150b   Thumb Code    26  stm32f10x_rcc.o(.text)
    RCC_USBCLKConfig                         0x08001525   Thumb Code     6  stm32f10x_rcc.o(.text)
    RCC_ADCCLKConfig                         0x0800152b   Thumb Code    18  stm32f10x_rcc.o(.text)
    RCC_LSEConfig                            0x0800153d   Thumb Code    44  stm32f10x_rcc.o(.text)
    RCC_LSICmd                               0x08001569   Thumb Code     6  stm32f10x_rcc.o(.text)
    RCC_RTCCLKConfig                         0x0800156f   Thumb Code    12  stm32f10x_rcc.o(.text)
    RCC_RTCCLKCmd                            0x0800157b   Thumb Code     8  stm32f10x_rcc.o(.text)
    RCC_GetClocksFreq                        0x08001583   Thumb Code   192  stm32f10x_rcc.o(.text)
    RCC_AHBPeriphClockCmd                    0x08001643   Thumb Code    26  stm32f10x_rcc.o(.text)
    RCC_APB2PeriphClockCmd                   0x0800165d   Thumb Code    26  stm32f10x_rcc.o(.text)
    RCC_APB1PeriphClockCmd                   0x08001677   Thumb Code    26  stm32f10x_rcc.o(.text)
    RCC_APB2PeriphResetCmd                   0x08001691   Thumb Code    26  stm32f10x_rcc.o(.text)
    RCC_APB1PeriphResetCmd                   0x080016ab   Thumb Code    26  stm32f10x_rcc.o(.text)
    RCC_BackupResetCmd                       0x080016c5   Thumb Code     8  stm32f10x_rcc.o(.text)
    RCC_ClockSecuritySystemCmd               0x080016cd   Thumb Code     6  stm32f10x_rcc.o(.text)
    RCC_MCOConfig                            0x080016d3   Thumb Code     6  stm32f10x_rcc.o(.text)
    RCC_ClearFlag                            0x080016d9   Thumb Code    14  stm32f10x_rcc.o(.text)
    RCC_GetITStatus                          0x080016e7   Thumb Code    20  stm32f10x_rcc.o(.text)
    RCC_ClearITPendingBit                    0x080016fb   Thumb Code     6  stm32f10x_rcc.o(.text)
    SPI_I2S_DeInit                           0x0800172d   Thumb Code    76  stm32f10x_spi.o(.text)
    SPI_Init                                 0x08001779   Thumb Code    60  stm32f10x_spi.o(.text)
    I2S_Init                                 0x080017b5   Thumb Code   226  stm32f10x_spi.o(.text)
    SPI_StructInit                           0x08001897   Thumb Code    24  stm32f10x_spi.o(.text)
    I2S_StructInit                           0x080018af   Thumb Code    20  stm32f10x_spi.o(.text)
    SPI_Cmd                                  0x080018c3   Thumb Code    24  stm32f10x_spi.o(.text)
    I2S_Cmd                                  0x080018db   Thumb Code    24  stm32f10x_spi.o(.text)
    SPI_I2S_ITConfig                         0x080018f3   Thumb Code    32  stm32f10x_spi.o(.text)
    SPI_I2S_DMACmd                           0x08001913   Thumb Code    18  stm32f10x_spi.o(.text)
    SPI_I2S_SendData                         0x08001925   Thumb Code     4  stm32f10x_spi.o(.text)
    SPI_I2S_ReceiveData                      0x08001929   Thumb Code     6  stm32f10x_spi.o(.text)
    SPI_NSSInternalSoftwareConfig            0x0800192f   Thumb Code    30  stm32f10x_spi.o(.text)
    SPI_SSOutputCmd                          0x0800194d   Thumb Code    24  stm32f10x_spi.o(.text)
    SPI_DataSizeConfig                       0x08001965   Thumb Code    18  stm32f10x_spi.o(.text)
    SPI_TransmitCRC                          0x08001977   Thumb Code    10  stm32f10x_spi.o(.text)
    SPI_CalculateCRC                         0x08001981   Thumb Code    24  stm32f10x_spi.o(.text)
    SPI_GetCRC                               0x08001999   Thumb Code    16  stm32f10x_spi.o(.text)
    SPI_GetCRCPolynomial                     0x080019a9   Thumb Code     6  stm32f10x_spi.o(.text)
    SPI_BiDirectionalLineConfig              0x080019af   Thumb Code    28  stm32f10x_spi.o(.text)
    SPI_I2S_GetFlagStatus                    0x080019cb   Thumb Code    18  stm32f10x_spi.o(.text)
    SPI_I2S_ClearFlag                        0x080019dd   Thumb Code     6  stm32f10x_spi.o(.text)
    SPI_I2S_GetITStatus                      0x080019e3   Thumb Code    52  stm32f10x_spi.o(.text)
    SPI_I2S_ClearITPendingBit                0x08001a17   Thumb Code    20  stm32f10x_spi.o(.text)
    USART_DeInit                             0x08001a39   Thumb Code   134  stm32f10x_usart.o(.text)
    USART_Init                               0x08001abf   Thumb Code   210  stm32f10x_usart.o(.text)
    USART_StructInit                         0x08001b91   Thumb Code    24  stm32f10x_usart.o(.text)
    USART_ClockInit                          0x08001ba9   Thumb Code    34  stm32f10x_usart.o(.text)
    USART_ClockStructInit                    0x08001bcb   Thumb Code    12  stm32f10x_usart.o(.text)
    USART_Cmd                                0x08001bd7   Thumb Code    24  stm32f10x_usart.o(.text)
    USART_ITConfig                           0x08001bef   Thumb Code    74  stm32f10x_usart.o(.text)
    USART_DMACmd                             0x08001c39   Thumb Code    18  stm32f10x_usart.o(.text)
    USART_SetAddress                         0x08001c4b   Thumb Code    18  stm32f10x_usart.o(.text)
    USART_WakeUpConfig                       0x08001c5d   Thumb Code    18  stm32f10x_usart.o(.text)
    USART_ReceiverWakeUpCmd                  0x08001c6f   Thumb Code    24  stm32f10x_usart.o(.text)
    USART_LINBreakDetectLengthConfig         0x08001c87   Thumb Code    18  stm32f10x_usart.o(.text)
    USART_LINCmd                             0x08001c99   Thumb Code    24  stm32f10x_usart.o(.text)
    USART_SendData                           0x08001cb1   Thumb Code     8  stm32f10x_usart.o(.text)
    USART_ReceiveData                        0x08001cb9   Thumb Code    10  stm32f10x_usart.o(.text)
    USART_SendBreak                          0x08001cc3   Thumb Code    10  stm32f10x_usart.o(.text)
    USART_SetGuardTime                       0x08001ccd   Thumb Code    16  stm32f10x_usart.o(.text)
    USART_SetPrescaler                       0x08001cdd   Thumb Code    16  stm32f10x_usart.o(.text)
    USART_SmartCardCmd                       0x08001ced   Thumb Code    24  stm32f10x_usart.o(.text)
    USART_SmartCardNACKCmd                   0x08001d05   Thumb Code    24  stm32f10x_usart.o(.text)
    USART_HalfDuplexCmd                      0x08001d1d   Thumb Code    24  stm32f10x_usart.o(.text)
    USART_OverSampling8Cmd                   0x08001d35   Thumb Code    22  stm32f10x_usart.o(.text)
    USART_OneBitMethodCmd                    0x08001d4b   Thumb Code    24  stm32f10x_usart.o(.text)
    USART_IrDAConfig                         0x08001d63   Thumb Code    18  stm32f10x_usart.o(.text)
    USART_IrDACmd                            0x08001d75   Thumb Code    24  stm32f10x_usart.o(.text)
    USART_GetFlagStatus                      0x08001d8d   Thumb Code    26  stm32f10x_usart.o(.text)
    USART_ClearFlag                          0x08001da7   Thumb Code    18  stm32f10x_usart.o(.text)
    USART_GetITStatus                        0x08001db9   Thumb Code    84  stm32f10x_usart.o(.text)
    USART_ClearITPendingBit                  0x08001e0d   Thumb Code    52  stm32f10x_usart.o(.text)
    CPU_NameClr                              0x08001e41   Thumb Code    42  cpu_core.o(.text)
    CPU_Init                                 0x08001e81   Thumb Code    12  cpu_core.o(.text)
    CPU_SW_Exception                         0x08001e8d   Thumb Code     4  cpu_core.o(.text)
    CPU_NameGet                              0x08001e91   Thumb Code    70  cpu_core.o(.text)
    CPU_NameSet                              0x08001ed7   Thumb Code    96  cpu_core.o(.text)
    CPU_TS_Get32                             0x08001f37   Thumb Code    12  cpu_core.o(.text)
    CPU_TS_Update                            0x08001f43   Thumb Code     2  cpu_core.o(.text)
    CPU_TS_TmrFreqGet                        0x08001f45   Thumb Code    30  cpu_core.o(.text)
    CPU_TS_TmrFreqSet                        0x08001f63   Thumb Code     6  cpu_core.o(.text)
    CPU_CntLeadZeros08                       0x08001f69   Thumb Code    18  cpu_core.o(.text)
    CPU_CntLeadZeros16                       0x08001f7b   Thumb Code    18  cpu_core.o(.text)
    CPU_CntLeadZeros32                       0x08001f8d   Thumb Code    18  cpu_core.o(.text)
    CPU_CntLeadZeros64                       0x08001f9f   Thumb Code   194  cpu_core.o(.text)
    CPU_CntTrailZeros08                      0x08002061   Thumb Code    22  cpu_core.o(.text)
    CPU_CntTrailZeros16                      0x08002077   Thumb Code    22  cpu_core.o(.text)
    CPU_CntTrailZeros32                      0x0800208d   Thumb Code    22  cpu_core.o(.text)
    CPU_CntTrailZeros64                      0x080020a3   Thumb Code    66  cpu_core.o(.text)
    CPU_IntDis                               0x080020f1   Thumb Code     0  cpu_a.o(.text)
    CPU_IntEn                                0x080020f5   Thumb Code     0  cpu_a.o(.text)
    CPU_SR_Save                              0x080020f9   Thumb Code     0  cpu_a.o(.text)
    CPU_SR_Restore                           0x08002101   Thumb Code     0  cpu_a.o(.text)
    CPU_WaitForInt                           0x08002107   Thumb Code     0  cpu_a.o(.text)
    CPU_WaitForExcept                        0x0800210b   Thumb Code     0  cpu_a.o(.text)
    CPU_CntLeadZeros                         0x0800210f   Thumb Code     0  cpu_a.o(.text)
    CPU_CntTrailZeros                        0x08002115   Thumb Code     0  cpu_a.o(.text)
    CPU_RevBits                              0x0800211f   Thumb Code     0  cpu_a.o(.text)
    ASCII_IsAlpha                            0x08002125   Thumb Code    48  lib_ascii.o(.text)
    ASCII_IsAlphaNum                         0x08002155   Thumb Code    76  lib_ascii.o(.text)
    ASCII_IsLower                            0x080021a1   Thumb Code    20  lib_ascii.o(.text)
    ASCII_IsUpper                            0x080021b5   Thumb Code    20  lib_ascii.o(.text)
    ASCII_IsDig                              0x080021c9   Thumb Code    20  lib_ascii.o(.text)
    ASCII_IsDigOct                           0x080021dd   Thumb Code    20  lib_ascii.o(.text)
    ASCII_IsDigHex                           0x080021f1   Thumb Code    36  lib_ascii.o(.text)
    ASCII_IsBlank                            0x08002215   Thumb Code    20  lib_ascii.o(.text)
    ASCII_IsSpace                            0x08002229   Thumb Code    36  lib_ascii.o(.text)
    ASCII_IsPrint                            0x0800224d   Thumb Code    20  lib_ascii.o(.text)
    ASCII_IsGraph                            0x08002261   Thumb Code    20  lib_ascii.o(.text)
    ASCII_IsPunct                            0x08002275   Thumb Code   134  lib_ascii.o(.text)
    ASCII_IsCtrl                             0x080022fb   Thumb Code    26  lib_ascii.o(.text)
    ASCII_ToLower                            0x08002315   Thumb Code    32  lib_ascii.o(.text)
    ASCII_ToUpper                            0x08002335   Thumb Code    32  lib_ascii.o(.text)
    ASCII_Cmp                                0x08002355   Thumb Code    38  lib_ascii.o(.text)
    Mem_Init                                 0x0800237d   Thumb Code    54  lib_mem.o(.text)
    Mem_Set                                  0x080023b3   Thumb Code    98  lib_mem.o(.text)
    Mem_Clr                                  0x08002415   Thumb Code    18  lib_mem.o(.text)
    Mem_Cmp                                  0x08002427   Thumb Code   192  lib_mem.o(.text)
    Mem_HeapAlloc                            0x080025db   Thumb Code   238  lib_mem.o(.text)
    Mem_PoolGetSizeRem                       0x080026c9   Thumb Code   230  lib_mem.o(.text)
    Mem_HeapGetSizeRem                       0x080027af   Thumb Code    22  lib_mem.o(.text)
    Mem_PoolClr                              0x080027c5   Thumb Code    76  lib_mem.o(.text)
    Mem_PoolCreate                           0x08002811   Thumb Code  1068  lib_mem.o(.text)
    Mem_PoolBlkGet                           0x08002c3d   Thumb Code   226  lib_mem.o(.text)
    Mem_PoolBlkFree                          0x08002d85   Thumb Code   242  lib_mem.o(.text)
    Str_Len_N                                0x08002e81   Thumb Code    28  lib_str.o(.text)
    Str_Len                                  0x08002e9d   Thumb Code    20  lib_str.o(.text)
    Str_Copy_N                               0x08002eb1   Thumb Code    70  lib_str.o(.text)
    Str_Copy                                 0x08002ef7   Thumb Code    24  lib_str.o(.text)
    Str_Cat_N                                0x08002f0f   Thumb Code    90  lib_str.o(.text)
    Str_Cat                                  0x08002f69   Thumb Code    24  lib_str.o(.text)
    Str_Cmp_N                                0x08002f81   Thumb Code   156  lib_str.o(.text)
    Str_Cmp                                  0x0800301d   Thumb Code    24  lib_str.o(.text)
    Str_CmpIgnoreCase_N                      0x08003035   Thumb Code   264  lib_str.o(.text)
    Str_CmpIgnoreCase                        0x0800313d   Thumb Code    24  lib_str.o(.text)
    Str_Char_N                               0x08003155   Thumb Code    74  lib_str.o(.text)
    Str_Char                                 0x0800319f   Thumb Code    24  lib_str.o(.text)
    Str_Char_Last_N                          0x080031b7   Thumb Code    76  lib_str.o(.text)
    Str_Char_Last                            0x08003203   Thumb Code    24  lib_str.o(.text)
    Str_Str_N                                0x0800321b   Thumb Code   182  lib_str.o(.text)
    Str_Str                                  0x080032d1   Thumb Code    24  lib_str.o(.text)
    Str_FmtNbr_Int32U                        0x080034e7   Thumb Code    46  lib_str.o(.text)
    Str_FmtNbr_Int32S                        0x08003515   Thumb Code    62  lib_str.o(.text)
    Str_ParseNbr_Int32U                      0x08003711   Thumb Code    30  lib_str.o(.text)
    Str_ParseNbr_Int32S                      0x0800372f   Thumb Code    74  lib_str.o(.text)
    OSCfg_Init                               0x0800377d   Thumb Code    86  os_cfg_app.o(.text)
    OS_IdleTask                              0x08003879   Thumb Code    60  os_core.o(.text)
    OS_IdleTaskInit                          0x080038b5   Thumb Code    68  os_core.o(.text)
    OS_RdyListInit                           0x080038f9   Thumb Code    32  os_core.o(.text)
    OSInit                                   0x08003919   Thumb Code   260  os_core.o(.text)
    OSIntEnter                               0x08003a1d   Thumb Code    34  os_core.o(.text)
    OSIntExit                                0x08003a3f   Thumb Code   192  os_core.o(.text)
    OSSched                                  0x08003aff   Thumb Code   134  os_core.o(.text)
    OSSchedLock                              0x08003b85   Thumb Code   100  os_core.o(.text)
    OSSchedUnlock                            0x08003be9   Thumb Code   244  os_core.o(.text)
    OSSchedRoundRobinCfg                     0x08003cdd   Thumb Code    88  os_core.o(.text)
    OS_RdyListMoveHeadToTail                 0x08003d35   Thumb Code    68  os_core.o(.text)
    OSSchedRoundRobinYield                   0x08003d79   Thumb Code   164  os_core.o(.text)
    OSStart                                  0x08003e1d   Thumb Code    78  os_core.o(.text)
    OSVersion                                0x08003e6b   Thumb Code    12  os_core.o(.text)
    OS_PendDbgNameAdd                        0x08003e77   Thumb Code    66  os_core.o(.text)
    OS_PendListInsertPrio                    0x08003eb9   Thumb Code   102  os_core.o(.text)
    OS_PendDataInit                          0x08003f1f   Thumb Code    38  os_core.o(.text)
    OS_RdyListRemove                         0x08003f45   Thumb Code    86  os_core.o(.text)
    OS_TaskBlock                             0x08003f9b   Thumb Code    56  os_core.o(.text)
    OS_Pend                                  0x08003fd3   Thumb Code    98  os_core.o(.text)
    OS_PendListRemove1                       0x08004035   Thumb Code    66  os_core.o(.text)
    OS_PendListRemove                        0x08004077   Thumb Code    48  os_core.o(.text)
    OS_PendAbort1                            0x080040a7   Thumb Code    36  os_core.o(.text)
    OS_RdyListInsertHead                     0x080040cb   Thumb Code   128  os_core.o(.text)
    OS_RdyListInsertTail                     0x0800414b   Thumb Code    56  os_core.o(.text)
    OS_RdyListInsert                         0x08004183   Thumb Code    40  os_core.o(.text)
    OS_TaskRdy                               0x080041ab   Thumb Code    28  os_core.o(.text)
    OS_PendAbort                             0x080041c7   Thumb Code   178  os_core.o(.text)
    OS_PendDbgNameRemove                     0x08004279   Thumb Code    34  os_core.o(.text)
    OS_PendListChangePrio                    0x0800429b   Thumb Code    70  os_core.o(.text)
    OS_PendListInit                          0x080042e1   Thumb Code    10  os_core.o(.text)
    OS_PendListInsertHead                    0x080042eb   Thumb Code    32  os_core.o(.text)
    OS_PendObjDel1                           0x0800430b   Thumb Code    36  os_core.o(.text)
    OS_PendObjDel                            0x0800432f   Thumb Code   174  os_core.o(.text)
    OS_Post1                                 0x080043dd   Thumb Code    42  os_core.o(.text)
    OS_Post                                  0x08004407   Thumb Code   198  os_core.o(.text)
    OS_Sched0                                0x080044cd   Thumb Code    72  os_core.o(.text)
    OS_SchedRoundRobin                       0x08004515   Thumb Code   224  os_core.o(.text)
    OSIdleTaskHook                           0x08004601   Thumb Code     2  os_cpu_c.o(.text)
    OSInitHook                               0x08004603   Thumb Code    42  os_cpu_c.o(.text)
    OSStatTaskHook                           0x0800462d   Thumb Code     2  os_cpu_c.o(.text)
    OSTaskCreateHook                         0x0800462f   Thumb Code     2  os_cpu_c.o(.text)
    OSTaskDelHook                            0x08004631   Thumb Code     2  os_cpu_c.o(.text)
    OSTaskReturnHook                         0x08004633   Thumb Code     2  os_cpu_c.o(.text)
    OSTaskStkInit                            0x08004635   Thumb Code   188  os_cpu_c.o(.text)
    OSTaskSwHook                             0x080046f1   Thumb Code    74  os_cpu_c.o(.text)
    OSTimeTickHook                           0x0800473b   Thumb Code     2  os_cpu_c.o(.text)
    OS_CPU_SysTickHandler                    0x0800473d   Thumb Code    56  os_cpu_c.o(.text)
    OS_CPU_SysTickInit                       0x08004775   Thumb Code    44  os_cpu_c.o(.text)
    OS_Dbg_Init                              0x080047c1   Thumb Code   146  os_dbg.o(.text)
    OS_FlagDbgListAdd                        0x08004971   Thumb Code    38  os_flag.o(.text)
    OSFlagCreate                             0x08004997   Thumb Code   172  os_flag.o(.text)
    OS_FlagBlock                             0x08004a43   Thumb Code    58  os_flag.o(.text)
    OSFlagPend                               0x08004a7d   Thumb Code  1020  os_flag.o(.text)
    OSFlagPendGetFlagsRdy                    0x08004e79   Thumb Code    68  os_flag.o(.text)
    OS_FlagTaskRdy                           0x08004ebd   Thumb Code    92  os_flag.o(.text)
    OS_FlagPost                              0x08004f19   Thumb Code   484  os_flag.o(.text)
    OSFlagPost                               0x080050fd   Thumb Code   168  os_flag.o(.text)
    OS_FlagClr                               0x080051a5   Thumb Code    28  os_flag.o(.text)
    OS_FlagInit                              0x080051c1   Thumb Code    14  os_flag.o(.text)
    OS_FlagDbgListRemove                     0x080051cf   Thumb Code    44  os_flag.o(.text)
    OS_IntQPost                              0x08005211   Thumb Code   216  os_int.o(.text)
    OS_IntQRePost                            0x080052e9   Thumb Code   348  os_int.o(.text)
    OS_IntQTask                              0x08005445   Thumb Code   162  os_int.o(.text)
    OS_IntQTaskInit                          0x080054e7   Thumb Code   208  os_int.o(.text)
    OS_MemDbgListAdd                         0x08005649   Thumb Code    34  os_mem.o(.text)
    OSMemCreate                              0x0800566b   Thumb Code   288  os_mem.o(.text)
    OSMemGet                                 0x0800578b   Thumb Code   100  os_mem.o(.text)
    OSMemPut                                 0x080057ef   Thumb Code   112  os_mem.o(.text)
    OS_MemInit                               0x0800585f   Thumb Code    14  os_mem.o(.text)
    OS_MsgPoolCreate                         0x08005881   Thumb Code    54  os_msg.o(.text)
    OS_MsgPoolInit                           0x080058b7   Thumb Code    70  os_msg.o(.text)
    OS_MsgQFreeAll                           0x080058fd   Thumb Code    62  os_msg.o(.text)
    OS_MsgQInit                              0x0800593b   Thumb Code    14  os_msg.o(.text)
    OS_MsgQGet                               0x08005949   Thumb Code    98  os_msg.o(.text)
    OS_MsgQPut                               0x080059ab   Thumb Code   242  os_msg.o(.text)
    OS_MutexDbgListAdd                       0x08005aa9   Thumb Code    38  os_mutex.o(.text)
    OSMutexCreate                            0x08005acf   Thumb Code   178  os_mutex.o(.text)
    OSMutexPend                              0x08005b81   Thumb Code   706  os_mutex.o(.text)
    OSMutexPost                              0x08005e43   Thumb Code   598  os_mutex.o(.text)
    OS_MutexClr                              0x08006099   Thumb Code    38  os_mutex.o(.text)
    OS_MutexDbgListRemove                    0x080060bf   Thumb Code    44  os_mutex.o(.text)
    OS_MutexInit                             0x080060eb   Thumb Code    14  os_mutex.o(.text)
    OS_PrioInit                              0x08006121   Thumb Code    20  os_prio.o(.text)
    OS_PrioGetHighest                        0x08006135   Thumb Code    36  os_prio.o(.text)
    OS_PrioInsert                            0x08006159   Thumb Code    32  os_prio.o(.text)
    OS_PrioRemove                            0x08006179   Thumb Code    32  os_prio.o(.text)
    OS_QDbgListAdd                           0x0800619d   Thumb Code    38  os_q.o(.text)
    OSQCreate                                0x080061c3   Thumb Code   186  os_q.o(.text)
    OSQPend                                  0x0800627d   Thumb Code   502  os_q.o(.text)
    OSQPendAbort                             0x08006473   Thumb Code   322  os_q.o(.text)
    OS_QPost                                 0x080065b5   Thumb Code   322  os_q.o(.text)
    OSQPost                                  0x080066f7   Thumb Code   176  os_q.o(.text)
    OS_QClr                                  0x080067a7   Thumb Code    40  os_q.o(.text)
    OS_QDbgListRemove                        0x080067cf   Thumb Code    44  os_q.o(.text)
    OS_QInit                                 0x080067fb   Thumb Code    14  os_q.o(.text)
    OS_SemDbgListAdd                         0x08006829   Thumb Code    38  os_sem.o(.text)
    OSSemCreate                              0x0800684f   Thumb Code   172  os_sem.o(.text)
    OSSemPend                                0x080068fb   Thumb Code   462  os_sem.o(.text)
    OSSemPendAbort                           0x08006ac9   Thumb Code   292  os_sem.o(.text)
    OS_SemPost                               0x08006bed   Thumb Code   378  os_sem.o(.text)
    OSSemPost                                0x08006d67   Thumb Code   144  os_sem.o(.text)
    OSSemSet                                 0x08006df7   Thumb Code   120  os_sem.o(.text)
    OS_SemClr                                0x08006e6f   Thumb Code    28  os_sem.o(.text)
    OS_SemDbgListRemove                      0x08006e8b   Thumb Code    44  os_sem.o(.text)
    OS_SemInit                               0x08006eb7   Thumb Code    14  os_sem.o(.text)
    OSStatReset                              0x08006ee5   Thumb Code   268  os_stat.o(.text)
    OSStatTaskCPUUsageInit                   0x08006ff1   Thumb Code   212  os_stat.o(.text)
    OS_StatTask                              0x080070c5   Thumb Code   884  os_stat.o(.text)
    OS_StatTaskInit                          0x08007439   Thumb Code   138  os_stat.o(.text)
    OSTaskChangePrio                         0x08007519   Thumb Code   416  os_task.o(.text)
    OS_TaskDbgListAdd                        0x080076b9   Thumb Code    42  os_task.o(.text)
    OS_TaskInitTCB                           0x080076e3   Thumb Code   194  os_task.o(.text)
    OSTaskCreate                             0x080077a5   Thumb Code   614  os_task.o(.text)
    OS_TaskDbgListRemove                     0x08007a0b   Thumb Code    64  os_task.o(.text)
    OSTaskDel                                0x08007a4b   Thumb Code   424  os_task.o(.text)
    OSTaskQFlush                             0x08007bf3   Thumb Code   214  os_task.o(.text)
    OSTaskQPend                              0x08007cc9   Thumb Code   554  os_task.o(.text)
    OS_TaskQPost                             0x08007ef3   Thumb Code   508  os_task.o(.text)
    OSTaskQPost                              0x080080ef   Thumb Code   114  os_task.o(.text)
    OSTaskRegGet                             0x08008161   Thumb Code    98  os_task.o(.text)
    OSTaskRegGetID                           0x080081c3   Thumb Code    84  os_task.o(.text)
    OSTaskRegSet                             0x08008217   Thumb Code    78  os_task.o(.text)
    OS_TaskResume                            0x08008265   Thumb Code   314  os_task.o(.text)
    OSTaskResume                             0x0800839f   Thumb Code   112  os_task.o(.text)
    OSTaskSemPend                            0x0800840f   Thumb Code   540  os_task.o(.text)
    OSTaskSemPendAbort                       0x0800862b   Thumb Code   270  os_task.o(.text)
    OS_TaskSemPost                           0x08008739   Thumb Code  1210  os_task.o(.text)
    OSTaskSemPost                            0x08008bf3   Thumb Code    98  os_task.o(.text)
    OSTaskSemSet                             0x08008c55   Thumb Code    80  os_task.o(.text)
    OSTaskStkChk                             0x08008ca5   Thumb Code   204  os_task.o(.text)
    OS_TaskSuspend                           0x08008d71   Thumb Code   352  os_task.o(.text)
    OSTaskSuspend                            0x08008ed1   Thumb Code    78  os_task.o(.text)
    OSTaskTimeQuantaSet                      0x08008f1f   Thumb Code    96  os_task.o(.text)
    OS_TaskInit                              0x08008f7f   Thumb Code    18  os_task.o(.text)
    OS_TaskReturn                            0x08008f91   Thumb Code    20  os_task.o(.text)
    OS_TickListRemove                        0x08008fcd   Thumb Code    56  os_tick.o(.text)
    OS_TickListUpdate                        0x08009005   Thumb Code   492  os_tick.o(.text)
    OS_TickTask                              0x080091f1   Thumb Code    38  os_tick.o(.text)
    OS_TickListInit                          0x08009217   Thumb Code    32  os_tick.o(.text)
    OS_TickTaskInit                          0x08009237   Thumb Code   130  os_tick.o(.text)
    OS_TickListInsert                        0x080092b9   Thumb Code   502  os_tick.o(.text)
    OS_TickListResetPeak                     0x080094af   Thumb Code    28  os_tick.o(.text)
    OSTimeDly                                0x080094d5   Thumb Code   266  os_time.o(.text)
    OSTimeDlyHMSM                            0x080095df   Thumb Code   480  os_time.o(.text)
    OSTimeGet                                0x080097bf   Thumb Code    46  os_time.o(.text)
    OSTimeSet                                0x080097ed   Thumb Code    46  os_time.o(.text)
    OSTimeTick                               0x0800981b   Thumb Code    54  os_time.o(.text)
    OS_TmrDbgListAdd                         0x08009871   Thumb Code    34  os_tmr.o(.text)
    OSTmrCreate                              0x08009893   Thumb Code   248  os_tmr.o(.text)
    OSTmrRemainGet                           0x0800998b   Thumb Code   184  os_tmr.o(.text)
    OS_TmrLink                               0x08009a43   Thumb Code   196  os_tmr.o(.text)
    OS_TmrUnlink                             0x08009b07   Thumb Code    72  os_tmr.o(.text)
    OSTmrStart                               0x08009b4f   Thumb Code   164  os_tmr.o(.text)
    OSTmrStateGet                            0x08009bf3   Thumb Code   166  os_tmr.o(.text)
    OSTmrStop                                0x08009c99   Thumb Code   232  os_tmr.o(.text)
    OS_TmrClr                                0x08009d81   Thumb Code    36  os_tmr.o(.text)
    OS_TmrDbgListRemove                      0x08009da5   Thumb Code    44  os_tmr.o(.text)
    OS_TmrTask                               0x08009dd1   Thumb Code   176  os_tmr.o(.text)
    OS_TmrInit                               0x08009e81   Thumb Code   208  os_tmr.o(.text)
    OS_TmrResetPeak                          0x08009f51   Thumb Code    28  os_tmr.o(.text)
    time_tick                                0x08009fd5   Thumb Code    44  delay.o(.text)
    delay_init                               0x0800a001   Thumb Code    86  delay.o(.text)
    delay_us                                 0x0800a057   Thumb Code    44  delay.o(.text)
    delay_ms                                 0x0800a083   Thumb Code    16  delay.o(.text)
    I2C_Read                                 0x0800a0ad   Thumb Code   386  iic.o(.text)
    I2C_Write                                0x0800a22f   Thumb Code   272  iic.o(.text)
    I2C_DMAConfig                            0x0800a33f   Thumb Code   202  iic.o(.text)
    I2C_Master_BufferRead                    0x0800a409   Thumb Code   904  iic.o(.text)
    I2C_Master_BufferWrite                   0x0800a791   Thumb Code   520  iic.o(.text)
    I2C_Slave_BufferReadWrite                0x0800a999   Thumb Code    40  iic.o(.text)
    IIC_Start                                0x0800aa45   Thumb Code    82  iic.o(.text)
    IIC_Stop                                 0x0800aa97   Thumb Code    82  iic.o(.text)
    IIC_Wait_Ack                             0x0800aae9   Thumb Code   102  iic.o(.text)
    IIC_Ack                                  0x0800ab4f   Thumb Code    82  iic.o(.text)
    IIC_NAck                                 0x0800aba1   Thumb Code    82  iic.o(.text)
    IIC_Send_Byte                            0x0800abf3   Thumb Code   120  iic.o(.text)
    IIC_Read_Byte                            0x0800ac6b   Thumb Code   108  iic.o(.text)
    Soft_Iic_Init                            0x0800acd7   Thumb Code    38  iic.o(.text)
    IIC_Init                                 0x0800acfd   Thumb Code    12  iic.o(.text)
    Delay                                    0x0800ad39   Thumb Code    18  init.o(.text)
    IWDG_Init                                0x0800ad4b   Thumb Code    52  init.o(.text)
    Soft_Reset                               0x0800ad7f   Thumb Code    38  init.o(.text)
    SysTickInit                              0x0800ada5   Thumb Code    82  init.o(.text)
    NVIC_Configuration                       0x0800adf7   Thumb Code    12  init.o(.text)
    CPU_TS_TmrInit                           0x0800ae03   Thumb Code     2  init.o(.text)
    CPU_TS_TmrRd                             0x0800ae05   Thumb Code     8  init.o(.text)
    Spi_init                                 0x0800aeed   Thumb Code     8  spi.o(.text)
    SPI_ReadWriteByte                        0x0800aef5   Thumb Code    80  spi.o(.text)
    _sys_exit                                0x0800af65   Thumb Code     6  usart.o(.text)
    fputc                                    0x0800af6b   Thumb Code   162  usart.o(.text)
    USART1_IRQHandler                        0x0800b409   Thumb Code   350  usart.o(.text)
    USART2_IRQHandler                        0x0800b567   Thumb Code   360  usart.o(.text)
    USART4_IRQHandler                        0x0800b6cf   Thumb Code   408  usart.o(.text)
    Usart_init                               0x0800b867   Thumb Code    76  usart.o(.text)
    GUI_DrawPoint                            0x0800b929   Thumb Code    24  gui.o(.text)
    LCD_Fill                                 0x0800b941   Thumb Code   114  gui.o(.text)
    LCD_DrawLine                             0x0800b9b3   Thumb Code   176  gui.o(.text)
    LCD_DrawRectangle                        0x0800ba63   Thumb Code    64  gui.o(.text)
    LCD_DrawFillRectangle                    0x0800baa3   Thumb Code    30  gui.o(.text)
    _draw_circle_8                           0x0800bac1   Thumb Code   132  gui.o(.text)
    gui_circle                               0x0800bb45   Thumb Code   154  gui.o(.text)
    LCD_ShowChar                             0x0800bbdf   Thumb Code   280  gui.o(.text)
    LCD_ShowNum2412                          0x0800bcf7   Thumb Code   244  gui.o(.text)
    LCD_ShowString                           0x0800bdeb   Thumb Code    94  gui.o(.text)
    mypow                                    0x0800be49   Thumb Code    22  gui.o(.text)
    LCD_ShowNum                              0x0800be5f   Thumb Code   168  gui.o(.text)
    GUI_DrawFont16                           0x0800bf07   Thumb Code   252  gui.o(.text)
    GUI_DrawFont24                           0x0800c003   Thumb Code   268  gui.o(.text)
    GUI_DrawFont32                           0x0800c10f   Thumb Code   276  gui.o(.text)
    Show_Str                                 0x0800c223   Thumb Code   268  gui.o(.text)
    Gui_StrCenter                            0x0800c32f   Thumb Code    68  gui.o(.text)
    Gui_Drawbmp16                            0x0800c373   Thumb Code    90  gui.o(.text)
    DHT11_Rst                                0x0800c3d1   Thumb Code    60  dht11.o(.text)
    DHT11_Check                              0x0800c40d   Thumb Code   140  dht11.o(.text)
    DHT11_Read_Bit                           0x0800c499   Thumb Code    62  dht11.o(.text)
    DHT11_Read_Byte                          0x0800c4d7   Thumb Code    30  dht11.o(.text)
    DHT11_Read_Data                          0x0800c4f5   Thumb Code   104  dht11.o(.text)
    DHT11_Init                               0x0800c55d   Thumb Code    66  dht11.o(.text)
    LCD_WR_REG                               0x0800c64b   Thumb Code    44  lcd_driver.o(.text)
    LCD_WR_DATA                              0x0800c677   Thumb Code    44  lcd_driver.o(.text)
    LCD_WR_DATA_16Bit                        0x0800c6a3   Thumb Code    52  lcd_driver.o(.text)
    LCD_WriteRAM_Prepare                     0x0800c6d7   Thumb Code    12  lcd_driver.o(.text)
    Lcd_SetRegion                            0x0800c6e3   Thumb Code    92  lcd_driver.o(.text)
    LCD_SetCursor                            0x0800c73f   Thumb Code    20  lcd_driver.o(.text)
    Lcd_WriteReg                             0x0800c753   Thumb Code    20  lcd_driver.o(.text)
    LCD_DrawPoint                            0x0800c767   Thumb Code    24  lcd_driver.o(.text)
    LCD_SetParam                             0x0800c77f   Thumb Code    36  lcd_driver.o(.text)
    LCD_Init                                 0x0800c7a3   Thumb Code   594  lcd_driver.o(.text)
    Lcd_SetXY                                0x0800c9f5   Thumb Code    20  lcd_driver.o(.text)
    Gui_DrawPoint                            0x0800ca09   Thumb Code    32  lcd_driver.o(.text)
    Lcd_ReadPoint                            0x0800ca29   Thumb Code    24  lcd_driver.o(.text)
    LCD_Clear                                0x0800ca41   Thumb Code    68  lcd_driver.o(.text)
    Led_Init                                 0x0800ca89   Thumb Code    52  led.o(.text)
    led_on                                   0x0800cabd   Thumb Code    80  led.o(.text)
    led_off                                  0x0800cb0d   Thumb Code    80  led.o(.text)
    led_on_off                               0x0800cb5d   Thumb Code   186  led.o(.text)
    Send_Led_Rgb                             0x0800cd95   Thumb Code    60  tca62724.o(.text)
    USART3_IRQHandler                        0x0800cdd9   Thumb Code   244  wifi_esp.o(.text)
    Wifi_Esp_Cmd                             0x0800cedf   Thumb Code    94  wifi_esp.o(.text)
    Wifi_Io_Init                             0x0800cf3d   Thumb Code   100  wifi_esp.o(.text)
    Wifi_Net_Mode                            0x0800cfa1   Thumb Code    62  wifi_esp.o(.text)
    Wifi_JoinAP                              0x0800cfdf   Thumb Code    36  wifi_esp.o(.text)
    Wifi_Connet                              0x0800d003   Thumb Code    88  wifi_esp.o(.text)
    Wifi_Clse                                0x0800d05b   Thumb Code    36  wifi_esp.o(.text)
    Wifi_Send                                0x0800d07f   Thumb Code    98  wifi_esp.o(.text)
    Wifi_Init                                0x0800d0e1   Thumb Code    86  wifi_esp.o(.text)
    SD_LowLevel_DeInit                       0x0800d2c5   Thumb Code   106  stm32_eval_spi_sd.o(.text)
    SD_LowLevel_Init                         0x0800d32f   Thumb Code   198  stm32_eval_spi_sd.o(.text)
    SD_DeInit                                0x0800d3f5   Thumb Code     8  stm32_eval_spi_sd.o(.text)
    SD_WriteByte                             0x0800d3fd   Thumb Code    50  stm32_eval_spi_sd.o(.text)
    SD_SendCmd                               0x0800d42f   Thumb Code    70  stm32_eval_spi_sd.o(.text)
    SD_ReadByte                              0x0800d475   Thumb Code    52  stm32_eval_spi_sd.o(.text)
    SD_GetResponse                           0x0800d4a9   Thumb Code    34  stm32_eval_spi_sd.o(.text)
    SD_GoIdleState                           0x0800d4cb   Thumb Code   102  stm32_eval_spi_sd.o(.text)
    SD_Init                                  0x0800d531   Thumb Code    40  stm32_eval_spi_sd.o(.text)
    SD_Detect                                0x0800d559   Thumb Code    28  stm32_eval_spi_sd.o(.text)
    SD_GetCIDRegister                        0x0800d575   Thumb Code   262  stm32_eval_spi_sd.o(.text)
    SD_GetCSDRegister                        0x0800d67b   Thumb Code   536  stm32_eval_spi_sd.o(.text)
    SD_GetCardInfo                           0x0800d893   Thumb Code    64  stm32_eval_spi_sd.o(.text)
    SD_ReadBlock                             0x0800d8d3   Thumb Code   104  stm32_eval_spi_sd.o(.text)
    SD_ReadMultiBlocks                       0x0800d93b   Thumb Code   140  stm32_eval_spi_sd.o(.text)
    SD_GetDataResponse                       0x0800d9c7   Thumb Code    76  stm32_eval_spi_sd.o(.text)
    SD_WriteBlock                            0x0800da13   Thumb Code   116  stm32_eval_spi_sd.o(.text)
    SD_WriteMultiBlocks                      0x0800da87   Thumb Code   158  stm32_eval_spi_sd.o(.text)
    SD_GetStatus                             0x0800db25   Thumb Code    58  stm32_eval_spi_sd.o(.text)
    __use_no_semihosting                     0x0800db65   Thumb Code     2  use_no_semi_2.o(.text)
    __2printf                                0x0800db69   Thumb Code    20  noretval__2printf.o(.text)
    __2sprintf                               0x0800db81   Thumb Code    34  noretval__2sprintf.o(.text)
    __printf                                 0x0800dba9   Thumb Code   104  __printf.o(.text)
    _printf_str                              0x0800dc11   Thumb Code    82  _printf_str.o(.text)
    _printf_int_dec                          0x0800dc65   Thumb Code   102  _printf_dec.o(.text)
    strstr                                   0x0800dcdd   Thumb Code    36  strstr.o(.text)
    strlen                                   0x0800dd01   Thumb Code    62  strlen.o(.text)
    __aeabi_memcpy4                          0x0800dd3f   Thumb Code     0  rt_memcpy_w.o(.text)
    __aeabi_memcpy8                          0x0800dd3f   Thumb Code     0  rt_memcpy_w.o(.text)
    __rt_memcpy_w                            0x0800dd3f   Thumb Code   100  rt_memcpy_w.o(.text)
    _memcpy_lastbytes_aligned                0x0800dd87   Thumb Code     0  rt_memcpy_w.o(.text)
    __aeabi_memclr                           0x0800dda3   Thumb Code     0  rt_memclr.o(.text)
    __rt_memclr                              0x0800dda3   Thumb Code    68  rt_memclr.o(.text)
    _memset                                  0x0800dda7   Thumb Code     0  rt_memclr.o(.text)
    __aeabi_memclr4                          0x0800dde7   Thumb Code     0  rt_memclr_w.o(.text)
    __aeabi_memclr8                          0x0800dde7   Thumb Code     0  rt_memclr_w.o(.text)
    __rt_memclr_w                            0x0800dde7   Thumb Code    78  rt_memclr_w.o(.text)
    _memset_w                                0x0800ddeb   Thumb Code     0  rt_memclr_w.o(.text)
    __use_two_region_memory                  0x0800de35   Thumb Code     2  heapauxi.o(.text)
    __rt_heap_escrow$2region                 0x0800de37   Thumb Code     2  heapauxi.o(.text)
    __rt_heap_expand$2region                 0x0800de39   Thumb Code     2  heapauxi.o(.text)
    __I$use$semihosting                      0x0800de3b   Thumb Code     0  use_no_semi.o(.text)
    __use_no_semihosting_swi                 0x0800de3b   Thumb Code     2  use_no_semi.o(.text)
    _printf_int_common                       0x0800de3d   Thumb Code   184  _printf_intcommon.o(.text)
    _printf_char_common                      0x0800deff   Thumb Code    32  _printf_char_common.o(.text)
    _sputc                                   0x0800df25   Thumb Code    10  _sputc.o(.text)
    _printf_cs_common                        0x0800df2f   Thumb Code    20  _printf_char.o(.text)
    _printf_char                             0x0800df43   Thumb Code    16  _printf_char.o(.text)
    _printf_string                           0x0800df53   Thumb Code     8  _printf_char.o(.text)
    _printf_char_file                        0x0800df5d   Thumb Code    32  _printf_char_file.o(.text)
    ferror                                   0x0800df81   Thumb Code     8  ferror.o(.text)
    __user_setup_stackheap                   0x0800df89   Thumb Code    74  sys_stackheap_outer.o(.text)
    exit                                     0x0800dfd3   Thumb Code    12  exit.o(.text)
    __user_libspace                          0x0800dfe1   Thumb Code     8  libspace.o(.text)
    __user_perproc_libspace                  0x0800dfe1   Thumb Code     0  libspace.o(.text)
    __user_perthread_libspace                0x0800dfe1   Thumb Code     0  libspace.o(.text)
    OSStartHighRdy                           0x0800dfe9   Thumb Code     0  os_cpu_a.o(CODE)
    OS_CPU_PendSVHandler                     0x0800e00b   Thumb Code     0  os_cpu_a.o(CODE)
    OSCfg_IdleTaskStkBasePtr                 0x0800e200   Data           4  os_cfg_app.o(.constdata)
    OSCfg_IdleTaskStkLimit                   0x0800e204   Data           4  os_cfg_app.o(.constdata)
    OSCfg_IdleTaskStkSize                    0x0800e208   Data           4  os_cfg_app.o(.constdata)
    OSCfg_IdleTaskStkSizeRAM                 0x0800e20c   Data           4  os_cfg_app.o(.constdata)
    OSCfg_IntQBasePtr                        0x0800e210   Data           4  os_cfg_app.o(.constdata)
    OSCfg_IntQSize                           0x0800e214   Data           2  os_cfg_app.o(.constdata)
    OSCfg_IntQSizeRAM                        0x0800e218   Data           4  os_cfg_app.o(.constdata)
    OSCfg_IntQTaskStkBasePtr                 0x0800e21c   Data           4  os_cfg_app.o(.constdata)
    OSCfg_IntQTaskStkLimit                   0x0800e220   Data           4  os_cfg_app.o(.constdata)
    OSCfg_IntQTaskStkSize                    0x0800e224   Data           4  os_cfg_app.o(.constdata)
    OSCfg_IntQTaskStkSizeRAM                 0x0800e228   Data           4  os_cfg_app.o(.constdata)
    OSCfg_ISRStkBasePtr                      0x0800e22c   Data           4  os_cfg_app.o(.constdata)
    OSCfg_ISRStkSize                         0x0800e230   Data           4  os_cfg_app.o(.constdata)
    OSCfg_ISRStkSizeRAM                      0x0800e234   Data           4  os_cfg_app.o(.constdata)
    OSCfg_MsgPoolSize                        0x0800e238   Data           2  os_cfg_app.o(.constdata)
    OSCfg_MsgPoolSizeRAM                     0x0800e23c   Data           4  os_cfg_app.o(.constdata)
    OSCfg_MsgPoolBasePtr                     0x0800e240   Data           4  os_cfg_app.o(.constdata)
    OSCfg_StatTaskPrio                       0x0800e244   Data           1  os_cfg_app.o(.constdata)
    OSCfg_StatTaskRate_Hz                    0x0800e248   Data           4  os_cfg_app.o(.constdata)
    OSCfg_StatTaskStkBasePtr                 0x0800e24c   Data           4  os_cfg_app.o(.constdata)
    OSCfg_StatTaskStkLimit                   0x0800e250   Data           4  os_cfg_app.o(.constdata)
    OSCfg_StatTaskStkSize                    0x0800e254   Data           4  os_cfg_app.o(.constdata)
    OSCfg_StatTaskStkSizeRAM                 0x0800e258   Data           4  os_cfg_app.o(.constdata)
    OSCfg_StkSizeMin                         0x0800e25c   Data           4  os_cfg_app.o(.constdata)
    OSCfg_TickRate_Hz                        0x0800e260   Data           4  os_cfg_app.o(.constdata)
    OSCfg_TickTaskPrio                       0x0800e264   Data           1  os_cfg_app.o(.constdata)
    OSCfg_TickTaskStkBasePtr                 0x0800e268   Data           4  os_cfg_app.o(.constdata)
    OSCfg_TickTaskStkLimit                   0x0800e26c   Data           4  os_cfg_app.o(.constdata)
    OSCfg_TickTaskStkSize                    0x0800e270   Data           4  os_cfg_app.o(.constdata)
    OSCfg_TickTaskStkSizeRAM                 0x0800e274   Data           4  os_cfg_app.o(.constdata)
    OSCfg_TickWheelSize                      0x0800e278   Data           2  os_cfg_app.o(.constdata)
    OSCfg_TickWheelSizeRAM                   0x0800e27c   Data           4  os_cfg_app.o(.constdata)
    OSCfg_TmrTaskPrio                        0x0800e280   Data           1  os_cfg_app.o(.constdata)
    OSCfg_TmrTaskRate_Hz                     0x0800e284   Data           4  os_cfg_app.o(.constdata)
    OSCfg_TmrTaskStkBasePtr                  0x0800e288   Data           4  os_cfg_app.o(.constdata)
    OSCfg_TmrTaskStkLimit                    0x0800e28c   Data           4  os_cfg_app.o(.constdata)
    OSCfg_TmrTaskStkSize                     0x0800e290   Data           4  os_cfg_app.o(.constdata)
    OSCfg_TmrTaskStkSizeRAM                  0x0800e294   Data           4  os_cfg_app.o(.constdata)
    OSCfg_TmrWheelSize                       0x0800e298   Data           2  os_cfg_app.o(.constdata)
    OSCfg_TmrWheelSizeRAM                    0x0800e29c   Data           4  os_cfg_app.o(.constdata)
    OSCfg_DataSizeRAM                        0x0800e2a0   Data           4  os_cfg_app.o(.constdata)
    OSDbg_DbgEn                              0x0800e2a4   Data           2  os_dbg.o(.constdata)
    OSDbg_ArgChkEn                           0x0800e2a6   Data           1  os_dbg.o(.constdata)
    OSDbg_AppHooksEn                         0x0800e2a7   Data           1  os_dbg.o(.constdata)
    OSDbg_EndiannessTest                     0x0800e2a8   Data           4  os_dbg.o(.constdata)
    OSDbg_CalledFromISRChkEn                 0x0800e2ac   Data           1  os_dbg.o(.constdata)
    OSDbg_FlagEn                             0x0800e2ad   Data           1  os_dbg.o(.constdata)
    OSDbg_FlagGrp                            0x0800e2b0   Data          40  os_dbg.o(.constdata)
    OSDbg_FlagDelEn                          0x0800e2d8   Data           1  os_dbg.o(.constdata)
    OSDbg_FlagModeClrEn                      0x0800e2d9   Data           1  os_dbg.o(.constdata)
    OSDbg_FlagPendAbortEn                    0x0800e2da   Data           1  os_dbg.o(.constdata)
    OSDbg_FlagGrpSize                        0x0800e2dc   Data           2  os_dbg.o(.constdata)
    OSDbg_FlagWidth                          0x0800e2de   Data           2  os_dbg.o(.constdata)
    OSDbg_IntQ                               0x0800e2e0   Data           2  os_dbg.o(.constdata)
    OSDbg_ISRPostDeferredEn                  0x0800e2e2   Data           1  os_dbg.o(.constdata)
    OSDbg_Mem                                0x0800e2e4   Data          32  os_dbg.o(.constdata)
    OSDbg_MemEn                              0x0800e304   Data           1  os_dbg.o(.constdata)
    OSDbg_MemSize                            0x0800e306   Data           2  os_dbg.o(.constdata)
    OSDbg_MsgEn                              0x0800e308   Data           1  os_dbg.o(.constdata)
    OSDbg_MsgSize                            0x0800e30a   Data           2  os_dbg.o(.constdata)
    OSDbg_MsgPoolSize                        0x0800e30c   Data           2  os_dbg.o(.constdata)
    OSDbg_MsgQSize                           0x0800e30e   Data           2  os_dbg.o(.constdata)
    OSDbg_Mutex                              0x0800e310   Data          44  os_dbg.o(.constdata)
    OSDbg_MutexEn                            0x0800e33c   Data           1  os_dbg.o(.constdata)
    OSDbg_MutexDelEn                         0x0800e33d   Data           1  os_dbg.o(.constdata)
    OSDbg_MutexPendAbortEn                   0x0800e33e   Data           1  os_dbg.o(.constdata)
    OSDbg_MutexSize                          0x0800e340   Data           2  os_dbg.o(.constdata)
    OSDbg_ObjTypeChkEn                       0x0800e342   Data           1  os_dbg.o(.constdata)
    OSDbg_PendMultiEn                        0x0800e343   Data           1  os_dbg.o(.constdata)
    OSDbg_PendDataSize                       0x0800e344   Data           2  os_dbg.o(.constdata)
    OSDbg_PendListSize                       0x0800e346   Data           2  os_dbg.o(.constdata)
    OSDbg_PendObjSize                        0x0800e348   Data           2  os_dbg.o(.constdata)
    OSDbg_PrioMax                            0x0800e34a   Data           2  os_dbg.o(.constdata)
    OSDbg_PrioTblSize                        0x0800e34c   Data           2  os_dbg.o(.constdata)
    OSDbg_PtrSize                            0x0800e34e   Data           2  os_dbg.o(.constdata)
    OSDbg_Q                                  0x0800e350   Data          48  os_dbg.o(.constdata)
    OSDbg_QEn                                0x0800e380   Data           1  os_dbg.o(.constdata)
    OSDbg_QDelEn                             0x0800e381   Data           1  os_dbg.o(.constdata)
    OSDbg_QFlushEn                           0x0800e382   Data           1  os_dbg.o(.constdata)
    OSDbg_QPendAbortEn                       0x0800e383   Data           1  os_dbg.o(.constdata)
    OSDbg_QSize                              0x0800e384   Data           2  os_dbg.o(.constdata)
    OSDbg_SchedRoundRobinEn                  0x0800e386   Data           1  os_dbg.o(.constdata)
    OSDbg_Sem                                0x0800e388   Data          40  os_dbg.o(.constdata)
    OSDbg_SemEn                              0x0800e3b0   Data           1  os_dbg.o(.constdata)
    OSDbg_SemDelEn                           0x0800e3b1   Data           1  os_dbg.o(.constdata)
    OSDbg_SemPendAbortEn                     0x0800e3b2   Data           1  os_dbg.o(.constdata)
    OSDbg_SemSetEn                           0x0800e3b3   Data           1  os_dbg.o(.constdata)
    OSDbg_SemSize                            0x0800e3b4   Data           2  os_dbg.o(.constdata)
    OSDbg_RdyList                            0x0800e3b6   Data           2  os_dbg.o(.constdata)
    OSDbg_RdyListSize                        0x0800e3b8   Data           4  os_dbg.o(.constdata)
    OSDbg_StkWidth                           0x0800e3bc   Data           1  os_dbg.o(.constdata)
    OSDbg_StatTaskEn                         0x0800e3bd   Data           1  os_dbg.o(.constdata)
    OSDbg_StatTaskStkChkEn                   0x0800e3be   Data           1  os_dbg.o(.constdata)
    OSDbg_TaskChangePrioEn                   0x0800e3bf   Data           1  os_dbg.o(.constdata)
    OSDbg_TaskDelEn                          0x0800e3c0   Data           1  os_dbg.o(.constdata)
    OSDbg_TaskQEn                            0x0800e3c1   Data           1  os_dbg.o(.constdata)
    OSDbg_TaskQPendAbortEn                   0x0800e3c2   Data           1  os_dbg.o(.constdata)
    OSDbg_TaskProfileEn                      0x0800e3c3   Data           1  os_dbg.o(.constdata)
    OSDbg_TaskRegTblSize                     0x0800e3c4   Data           2  os_dbg.o(.constdata)
    OSDbg_TaskSemPendAbortEn                 0x0800e3c6   Data           1  os_dbg.o(.constdata)
    OSDbg_TaskSuspendEn                      0x0800e3c7   Data           1  os_dbg.o(.constdata)
    OSDbg_TCBSize                            0x0800e3c8   Data           2  os_dbg.o(.constdata)
    OSDbg_TickSpokeSize                      0x0800e3ca   Data           2  os_dbg.o(.constdata)
    OSDbg_TimeDlyHMSMEn                      0x0800e3cc   Data           1  os_dbg.o(.constdata)
    OSDbg_TimeDlyResumeEn                    0x0800e3cd   Data           1  os_dbg.o(.constdata)
    OSDbg_TLS_TblSize                        0x0800e3ce   Data           2  os_dbg.o(.constdata)
    OSDbg_Tmr                                0x0800e3d0   Data          52  os_dbg.o(.constdata)
    OSDbg_TmrEn                              0x0800e404   Data           1  os_dbg.o(.constdata)
    OSDbg_TmrDelEn                           0x0800e405   Data           1  os_dbg.o(.constdata)
    OSDbg_TmrSize                            0x0800e406   Data           2  os_dbg.o(.constdata)
    OSDbg_TmrSpokeSize                       0x0800e408   Data           2  os_dbg.o(.constdata)
    OSDbg_VersionNbr                         0x0800e40a   Data           2  os_dbg.o(.constdata)
    OSDbg_DataSize                           0x0800e40c   Data           4  os_dbg.o(.constdata)
    asc2_1206                                0x0800e494   Data        1140  gui.o(.constdata)
    asc2_1608                                0x0800e908   Data        1520  gui.o(.constdata)
    asc2_2412                                0x0800eef8   Data         576  gui.o(.constdata)
    tfont16                                  0x0800f138   Data         170  gui.o(.constdata)
    tfont24                                  0x0800f1e2   Data         814  gui.o(.constdata)
    tfont32                                  0x0800f510   Data         130  gui.o(.constdata)
    Region$$Table$$Base                      0x0800f5a0   Number         0  anon$$obj.o(Region$$Table)
    Region$$Table$$Limit                     0x0800f5c0   Number         0  anon$$obj.o(Region$$Table)
    SystemCoreClock                          0x20000000   Data           4  system_stm32f10x.o(.data)
    AHBPrescTable                            0x20000004   Data          16  system_stm32f10x.o(.data)
    CPU_TS_TmrFreq_Hz                        0x20000028   Data           4  cpu_core.o(.data)
    Mem_PoolTbl                              0x2000002c   Data           4  lib_mem.o(.data)
    OS_CPU_ExceptStkBase                     0x20000030   Data           4  os_cpu_c.o(.data)
    OSPrioTbl                                0x20000034   Data           4  os_prio.o(.data)
    OSIdleTaskCtr                            0x20000038   Data           4  os_var.o(.data)
    OSIntNestingCtr                          0x2000003c   Data           1  os_var.o(.data)
    OSRunning                                0x2000003d   Data           1  os_var.o(.data)
    OSIntQInPtr                              0x20000040   Data           4  os_var.o(.data)
    OSIntQOutPtr                             0x20000044   Data           4  os_var.o(.data)
    OSIntQNbrEntries                         0x20000048   Data           2  os_var.o(.data)
    OSIntQNbrEntriesMax                      0x2000004a   Data           2  os_var.o(.data)
    OSIntQOvfCtr                             0x2000004c   Data           2  os_var.o(.data)
    OSIntQTaskTimeMax                        0x20000050   Data           4  os_var.o(.data)
    OSFlagDbgListPtr                         0x20000054   Data           4  os_var.o(.data)
    OSFlagQty                                0x20000058   Data           2  os_var.o(.data)
    OSMemDbgListPtr                          0x2000005c   Data           4  os_var.o(.data)
    OSMemQty                                 0x20000060   Data           2  os_var.o(.data)
    OSMutexDbgListPtr                        0x20000064   Data           4  os_var.o(.data)
    OSMutexQty                               0x20000068   Data           2  os_var.o(.data)
    OSPrioCur                                0x2000006a   Data           1  os_var.o(.data)
    OSPrioHighRdy                            0x2000006b   Data           1  os_var.o(.data)
    OSPrioSaved                              0x2000006c   Data           1  os_var.o(.data)
    OSQDbgListPtr                            0x20000070   Data           4  os_var.o(.data)
    OSQQty                                   0x20000074   Data           2  os_var.o(.data)
    OSSchedLockNestingCtr                    0x20000076   Data           1  os_var.o(.data)
    OSSchedRoundRobinDfltTimeQuanta          0x20000078   Data           4  os_var.o(.data)
    OSSchedRoundRobinEn                      0x2000007c   Data           1  os_var.o(.data)
    OSSemDbgListPtr                          0x20000080   Data           4  os_var.o(.data)
    OSSemQty                                 0x20000084   Data           2  os_var.o(.data)
    OSStatResetFlag                          0x20000086   Data           1  os_var.o(.data)
    OSStatTaskCPUUsage                       0x20000088   Data           2  os_var.o(.data)
    OSStatTaskCPUUsageMax                    0x2000008a   Data           2  os_var.o(.data)
    OSStatTaskCtr                            0x2000008c   Data           4  os_var.o(.data)
    OSStatTaskCtrMax                         0x20000090   Data           4  os_var.o(.data)
    OSStatTaskCtrRun                         0x20000094   Data           4  os_var.o(.data)
    OSStatTaskRdy                            0x20000098   Data           1  os_var.o(.data)
    OSStatTaskTimeMax                        0x2000009c   Data           4  os_var.o(.data)
    OSTaskCtxSwCtr                           0x200000a0   Data           4  os_var.o(.data)
    OSTaskDbgListPtr                         0x200000a4   Data           4  os_var.o(.data)
    OSTaskQty                                0x200000a8   Data           2  os_var.o(.data)
    OSTaskRegNextAvailID                     0x200000aa   Data           1  os_var.o(.data)
    OSTickCtr                                0x200000ac   Data           4  os_var.o(.data)
    OSTickTaskTimeMax                        0x200000b0   Data           4  os_var.o(.data)
    OSTmrDbgListPtr                          0x200000b4   Data           4  os_var.o(.data)
    OSTmrQty                                 0x200000b8   Data           2  os_var.o(.data)
    OSTmrTaskTimeMax                         0x200000bc   Data           4  os_var.o(.data)
    OSTmrTickCtr                             0x200000c0   Data           4  os_var.o(.data)
    OSTmrUpdateCnt                           0x200000c4   Data           4  os_var.o(.data)
    OSTmrUpdateCtr                           0x200000c8   Data           4  os_var.o(.data)
    OSTCBCurPtr                              0x200000cc   Data           4  os_var.o(.data)
    OSTCBHighRdyPtr                          0x200000d0   Data           4  os_var.o(.data)
    Time_statr_flag                          0x200000d8   Data           1  delay.o(.data)
    Time_out_flag                            0x200000d9   Data           1  delay.o(.data)
    Time_wait_cnt                            0x200000dc   Data           4  delay.o(.data)
    Timeout                                  0x200000e4   Data           4  iic.o(.data)
    I2CDirection                             0x200000e8   Data           4  iic.o(.data)
    NumbOfBytes1                             0x200000ec   Data           4  iic.o(.data)
    NumbOfBytes2                             0x200000f0   Data           4  iic.o(.data)
    Address                                  0x200000f4   Data           1  iic.o(.data)
    USE_USART                                0x200000f8   Data           1  usart.o(.data)
    __stdout                                 0x200000fc   Data           4  usart.o(.data)
    temperature                              0x20000100   Data           4  dht11.o(.data)
    humidity                                 0x20000104   Data           4  dht11.o(.data)
    POINT_COLOR                              0x20000108   Data           2  lcd_driver.o(.data)
    BACK_COLOR                               0x2000010a   Data           2  lcd_driver.o(.data)
    DeviceCode                               0x2000010c   Data           2  lcd_driver.o(.data)
    RGB_SET_VALUE                            0x2000010e   Data           3  tca62724.o(.data)
    MY_COMP                                  0x20000114   Data           8  wifi_esp.o(.data)
    CPU_Name                                 0x20006ff0   Data          16  cpu_core.o(.bss)
    Mem_PoolHeap                             0x20007000   Data          72  lib_mem.o(.bss)
    Mem_Heap                                 0x20007048   Data        2048  lib_mem.o(.bss)
    OSCfg_IdleTaskStk                        0x20007848   Data         256  os_cfg_app.o(.bss)
    OSCfg_IntQ                               0x20007948   Data         320  os_cfg_app.o(.bss)
    OSCfg_IntQTaskStk                        0x20007a88   Data         512  os_cfg_app.o(.bss)
    OSCfg_ISRStk                             0x20007c88   Data         512  os_cfg_app.o(.bss)
    OSCfg_MsgPool                            0x20007e88   Data        1600  os_cfg_app.o(.bss)
    OSCfg_StatTaskStk                        0x200084c8   Data         512  os_cfg_app.o(.bss)
    OSCfg_TickTaskStk                        0x200086c8   Data         512  os_cfg_app.o(.bss)
    OSCfg_TickWheel                          0x200088c8   Data         136  os_cfg_app.o(.bss)
    OSCfg_TmrTaskStk                         0x20008950   Data         512  os_cfg_app.o(.bss)
    OSCfg_TmrWheel                           0x20008b50   Data         136  os_cfg_app.o(.bss)
    OSIdleTaskTCB                            0x20008bd8   Data         192  os_var.o(.bss)
    OSIntQTaskTCB                            0x20008c98   Data         192  os_var.o(.bss)
    OSMsgPool                                0x20008d58   Data          12  os_var.o(.bss)
    OSRdyList                                0x20008d64   Data         384  os_var.o(.bss)
    OSStatTaskTCB                            0x20008ee4   Data         192  os_var.o(.bss)
    OSTickTaskTCB                            0x20008fa4   Data         192  os_var.o(.bss)
    OSTmrTaskTCB                             0x20009064   Data         192  os_var.o(.bss)
    I2CDMA_InitStructure                     0x20009124   Data          44  iic.o(.bss)
    USART1_MESSG                             0x20009150   Data         516  usart.o(.bss)
    USART2_MESSG                             0x20009354   Data         516  usart.o(.bss)
    USART3_MESSG                             0x20009558   Data         516  usart.o(.bss)
    UART4_MESSG                              0x2000975c   Data         516  usart.o(.bss)
    UART5_MESSG                              0x20009960   Data         516  usart.o(.bss)
    lcddev                                   0x20009b64   Data          14  lcd_driver.o(.bss)
    wifi_date_buf                            0x20009b72   Data        2048  wifi_esp.o(.bss)
    wifi_cmd_date                            0x2000a372   Data          40  wifi_esp.o(.bss)
    __libspace_start                         0x2000a39c   Data          96  libspace.o(.bss)
    __temporary_stack_top$libspace           0x2000a3fc   Data           0  libspace.o(.bss)



==============================================================================

Memory Map of the image

  Image Entry point : 0x08000131

  Load Region LR_IROM1 (Base: 0x08000000, Size: 0x0000f6e8, Max: 0x00080000, ABSOLUTE)

    Execution Region ER_IROM1 (Base: 0x08000000, Size: 0x0000f5c0, Max: 0x00080000, ABSOLUTE)

    Base Addr    Size         Type   Attr      Idx    E Section Name        Object

    0x08000000   0x00000130   Data   RO          274    RESET               startup_stm32f10x_hd.o
    0x08000130   0x00000008   Code   RO         1779  * !!!main             c_w.l(__main.o)
    0x08000138   0x00000034   Code   RO         1961    !!!scatter          c_w.l(__scatter.o)
    0x0800016c   0x0000001a   Code   RO         1963    !!handler_copy      c_w.l(__scatter_copy.o)
    0x08000186   0x00000002   PAD
    0x08000188   0x0000001c   Code   RO         1965    !!handler_zi        c_w.l(__scatter_zi.o)
    0x080001a4   0x00000000   Code   RO         1766    .ARM.Collect$$_printf_percent$$00000000  c_w.l(_printf_percent.o)
    0x080001a4   0x00000006   Code   RO         1765    .ARM.Collect$$_printf_percent$$00000009  c_w.l(_printf_d.o)
    0x080001aa   0x00000006   Code   RO         1764    .ARM.Collect$$_printf_percent$$00000014  c_w.l(_printf_s.o)
    0x080001b0   0x00000004   Code   RO         1802    .ARM.Collect$$_printf_percent$$00000017  c_w.l(_printf_percent_end.o)
    0x080001b4   0x00000002   Code   RO         1838    .ARM.Collect$$libinit$$00000000  c_w.l(libinit.o)
    0x080001b6   0x00000000   Code   RO         1845    .ARM.Collect$$libinit$$00000002  c_w.l(libinit2.o)
    0x080001b6   0x00000000   Code   RO         1848    .ARM.Collect$$libinit$$00000008  c_w.l(libinit2.o)
    0x080001b6   0x00000000   Code   RO         1850    .ARM.Collect$$libinit$$0000000A  c_w.l(libinit2.o)
    0x080001b6   0x00000000   Code   RO         1852    .ARM.Collect$$libinit$$0000000C  c_w.l(libinit2.o)
    0x080001b6   0x00000000   Code   RO         1855    .ARM.Collect$$libinit$$0000000F  c_w.l(libinit2.o)
    0x080001b6   0x00000000   Code   RO         1857    .ARM.Collect$$libinit$$00000011  c_w.l(libinit2.o)
    0x080001b6   0x00000000   Code   RO         1859    .ARM.Collect$$libinit$$00000013  c_w.l(libinit2.o)
    0x080001b6   0x00000000   Code   RO         1861    .ARM.Collect$$libinit$$00000015  c_w.l(libinit2.o)
    0x080001b6   0x00000000   Code   RO         1863    .ARM.Collect$$libinit$$00000017  c_w.l(libinit2.o)
    0x080001b6   0x00000000   Code   RO         1865    .ARM.Collect$$libinit$$00000019  c_w.l(libinit2.o)
    0x080001b6   0x00000000   Code   RO         1867    .ARM.Collect$$libinit$$0000001B  c_w.l(libinit2.o)
    0x080001b6   0x00000000   Code   RO         1869    .ARM.Collect$$libinit$$0000001D  c_w.l(libinit2.o)
    0x080001b6   0x00000000   Code   RO         1871    .ARM.Collect$$libinit$$0000001F  c_w.l(libinit2.o)
    0x080001b6   0x00000000   Code   RO         1873    .ARM.Collect$$libinit$$00000021  c_w.l(libinit2.o)
    0x080001b6   0x00000000   Code   RO         1875    .ARM.Collect$$libinit$$00000023  c_w.l(libinit2.o)
    0x080001b6   0x00000000   Code   RO         1879    .ARM.Collect$$libinit$$0000002A  c_w.l(libinit2.o)
    0x080001b6   0x00000000   Code   RO         1881    .ARM.Collect$$libinit$$0000002C  c_w.l(libinit2.o)
    0x080001b6   0x00000000   Code   RO         1883    .ARM.Collect$$libinit$$0000002E  c_w.l(libinit2.o)
    0x080001b6   0x00000000   Code   RO         1885    .ARM.Collect$$libinit$$00000030  c_w.l(libinit2.o)
    0x080001b6   0x00000002   Code   RO         1886    .ARM.Collect$$libinit$$00000031  c_w.l(libinit2.o)
    0x080001b8   0x00000002   Code   RO         1904    .ARM.Collect$$libshutdown$$00000000  c_w.l(libshutdown.o)
    0x080001ba   0x00000000   Code   RO         1915    .ARM.Collect$$libshutdown$$00000003  c_w.l(libshutdown2.o)
    0x080001ba   0x00000000   Code   RO         1918    .ARM.Collect$$libshutdown$$00000006  c_w.l(libshutdown2.o)
    0x080001ba   0x00000000   Code   RO         1921    .ARM.Collect$$libshutdown$$00000009  c_w.l(libshutdown2.o)
    0x080001ba   0x00000000   Code   RO         1923    .ARM.Collect$$libshutdown$$0000000B  c_w.l(libshutdown2.o)
    0x080001ba   0x00000000   Code   RO         1926    .ARM.Collect$$libshutdown$$0000000E  c_w.l(libshutdown2.o)
    0x080001ba   0x00000002   Code   RO         1927    .ARM.Collect$$libshutdown$$0000000F  c_w.l(libshutdown2.o)
    0x080001bc   0x00000000   Code   RO         1791    .ARM.Collect$$rtentry$$00000000  c_w.l(rtentry.o)
    0x080001bc   0x00000000   Code   RO         1809    .ARM.Collect$$rtentry$$00000002  c_w.l(rtentry2.o)
    0x080001bc   0x00000006   Code   RO         1821    .ARM.Collect$$rtentry$$00000004  c_w.l(rtentry4.o)
    0x080001c2   0x00000000   Code   RO         1811    .ARM.Collect$$rtentry$$00000009  c_w.l(rtentry2.o)
    0x080001c2   0x00000004   Code   RO         1812    .ARM.Collect$$rtentry$$0000000A  c_w.l(rtentry2.o)
    0x080001c6   0x00000000   Code   RO         1814    .ARM.Collect$$rtentry$$0000000C  c_w.l(rtentry2.o)
    0x080001c6   0x00000008   Code   RO         1815    .ARM.Collect$$rtentry$$0000000D  c_w.l(rtentry2.o)
    0x080001ce   0x00000002   Code   RO         1842    .ARM.Collect$$rtexit$$00000000  c_w.l(rtexit.o)
    0x080001d0   0x00000000   Code   RO         1888    .ARM.Collect$$rtexit$$00000002  c_w.l(rtexit2.o)
    0x080001d0   0x00000004   Code   RO         1889    .ARM.Collect$$rtexit$$00000003  c_w.l(rtexit2.o)
    0x080001d4   0x00000006   Code   RO         1890    .ARM.Collect$$rtexit$$00000004  c_w.l(rtexit2.o)
    0x080001da   0x00000002   PAD
    0x080001dc   0x00000494   Code   RO            1    .text               app.o
    0x08000670   0x00000018   Code   RO          239    .text               stm32f10x_it.o
    0x08000688   0x000001dc   Code   RO          254    .text               system_stm32f10x.o
    0x08000864   0x00000040   Code   RO          275    .text               startup_stm32f10x_hd.o
    0x080008a4   0x0000001a   Code   RO          279    .text               main.o
    0x080008be   0x00000002   PAD
    0x080008c0   0x000000dc   Code   RO          298    .text               misc.o
    0x0800099c   0x00000250   Code   RO          394    .text               stm32f10x_dma.o
    0x08000bec   0x00000358   Code   RO          442    .text               stm32f10x_gpio.o
    0x08000f44   0x00000404   Code   RO          454    .text               stm32f10x_i2c.o
    0x08001348   0x00000040   Code   RO          466    .text               stm32f10x_iwdg.o
    0x08001388   0x000003a4   Code   RO          490    .text               stm32f10x_rcc.o
    0x0800172c   0x0000030c   Code   RO          528    .text               stm32f10x_spi.o
    0x08001a38   0x00000408   Code   RO          552    .text               stm32f10x_usart.o
    0x08001e40   0x000002b0   Code   RO          588    .text               cpu_core.o
    0x080020f0   0x00000034   Code   RO          608    .text               cpu_a.o
    0x08002124   0x00000256   Code   RO          611    .text               lib_ascii.o
    0x0800237a   0x00000002   PAD
    0x0800237c   0x00000b04   Code   RO          644    .text               lib_mem.o
    0x08002e80   0x000008fc   Code   RO          663    .text               lib_str.o
    0x0800377c   0x000000fc   Code   RO          698    .text               os_cfg_app.o
    0x08003878   0x00000d88   Code   RO          721    .text               os_core.o
    0x08004600   0x000001c0   Code   RO          733    .text               os_cpu_c.o
    0x080047c0   0x000001b0   Code   RO          751    .text               os_dbg.o
    0x08004970   0x000008a0   Code   RO          766    .text               os_flag.o
    0x08005210   0x00000438   Code   RO          778    .text               os_int.o
    0x08005648   0x00000238   Code   RO          790    .text               os_mem.o
    0x08005880   0x00000228   Code   RO          802    .text               os_msg.o
    0x08005aa8   0x00000678   Code   RO          814    .text               os_mutex.o
    0x08006120   0x0000007c   Code   RO          838    .text               os_prio.o
    0x0800619c   0x0000068c   Code   RO          857    .text               os_q.o
    0x08006828   0x000006bc   Code   RO          869    .text               os_sem.o
    0x08006ee4   0x00000634   Code   RO          881    .text               os_stat.o
    0x08007518   0x00001ab4   Code   RO          893    .text               os_task.o
    0x08008fcc   0x00000508   Code   RO          905    .text               os_tick.o
    0x080094d4   0x0000039c   Code   RO          917    .text               os_time.o
    0x08009870   0x00000764   Code   RO          929    .text               os_tmr.o
    0x08009fd4   0x000000d8   Code   RO          996    .text               delay.o
    0x0800a0ac   0x00000c8c   Code   RO         1014    .text               iic.o
    0x0800ad38   0x000000fc   Code   RO         1031    .text               init.o
    0x0800ae34   0x00000130   Code   RO         1047    .text               spi.o
    0x0800af64   0x000009c4   Code   RO         1060    .text               usart.o
    0x0800b928   0x00000aa8   Code   RO         1099    .text               gui.o
    0x0800c3d0   0x000001f4   Code   RO         1224    .text               dht11.o
    0x0800c5c4   0x000004c4   Code   RO         1254    .text               lcd_driver.o
    0x0800ca88   0x000001a8   Code   RO         1273    .text               led.o
    0x0800cc30   0x000001a8   Code   RO         1315    .text               tca62724.o
    0x0800cdd8   0x000004ec   Code   RO         1333    .text               wifi_esp.o
    0x0800d2c4   0x000008a0   Code   RO         1353    .text               stm32_eval_spi_sd.o
    0x0800db64   0x00000002   Code   RO         1728    .text               c_w.l(use_no_semi_2.o)
    0x0800db66   0x00000002   PAD
    0x0800db68   0x00000018   Code   RO         1734    .text               c_w.l(noretval__2printf.o)
    0x0800db80   0x00000028   Code   RO         1736    .text               c_w.l(noretval__2sprintf.o)
    0x0800dba8   0x00000068   Code   RO         1738    .text               c_w.l(__printf.o)
    0x0800dc10   0x00000052   Code   RO         1740    .text               c_w.l(_printf_str.o)
    0x0800dc62   0x00000002   PAD
    0x0800dc64   0x00000078   Code   RO         1742    .text               c_w.l(_printf_dec.o)
    0x0800dcdc   0x00000024   Code   RO         1767    .text               c_w.l(strstr.o)
    0x0800dd00   0x0000003e   Code   RO         1769    .text               c_w.l(strlen.o)
    0x0800dd3e   0x00000064   Code   RO         1771    .text               c_w.l(rt_memcpy_w.o)
    0x0800dda2   0x00000044   Code   RO         1773    .text               c_w.l(rt_memclr.o)
    0x0800dde6   0x0000004e   Code   RO         1775    .text               c_w.l(rt_memclr_w.o)
    0x0800de34   0x00000006   Code   RO         1777    .text               c_w.l(heapauxi.o)
    0x0800de3a   0x00000002   Code   RO         1789    .text               c_w.l(use_no_semi.o)
    0x0800de3c   0x000000b8   Code   RO         1792    .text               c_w.l(_printf_intcommon.o)
    0x0800def4   0x00000030   Code   RO         1794    .text               c_w.l(_printf_char_common.o)
    0x0800df24   0x0000000a   Code   RO         1796    .text               c_w.l(_sputc.o)
    0x0800df2e   0x0000002c   Code   RO         1798    .text               c_w.l(_printf_char.o)
    0x0800df5a   0x00000002   PAD
    0x0800df5c   0x00000024   Code   RO         1800    .text               c_w.l(_printf_char_file.o)
    0x0800df80   0x00000008   Code   RO         1825    .text               c_w.l(ferror.o)
    0x0800df88   0x0000004a   Code   RO         1829    .text               c_w.l(sys_stackheap_outer.o)
    0x0800dfd2   0x0000000c   Code   RO         1831    .text               c_w.l(exit.o)
    0x0800dfde   0x00000002   PAD
    0x0800dfe0   0x00000008   Code   RO         1839    .text               c_w.l(libspace.o)
    0x0800dfe8   0x00000084   Code   RO          955    CODE                os_cpu_a.o
    0x0800e06c   0x00000100   Data   RO          590    .constdata          cpu_core.o
    0x0800e16c   0x00000094   Data   RO          664    .constdata          lib_str.o
    0x0800e200   0x000000a4   Data   RO          700    .constdata          os_cfg_app.o
    0x0800e2a4   0x0000016c   Data   RO          752    .constdata          os_dbg.o
    0x0800e410   0x00000010   Data   RO         1016    .constdata          iic.o
    0x0800e420   0x00000010   Data   RO         1048    .constdata          spi.o
    0x0800e430   0x00000064   Data   RO         1062    .constdata          usart.o
    0x0800e494   0x000010fe   Data   RO         1100    .constdata          gui.o
    0x0800f592   0x0000000e   Data   RO         1335    .conststring        wifi_esp.o
    0x0800f5a0   0x00000020   Data   RO         1959    Region$$Table       anon$$obj.o


    Execution Region RW_IRAM1 (Base: 0x20000000, Size: 0x0000aa00, Max: 0x00010000, ABSOLUTE)

    Base Addr    Size         Type   Attr      Idx    E Section Name        Object

    0x20000000   0x00000014   Data   RW          255    .data               system_stm32f10x.o
    0x20000014   0x00000014   Data   RW          491    .data               stm32f10x_rcc.o
    0x20000028   0x00000004   Data   RW          591    .data               cpu_core.o
    0x2000002c   0x00000004   Data   RW          646    .data               lib_mem.o
    0x20000030   0x00000004   Data   RW          734    .data               os_cpu_c.o
    0x20000034   0x00000004   Data   RW          839    .data               os_prio.o
    0x20000038   0x0000009c   Data   RW          942    .data               os_var.o
    0x200000d4   0x00000010   Data   RW          997    .data               delay.o
    0x200000e4   0x00000011   Data   RW         1017    .data               iic.o
    0x200000f5   0x00000003   PAD
    0x200000f8   0x00000008   Data   RW         1063    .data               usart.o
    0x20000100   0x00000008   Data   RW         1225    .data               dht11.o
    0x20000108   0x00000006   Data   RW         1256    .data               lcd_driver.o
    0x2000010e   0x00000003   Data   RW         1316    .data               tca62724.o
    0x20000111   0x00000003   PAD
    0x20000114   0x00000012   Data   RW         1336    .data               wifi_esp.o
    0x20000126   0x00000002   PAD
    0x20000128   0x00006ec8   Zero   RW            2    .bss                app.o
    0x20006ff0   0x00000010   Zero   RW          589    .bss                cpu_core.o
    0x20007000   0x00000848   Zero   RW          645    .bss                lib_mem.o
    0x20007848   0x00001390   Zero   RW          699    .bss                os_cfg_app.o
    0x20008bd8   0x0000054c   Zero   RW          941    .bss                os_var.o
    0x20009124   0x0000002c   Zero   RW         1015    .bss                iic.o
    0x20009150   0x00000a14   Zero   RW         1061    .bss                usart.o
    0x20009b64   0x0000000e   Zero   RW         1255    .bss                lcd_driver.o
    0x20009b72   0x00000828   Zero   RW         1334    .bss                wifi_esp.o
    0x2000a39a   0x00000002   PAD
    0x2000a39c   0x00000060   Zero   RW         1840    .bss                c_w.l(libspace.o)
    0x2000a3fc   0x00000004   PAD
    0x2000a400   0x00000200   Zero   RW          273    HEAP                startup_stm32f10x_hd.o
    0x2000a600   0x00000400   Zero   RW          272    STACK               startup_stm32f10x_hd.o


==============================================================================

Image component sizes


      Code (inc. data)   RO Data    RW Data    ZI Data      Debug   Object Name

      1172        246          0          0      28360     303592   app.o
         0          0          0          0          0         32   core_cm3.o
        52          0          0          0          0        240   cpu_a.o
       688         12        256          4         16       6204   cpu_core.o
       216         26          0         16          0       1455   delay.o
       500         38          0          8          0       2017   dht11.o
      2728         48       4350          0          0       9724   gui.o
      3212        108         16         17         44       6908   iic.o
       252         40          0          0          0      16639   init.o
      1220         46          0          6         14       5220   lcd_driver.o
       424         44          0          0          0        985   led.o
       598          0          0          0          0       3648   lib_ascii.o
      2820         52          0          4       2120      21877   lib_mem.o
      2300          4        148          0          0      12038   lib_str.o
        26          0          0          0          0        491   main.o
       220         20          0          0          0       1753   misc.o
       252        166        164          0       5008      19877   os_cfg_app.o
      3464        250          0          0          0      11470   os_core.o
       132         32          0          0          0        260   os_cpu_a.o
       448         32          0          4          0       3193   os_cpu_c.o
       432        286        364          0          0       4561   os_dbg.o
      2208         80          0          0          0       5593   os_flag.o
      1080        146          0          0          0       2120   os_int.o
       568         20          0          0          0       2520   os_mem.o
       552         12          0          0          0       2599   os_msg.o
      1656         82          0          0          0       3422   os_mutex.o
       124          4          0          4          0       1564   os_prio.o
      1676         62          0          0          0       4648   os_q.o
      1724         60          0          0          0       5067   os_sem.o
      1588        178          0          0          0       2625   os_stat.o
      6836        264          0          0          0      12781   os_task.o
      1288         90          0          0          0       3081   os_tick.o
       924         32          0          0          0       2525   os_time.o
      1892        136          0          0          0       5685   os_tmr.o
         0          0          0        156       1356      18420   os_var.o
       304         32         16          0          0       1293   spi.o
        64         26        304          0       1536        756   startup_stm32f10x_hd.o
      2208         30          0          0          0       6461   stm32_eval_spi_sd.o
       592          8          0          0          0       4282   stm32f10x_dma.o
       856         40          0          0          0       5593   stm32f10x_gpio.o
      1028         16          0          0          0       9059   stm32f10x_i2c.o
        24          0          0          0          0       1058   stm32f10x_it.o
        64          6          0          0          0       1237   stm32f10x_iwdg.o
       932         44          0         20          0       8724   stm32f10x_rcc.o
       780         14          0          0          0       6482   stm32f10x_spi.o
      1032         22          0          0          0       8324   stm32f10x_usart.o
       476         36          0         20          0       1631   system_stm32f10x.o
       424         24          0          3          0       2547   tca62724.o
      2500        214        100          8       2580       7550   usart.o
      1260        398         14         18       2088       4700   wifi_esp.o

    ----------------------------------------------------------------------
     55820       3526       5764        296      43124     574531   Object Totals
         0          0         32          0          0          0   (incl. Generated)
         4          0          0          8          2          0   (incl. Padding)

    ----------------------------------------------------------------------

      Code (inc. data)   RO Data    RW Data    ZI Data      Debug   Library Member Name

         8          0          0          0          0         68   __main.o
       104          0          0          0          0         84   __printf.o
        52          8          0          0          0          0   __scatter.o
        26          0          0          0          0          0   __scatter_copy.o
        28          0          0          0          0          0   __scatter_zi.o
        44          0          0          0          0        108   _printf_char.o
        48          6          0          0          0         96   _printf_char_common.o
        36          4          0          0          0         80   _printf_char_file.o
         6          0          0          0          0          0   _printf_d.o
       120         18          0          0          0         92   _printf_dec.o
       184          0          0          0          0         88   _printf_intcommon.o
         0          0          0          0          0          0   _printf_percent.o
         4          0          0          0          0          0   _printf_percent_end.o
         6          0          0          0          0          0   _printf_s.o
        82          0          0          0          0         80   _printf_str.o
        10          0          0          0          0         68   _sputc.o
        12          0          0          0          0         72   exit.o
         8          0          0          0          0         68   ferror.o
         6          0          0          0          0        152   heapauxi.o
         2          0          0          0          0          0   libinit.o
         2          0          0          0          0          0   libinit2.o
         2          0          0          0          0          0   libshutdown.o
         2          0          0          0          0          0   libshutdown2.o
         8          4          0          0         96         68   libspace.o
        24          4          0          0          0         84   noretval__2printf.o
        40          6          0          0          0         84   noretval__2sprintf.o
        68          0          0          0          0         68   rt_memclr.o
        78          0          0          0          0         80   rt_memclr_w.o
       100          0          0          0          0         80   rt_memcpy_w.o
         0          0          0          0          0          0   rtentry.o
        12          0          0          0          0          0   rtentry2.o
         6          0          0          0          0          0   rtentry4.o
         2          0          0          0          0          0   rtexit.o
        10          0          0          0          0          0   rtexit2.o
        62          0          0          0          0         76   strlen.o
        36          0          0          0          0         80   strstr.o
        74          0          0          0          0         80   sys_stackheap_outer.o
         2          0          0          0          0         68   use_no_semi.o
         2          0          0          0          0         68   use_no_semi_2.o

    ----------------------------------------------------------------------
      1328         50          0          0        100       1892   Library Totals
        12          0          0          0          4          0   (incl. Padding)

    ----------------------------------------------------------------------

      Code (inc. data)   RO Data    RW Data    ZI Data      Debug   Library Name

      1316         50          0          0         96       1892   c_w.l

    ----------------------------------------------------------------------
      1328         50          0          0        100       1892   Library Totals

    ----------------------------------------------------------------------

==============================================================================


      Code (inc. data)   RO Data    RW Data    ZI Data      Debug   

     57148       3576       5764        296      43224     570755   Grand Totals
     57148       3576       5764        296      43224     570755   ELF Image Totals
     57148       3576       5764        296          0          0   ROM Totals

==============================================================================

    Total RO  Size (Code + RO Data)                62912 (  61.44kB)
    Total RW  Size (RW Data + ZI Data)             43520 (  42.50kB)
    Total ROM Size (Code + RO Data + RW Data)      63208 (  61.73kB)

==============================================================================

