<html>
<body>
<pre>
<h1>µVision Build Log</h1>
<h2>Tool Versions:</h2>
IDE-Version: ¦ÌVision V5.13.0.0
Copyright (C) 2014 ARM Ltd and ARM Germany GmbH. All rights reserved.
License Information: ZAM ZAM, ZAM, LIC=UB4CX-HJV9L-ZDMK6-D6WZS-IKFDD-KTBKV
 
Tool Versions:
Toolchain:       MDK-ARM Professional  Version: 5.13.0.0
Toolchain Path:  D:\Keil_v5\ARM\ARMCC\Bin
C Compiler:      Armcc.exe V5.05 update 1 (build 106)
Assembler:       Armasm.exe V5.05 update 1 (build 106)
Linker/Locator:  ArmLink.exe V5.05 update 1 (build 106)
Library Manager: ArmAr.exe V5.05 update 1 (build 106)
Hex Converter:   FromElf.exe V5.05 update 1 (build 106)
CPU DLL:         SARMCM3.DLL V5.13.0.0
Dialog DLL:      DCM.DLL V1.13.1.0
Target DLL:      Segger\JL2CM3.dll V2.99.11.0
Dialog DLL:      TCM.DLL V1.14.4.0
 
<h2>Project:</h2>
F:\uCOSiii-Perph\COSIII\ucosIII\PROJECT\ucosiii.uvprojx
Project File Date:  03/06/2018

<h2>Output:</h2>
Build target 'ucosiii'
compiling APP.c...
..\DRIVERS\da.h(34): warning:  #1-D: last line of file ends without a newline
   
..\LIBRRARY\messg_recive.h(40): warning:  #1-D: last line of file ends without a newline
   
..\MODULES\tca62724.h(82): warning:  #1-D: last line of file ends without a newline
        
..\APP\APP.c: 3 warnings, 0 errors
compiling da.c...
..\DRIVERS\da.h(34): warning:  #1-D: last line of file ends without a newline
   
..\DRIVERS\DAC\da.c: 1 warning, 0 errors
linking...
Program Size: Code=65604 RO-data=5800 RW-data=324 ZI-data=43548  
".\Objects\ucosiii.axf" - 0 Error(s), 4 Warning(s).

<h2>Collection of Component include folders:</h2>
  F:\uCOSiii-Perph\COSIII\ucosIII\PROJECT\RTE
  D:\Keil_v5\ARM\PACK\Keil\STM32F1xx_DFP\2.2.0

<h2>Collection of Component Files used:</h2>
</pre>
</body>
</html>
