<html>
<body>
<pre>
<h1>礦ision Build Log</h1>
<h2>Tool Versions:</h2>
IDE-Version: μVision V5.12.0.0
Copyright (C) 2014 ARM Ltd and ARM Germany GmbH. All rights reserved.
License Information: a a, a, LIC=47GKP-MRIU9-0N9AM-X3MMD-GJ9CU-QX64A
 
Tool Versions:
Toolchain:       MDK-ARM Standard  Version: 5.12.0.0
Toolchain Path:  d:\Keil_v5\ARM\ARMCC\Bin
C Compiler:      Armcc.exe V5.05 (build 41)
Assembler:       Armasm.exe V5.05 (build 41)
Linker/Locator:  ArmLink.exe V5.05 (build 41)
Library Manager: ArmAr.exe V5.05 (build 41)
Hex Converter:   FromElf.exe V5.05 (build 41)
CPU DLL:         SARMCM3.DLL V5.12.0.0
Dialog DLL:      DCM.DLL V1.13.0.0
Target DLL:      UL2CM3.DLL V1.153.0.0
Dialog DLL:      TCM.DLL V1.14.2.0
 
<h2>Project:</h2>
C:\Users\zhangaiming\Desktop\ucosIII\PROJECT\ucosiii.uvprojx
Project File Date:  03/06/2018

<h2>Output:</h2>
Rebuild target 'ucosiii'
compiling APP.c...
..\LIBRRARY\messg_recive.h(40): warning:  #1-D: last line of file ends without a newline
   
..\MODULES\tca62724.h(82): warning:  #1-D: last line of file ends without a newline
        
..\APP\APP.c: 2 warnings, 0 errors
compiling core_cm3.c...
compiling stm32f10x_it.c...
compiling system_stm32f10x.c...
assembling startup_stm32f10x_md.s...
compiling main.c...
compiling misc.c...
compiling stm32f10x_adc.c...
compiling stm32f10x_bkp.c...
compiling stm32f10x_can.c...
compiling stm32f10x_cec.c...
compiling stm32f10x_crc.c...
compiling stm32f10x_dac.c...
compiling stm32f10x_dbgmcu.c...
compiling stm32f10x_dma.c...
compiling stm32f10x_exti.c...
compiling stm32f10x_flash.c...
compiling stm32f10x_fsmc.c...
compiling stm32f10x_gpio.c...
compiling stm32f10x_i2c.c...
compiling stm32f10x_iwdg.c...
compiling stm32f10x_pwr.c...
compiling stm32f10x_rcc.c...
compiling stm32f10x_rtc.c...
compiling stm32f10x_sdio.c...
compiling stm32f10x_spi.c...
compiling stm32f10x_tim.c...
compiling stm32f10x_usart.c...
compiling stm32f10x_wwdg.c...
compiling usb_core.c...
compiling usb_init.c...
compiling usb_int.c...
compiling usb_mem.c...
compiling usb_regs.c...
compiling usb_sil.c...
compiling hw_config.c...
compiling mass_mal.c...
compiling memory.c...
compiling scsi_data.c...
compiling stm3210b_eval.c...
compiling usb_bot.c...
compiling usb_desc.c...
compiling usb_endp.c...
compiling usb_istr.c...
compiling usb_prop.c...
compiling usb_pwr.c...
compiling usb_scsi.c...
compiling cpu_c.c...
compiling cpu_core.c...
assembling cpu_a.s...
compiling lib_ascii.c...
compiling lib_math.c...
compiling lib_mem.c...
compiling lib_str.c...
assembling lib_mem_a.asm...
compiling os_app_hooks.c...
compiling os_cfg_app.c...
compiling os_core.c...
compiling os_cpu_c.c...
compiling os_dbg.c...
compiling os_flag.c...
compiling os_int.c...
compiling os_mem.c...
compiling os_msg.c...
compiling os_mutex.c...
compiling os_pend_multi.c...
compiling os_prio.c...
compiling os_q.c...
compiling os_sem.c...
compiling os_stat.c...
compiling os_task.c...
compiling os_tick.c...
compiling os_time.c...
compiling os_tmr.c...
compiling os_var.c...
assembling os_cpu_a.s...
compiling ad.c...
..\DRIVERS\AD\ad.c(34): warning:  #177-D: variable "ADC_InitStructure" was declared but never referenced
                ADC_InitTypeDef ADC_InitStructure;
..\DRIVERS\AD\ad.c: 1 warning, 0 errors
compiling can.c...
compiling delay.c...
..\DRIVERS\delay\delay.c(16): warning:  #550-D: variable "fac_ms" was set but never used
  static u16 fac_ms=0;//ms延时倍乘数,在ucos下,代表每个节拍的ms数
..\DRIVERS\delay\delay.c: 1 warning, 0 errors
compiling flash_st.c...
..\DRIVERS\flash_st.h(30): warning:  #1295-D: Deprecated declaration Boot_Flash_ErasePage - give arg types
  void Boot_Flash_ErasePage();
..\DRIVERS\flash_st.h(41): warning:  #1-D: last line of file ends without a newline
   
..\DRIVERS\FLASH_ST\flash_st.c(89): warning:  #1-D: last line of file ends without a newline
   
..\DRIVERS\FLASH_ST\flash_st.c: 3 warnings, 0 errors
compiling iic.c...
compiling init.c...
compiling spi.c...
compiling usart.c...
..\DRIVERS\UART\usart.c(315): warning:  #177-D: variable "DMA_InitStruct" was declared but never referenced
        DMA_InitTypeDef DMA_InitStruct;
..\DRIVERS\UART\usart.c(316): warning:  #177-D: variable "NVIC_InitStructure" was declared but never referenced
        NVIC_InitTypeDef NVIC_InitStructure;
..\DRIVERS\UART\usart.c: 2 warnings, 0 errors
compiling da.c...
..\DRIVERS\da.h(32): warning:  #1-D: last line of file ends without a newline
   
..\DRIVERS\DAC\da.c(166): warning:  #1-D: last line of file ends without a newline
   
..\DRIVERS\DAC\da.c: 2 warnings, 0 errors
compiling fast_copy.c...
compiling ff.c...
compiling diskio.c...
..\LIBRRARY\FAT32\diskio.c(115): warning:  #177-D: variable "result" was declared but never referenced
        int result;
..\LIBRRARY\FAT32\diskio.c(169): warning:  #177-D: variable "result" was declared but never referenced
        int result;
..\LIBRRARY\FAT32\diskio.c(223): warning:  #177-D: variable "result" was declared but never referenced
        int result;
..\LIBRRARY\FAT32\diskio.c: 3 warnings, 0 errors
compiling ffsystem.c...
compiling ffunicode.c...
compiling GUI.c...
compiling math_stm.c...
compiling messg_recive.c...
..\LIBRRARY\messg_recive.h(40): warning:  #1-D: last line of file ends without a newline
   
..\LIBRRARY\MESSG_DATA\messg_recive.c: 1 warning, 0 errors
compiling messg_send.c...
compiling dht11.c...
compiling fm25v01.c...
..\MODULES\FM25V01\fm25v01.c(98): warning:  #1-D: last line of file ends without a newline
   
..\MODULES\FM25V01\fm25v01.c: 1 warning, 0 errors
compiling Lcd_Driver.c...
compiling led.c...
..\MODULES\LED\led.c(109): warning:  #188-D: enumerated type mixed with another type
                GPIO_WriteBit(LED_PORT, LED_POW,!GPIO_ReadOutputDataBit(LED_PORT,LED_POW));
..\MODULES\LED\led.c(112): warning:  #188-D: enumerated type mixed with another type
                GPIO_WriteBit(LED_PORT, LED_RED,!GPIO_ReadOutputDataBit(LED_PORT,LED_RED));
..\MODULES\LED\led.c(115): warning:  #188-D: enumerated type mixed with another type
                GPIO_WriteBit(LED_PORT, LED_ST,!GPIO_ReadOutputDataBit(LED_PORT,LED_ST));
..\MODULES\LED\led.c(118): warning:  #188-D: enumerated type mixed with another type
                GPIO_WriteBit(LED_PORT, LED_ST1,!GPIO_ReadOutputDataBit(LED_PORT,LED_ST1));
..\MODULES\LED\led.c(121): warning:  #188-D: enumerated type mixed with another type
                GPIO_WriteBit(LED_PORT, LED_ST2,!GPIO_ReadOutputDataBit(LED_PORT,LED_ST2));
..\MODULES\LED\led.c: 5 warnings, 0 errors
compiling mpu9250.c...
compiling stm32_eval_sdio_sd.c...
compiling sim7600.c...
..\MODULES\SIM7600\sim7600.c(79): warning:  #167-D: argument of type "unsigned char *" is incompatible with parameter of type "const char *"
                        if(strstr(SIM_Mess.messg_buff,reply1) != NULL)
..\MODULES\SIM7600\sim7600.c: 1 warning, 0 errors
compiling tca62724.c...
..\MODULES\tca62724.h(82): warning:  #1-D: last line of file ends without a newline
        
..\MODULES\TCA62724\tca62724.c(21): warning:  #177-D: function "Send_Led_IIC_Write" was declared but never referenced
   static unsigned char Send_Led_IIC_Write(unsigned char* buf,  uint32_t nbyte, uint8_t SlaveAddress)
..\MODULES\TCA62724\tca62724.c: 2 warnings, 0 errors
compiling wifi_esp.c...
linking...
Program Size: Code=61092 RO-data=5700 RW-data=320 ZI-data=43416  
".\Objects\ucosiii.axf" - 0 Error(s), 24 Warning(s).

<h2>Collection of Component include folders:</h2>
  C:\Users\zhangaiming\Desktop\ucosIII\PROJECT\RTE
  d:\Keil_v5\ARM\PACK\Keil\STM32F1xx_DFP\1.1.0\Device\Include

<h2>Collection of Component Files used:</h2>
</pre>
</body>
</html>
ed.
