<html>
<body>
<pre>
<h1>礦ision Build Log</h1>
<h2>Tool Versions:</h2>
IDE-Version: μVision V5.12.0.0
Copyright (C) 2014 ARM Ltd and ARM Germany GmbH. All rights reserved.
License Information: a a, a, LIC=47GKP-MRIU9-0N9AM-X3MMD-GJ9CU-QX64A
 
Tool Versions:
Toolchain:       MDK-ARM Standard  Version: 5.12.0.0
Toolchain Path:  d:\Keil_v5\ARM\ARMCC\Bin
C Compiler:      Armcc.exe V5.05 (build 41)
Assembler:       Armasm.exe V5.05 (build 41)
Linker/Locator:  ArmLink.exe V5.05 (build 41)
Library Manager: ArmAr.exe V5.05 (build 41)
Hex Converter:   FromElf.exe V5.05 (build 41)
CPU DLL:         SARMCM3.DLL V5.12.0.0
Dialog DLL:      DCM.DLL V1.13.0.0
    Target DLL: Segger\JL2CM3.dll
Dialog DLL:      TCM.DLL V1.14.2.0
 
<h2>Project:</h2>
F:\易飞行-千寻\PROJECT\PRO.uvprojx
Project File Date:  03/01/2018

<h2>Output:</h2>
Build target 'QX'
compiling usart.c...
..\HARDWARE\key_pow.h(52): warning:  #1-D: last line of file ends without a newline
   
..\DRIVER\sys\sys.h(19): warning:  #47-D: incompatible redefinition of macro "SYSTEM_SUPPORT_OS" (declared at line 19 of "..\DRIVER\SPI\spi.h")
  #define SYSTEM_SUPPORT_OS             1       //定义系统文件夹是否支持UCOS
..\DRIVER\usart\usart.c(276): warning:  #177-D: variable "DMA_InitStruct" was declared but never referenced
        DMA_InitTypeDef DMA_InitStruct;
..\DRIVER\usart\usart.c(277): warning:  #177-D: variable "NVIC_InitStructure" was declared but never referenced
        NVIC_InitTypeDef NVIC_InitStructure;
..\DRIVER\usart\usart.c: 4 warnings, 0 errors
compiling ad.c...
compiling spi.c...
compiling led.c...
compiling socket.c...
..\HARDWARE\key_pow.h(52): warning:  #1-D: last line of file ends without a newline
   
..\DRIVER\SPI\spi.h(19): warning:  #47-D: incompatible redefinition of macro "SYSTEM_SUPPORT_OS" (declared at line 19 of "..\DRIVER\sys\sys.h")
  #define SYSTEM_SUPPORT_OS             //支持操作系统
..\HARDWARE\QX\socket.c(749): warning:  #177-D: function "get_gsm_status" was declared but never referenced
  static void get_gsm_status(void)
..\HARDWARE\QX\socket.c: 3 warnings, 0 errors
compiling sim7600.c...
compiling ef_qx.c...
..\HARDWARE\key_pow.h(52): warning:  #1-D: last line of file ends without a newline
   
..\DRIVER\SPI\spi.h(19): warning:  #47-D: incompatible redefinition of macro "SYSTEM_SUPPORT_OS" (declared at line 19 of "..\DRIVER\sys\sys.h")
  #define SYSTEM_SUPPORT_OS             //支持操作系统
..\HARDWARE\QX\ef_qx.c: 2 warnings, 0 errors
compiling bluetooth.c...
..\HARDWARE\key_pow.h(52): warning:  #1-D: last line of file ends without a newline
   
..\DRIVER\SPI\spi.h(19): warning:  #47-D: incompatible redefinition of macro "SYSTEM_SUPPORT_OS" (declared at line 19 of "..\DRIVER\sys\sys.h")
  #define SYSTEM_SUPPORT_OS             //支持操作系统
..\HARDWARE\BLUETOOTH\bluetooth.c: 2 warnings, 0 errors
compiling fm25v01.c...
..\HARDWARE\FM25V01\fm25v01.c(67): warning:  #1-D: last line of file ends without a newline
   
..\HARDWARE\FM25V01\fm25v01.c: 1 warning, 0 errors
compiling key_pow.c...
..\HARDWARE\key_pow.h(52): warning:  #1-D: last line of file ends without a newline
   
..\HARDWARE\KEY_POW\key_pow.c(109): warning:  #1-D: last line of file ends without a newline
   
..\HARDWARE\KEY_POW\key_pow.c: 2 warnings, 0 errors
compiling main.c...
..\HARDWARE\key_pow.h(52): warning:  #1-D: last line of file ends without a newline
   
..\DRIVER\sys\sys.h(19): warning:  #47-D: incompatible redefinition of macro "SYSTEM_SUPPORT_OS" (declared at line 19 of "..\DRIVER\SPI\spi.h")
  #define SYSTEM_SUPPORT_OS             1       //定义系统文件夹是否支持UCOS
..\MAIN\main.c(117): warning:  #177-D: variable "i" was declared but never referenced
        static unsigned int i=0;
..\MAIN\main.c(251): warning:  #167-D: argument of type "u8 *" is incompatible with parameter of type "char *"
                                UART_SendString(BLUETOOTH_USART,&Fram_Date_Buff[1]);//发给蓝牙
..\MAIN\main.c: 4 warnings, 0 errors
linking...
Program Size: Code=66028 RO-data=3304 RW-data=2380 ZI-data=23620  
".\Objects\PRO.axf" - 0 Error(s), 18 Warning(s).

<h2>Collection of Component include folders:</h2>
  F:\易飞行-千寻\PROJECT\RTE
  d:\Keil_v5\ARM\PACK\Keil\STM32F1xx_DFP\1.1.0\Device\Include

<h2>Collection of Component Files used:</h2>
Load "F:\\易飞行-千寻\\PROJECT\\Objects\\PRO.axf" 
Set JLink Project File to "F:\易飞行-千寻\PROJECT\JLinkSettings.ini"
* JLink Info: Device "STM32F103RC" selected (256 KB flash, 48 KB RAM).
 
JLink info:
------------
DLL: V4.91b, compiled Sep 15 2014 09:17:56
Firmware: J-Link ARM V8 compiled Nov 28 2014 13:44:46
Hardware: V8.00
S/N : 304427281 
Feature(s) : RDI,FlashDL,FlashBP,JFlash,GDBFULL 
 
* JLink Info: Found SWD-DP with ID 0x1BA01477
* JLink Info: Found SWD-DP with ID 0x1BA01477
* JLink Info: Found Cortex-M3 r1p1, Little endian.
* JLink Info: FPUnit: 6 code (BP) slots and 2 literal slots
* JLink Info: TPIU fitted.
* JLink Info: ETM fitted.
ROMTableAddr = 0xE00FF003
 
Target info:
------------
Device: STM32F103RC
VTarget = 3.313V
State of Pins: 
TCK: 0, TDI: 0, TDO: 0, TMS: 1, TRES: 1, TRST: 1
Hardware-Breakpoints: 6
Software-Breakpoints: 8192
Watchpoints:          4
JTAG speed: 2000 kHz
 
Erase Done.
Programming Done.
Verify OK.
Application running ...
  else if((strstr(GGA_MESS.messg_buff,"$CLOSENET"))!=NULL)
..\MAIN\main.c(308): warning:  #167-D: argument of type "u8 *" is incompatible with parameter of type "const char *"
                        else if(((strstr(GGA_MESS.messg_buff,"$QXRTK"))!=NULL)
..\MAIN\main.c(309): warning:  #167-D: argument of type "u8 *" is incompatible with parameter of type "const char *"
                                        ||((strstr(GGA_MESS.messg_buff,"$EFRTK"))!=NULL))
..\MAIN\main.c(318): warning:  #167-D: argument of type "u8 *" is incompatible with parameter of type "const char *"
                        else if((strstr(GGA_MESS.messg_buff,"$NQX OK"))!=NULL)//普通固定基站设置成功
..\MAIN\main.c(323): warning:  #167-D: argument of type "u8 *" is incompatible with parameter of type "const char *"
                        else if((strstr(GGA_MESS.messg_buff,"$NET_INSTRUMENT OK"))!=NULL)//云测绘仪设置成功
..\MAIN\main.c(328): warning:  #167-D: argument of type "u8 *" is incompatible with parameter of type "const char *"
                        else if((strstr(GGA_MESS.messg_buff,"$CONFIG OK"))!=NULL)//移动站进入配置模式
..\MAIN\main.c(334): warning:  #167-D: argument of type "u8 *" is incompatible with parameter of type "const char *"
                        else if((strstr(GGA_MESS.messg_buff,"$CBASE OK"))!=NULL)//基站进入配置模式
..\MAIN\main.c(339): warning:  #167-D: argument of type "u8 *" is incompatible with parameter of type "const char *"
                        else if((strstr(GGA_MESS.messg_buff,"configuration"))!=NULL)//进入配置模式
..\MAIN\main.c(347): warning:  #167-D: argument of type "u8 *" is incompatible with parameter of type "const char *"
                        else if((strstr(GGA_MESS.messg_buff,"$net save OK"))!=NULL)//网络地址设置成功
..\MAIN\main.c(360): warning:  #167-D: argument of type "u8 *" is incompatible with parameter of type "const char *"
                        else if((strstr(GGA_MESS.messg_buff,"$union save OK"))!=NULL)//单元地址设置成功
..\MAIN\main.c(367): warning:  #167-D: argument of type "u8 *" is incompatible with parameter of type "const char *"
                        else if((strstr(GGA_MESS.messg_buff,"$recover save OK"))!=NULL)//恢复出厂设置
..\MAIN\main.c(372): warning:  #167-D: argument of type "u8 *" is incompatible with parameter of type "const char *"
                        else if((strstr(GGA_MESS.messg_buff,"$"))!=NULL)//其他指令
..\MAIN\main.c: 33 warnings, 0 errors
linking...
Program Size: Code=66028 RO-data=3304 RW-data=2380 ZI-data=23620  
".\Objects\PRO.axf" - 0 Error(s), 33 Warning(s).

<h2>Collection of Component include folders:</h2>
  F:\易飞行-千寻\PROJECT\RTE
  d:\Keil_v5\ARM\PACK\Keil\STM32F1xx_DFP\1.1.0\Device\Include

<h2>Collection of Component Files used:</h2>
ter of type "const char *"
                                        ||((strstr(GGA_MESS.messg_buff,"$EFRTK"))!=NULL))
..\MAIN\main.c(318): warning:  #167-D: argument of type "u8 *" is incompatible with parameter of type "const char *"
                        else if((strstr(GGA_MESS.messg_buff,"$NQX OK"))!=NULL)//普通固定基站设置成功
..\MAIN\main.c(323): warning:  #167-D: argument of type "u8 *" is incompatible with parameter of type "const char *"
                        else if((strstr(GGA_MESS.messg_buff,"$NET_INSTRUMENT OK"))!=NULL)//云测绘仪设置成功
..\MAIN\main.c(328): warning:  #167-D: argument of type "u8 *" is incompatible with parameter of type "const char *"
                        else if((strstr(GGA_MESS.messg_buff,"$CONFIG OK"))!=NULL)//移动站进入配置模式
..\MAIN\main.c(334): warning:  #167-D: argument of type "u8 *" is incompatible with parameter of type "const char *"
                        else if((strstr(GGA_MESS.messg_buff,"$CBASE OK"))!=NULL)//基站进入配置模式
..\MAIN\main.c(339): warning:  #167-D: argument of type "u8 *" is incompatible with parameter of type "const char *"
                        else if((strstr(GGA_MESS.messg_buff,"configuration"))!=NULL)//进入配置模式
..\MAIN\main.c(347): warning:  #167-D: argument of type "u8 *" is incompatible with parameter of type "const char *"
                        else if((strstr(GGA_MESS.messg_buff,"$net save OK"))!=NULL)//网络地址设置成功
..\MAIN\main.c(360): warning:  #167-D: argument of type "u8 *" is incompatible with parameter of type "const char *"
                        else if((strstr(GGA_MESS.messg_buff,"$union save OK"))!=NULL)//单元地址设置成功
..\MAIN\main.c(367): warning:  #167-D: argument of type "u8 *" is incompatible with parameter of type "const char *"
                        else if((strstr(GGA_MESS.messg_buff,"$recover save OK"))!=NULL)//恢复出厂设置
..\MAIN\main.c(372): warning:  #167-D: argument of type "u8 *" is incompatible with parameter of type "const char *"
                        else if((strstr(GGA_MESS.messg_buff,"$"))!=NULL)//其他指令
..\MAIN\main.c: 33 warnings, 0 errors
linking...
Program Size: Code=66028 RO-data=3304 RW-data=2380 ZI-data=23620  
".\Objects\PRO.axf" - 0 Error(s), 47 Warning(s).

<h2>Collection of Component include folders:</h2>
  F:\易飞行-千寻\PROJECT\RTE
  d:\Keil_v5\ARM\PACK\Keil\STM32F1xx_DFP\1.1.0\Device\Include

<h2>Collection of Component Files used:</h2>
