Component: ARM Compiler 5.05 (build 41) Tool: armlink [4d0eb9]

==============================================================================

Section Cross References

    app.o(.text) refers to led.o(.text) for led_on_off
    app.o(.text) refers to tca62724.o(.text) for Send_Led_Rgb
    app.o(.text) refers to os_time.o(.text) for OSTimeDly
    app.o(.text) refers to os_sem.o(.text) for OSSemPost
    app.o(.text) refers to os_task.o(.text) for OSTaskCreate
    app.o(.text) refers to usart.o(.text) for Usart_init
    app.o(.text) refers to spi.o(.text) for Spi_init
    app.o(.text) refers to iic.o(.text) for IIC_Init
    app.o(.text) refers to dht11.o(.text) for DHT11_Init
    app.o(.text) refers to stm32_eval_sdio_sd.o(.text) for SD_DeInit
    app.o(.text) refers to da.o(.text) for DA_Init
    app.o(.text) refers to lcd_driver.o(.text) for LCD_Init
    app.o(.text) refers to gui.o(.text) for gui_circle
    app.o(.text) refers to cpu_core.o(.text) for CPU_Init
    app.o(.text) refers to os_core.o(.text) for OSInit
    app.o(.text) refers to cpu_a.o(.text) for CPU_SR_Save
    app.o(.text) refers to app.o(.bss) for taskSem
    app.o(.text) refers to os_var.o(.data) for OSSchedLockNestingCtr
    system_stm32f10x.o(.text) refers to system_stm32f10x.o(.data) for SystemCoreClock
    startup_stm32f10x_md.o(STACK) refers (Special) to heapauxi.o(.text) for __use_two_region_memory
    startup_stm32f10x_md.o(HEAP) refers (Special) to heapauxi.o(.text) for __use_two_region_memory
    startup_stm32f10x_md.o(RESET) refers (Special) to heapauxi.o(.text) for __use_two_region_memory
    startup_stm32f10x_md.o(RESET) refers to startup_stm32f10x_md.o(STACK) for __initial_sp
    startup_stm32f10x_md.o(RESET) refers to startup_stm32f10x_md.o(.text) for Reset_Handler
    startup_stm32f10x_md.o(RESET) refers to stm32f10x_it.o(.text) for NMI_Handler
    startup_stm32f10x_md.o(RESET) refers to os_cpu_a.o(CODE) for OS_CPU_PendSVHandler
    startup_stm32f10x_md.o(RESET) refers to os_cpu_c.o(.text) for OS_CPU_SysTickHandler
    startup_stm32f10x_md.o(RESET) refers to usart.o(.text) for USART1_IRQHandler
    startup_stm32f10x_md.o(RESET) refers to wifi_esp.o(.text) for USART3_IRQHandler
    startup_stm32f10x_md.o(.text) refers (Special) to heapauxi.o(.text) for __use_two_region_memory
    startup_stm32f10x_md.o(.text) refers to system_stm32f10x.o(.text) for SystemInit
    startup_stm32f10x_md.o(.text) refers to __main.o(!!!main) for __main
    startup_stm32f10x_md.o(.text) refers to startup_stm32f10x_md.o(HEAP) for Heap_Mem
    startup_stm32f10x_md.o(.text) refers to startup_stm32f10x_md.o(STACK) for Stack_Mem
    main.o(.text) refers to system_stm32f10x.o(.text) for SystemInit
    main.o(.text) refers to init.o(.text) for NVIC_Configuration
    main.o(.text) refers to app.o(.text) for KernelMain
    stm32f10x_adc.o(.text) refers to stm32f10x_rcc.o(.text) for RCC_APB2PeriphResetCmd
    stm32f10x_bkp.o(.text) refers to stm32f10x_rcc.o(.text) for RCC_BackupResetCmd
    stm32f10x_can.o(.text) refers to stm32f10x_rcc.o(.text) for RCC_APB1PeriphResetCmd
    stm32f10x_cec.o(.text) refers to stm32f10x_rcc.o(.text) for RCC_APB1PeriphResetCmd
    stm32f10x_dac.o(.text) refers to stm32f10x_rcc.o(.text) for RCC_APB1PeriphResetCmd
    stm32f10x_gpio.o(.text) refers to stm32f10x_rcc.o(.text) for RCC_APB2PeriphResetCmd
    stm32f10x_i2c.o(.text) refers to stm32f10x_rcc.o(.text) for RCC_APB1PeriphResetCmd
    stm32f10x_pwr.o(.text) refers to stm32f10x_rcc.o(.text) for RCC_APB1PeriphResetCmd
    stm32f10x_rcc.o(.text) refers to stm32f10x_rcc.o(.data) for APBAHBPrescTable
    stm32f10x_spi.o(.text) refers to stm32f10x_rcc.o(.text) for RCC_APB2PeriphResetCmd
    stm32f10x_tim.o(.text) refers to stm32f10x_rcc.o(.text) for RCC_APB2PeriphResetCmd
    stm32f10x_usart.o(.text) refers to stm32f10x_rcc.o(.text) for RCC_APB2PeriphResetCmd
    stm32f10x_wwdg.o(.text) refers to stm32f10x_rcc.o(.text) for RCC_APB1PeriphResetCmd
    usb_core.o(.text) refers to usb_regs.o(.text) for ClearDTOG_TX
    usb_core.o(.text) refers to usb_init.o(.data) for pInformation
    usb_core.o(.text) refers to usb_prop.o(.data) for Device_Table
    usb_core.o(.text) refers to usb_core.o(.data) for StatusInfo
    usb_core.o(.text) refers to usb_mem.o(.text) for PMAToUserBufferCopy
    usb_core.o(.text) refers to usb_int.o(.data) for SaveRState
    usb_init.o(.text) refers to usb_init.o(.bss) for Device_Info
    usb_init.o(.text) refers to usb_init.o(.data) for pInformation
    usb_init.o(.text) refers to usb_prop.o(.data) for Device_Property
    usb_int.o(.text) refers to usb_core.o(.text) for In0_Process
    usb_int.o(.text) refers to usb_istr.o(.data) for wIstr
    usb_int.o(.text) refers to usb_init.o(.data) for EPindex
    usb_int.o(.text) refers to usb_int.o(.data) for SaveRState
    usb_sil.o(.text) refers to usb_regs.o(.text) for GetEPTxAddr
    usb_sil.o(.text) refers to usb_mem.o(.text) for UserToPMABufferCopy
[...]
    TIM_SelectInputTrigger                   0x08002679   Thumb Code    18  stm32f10x_tim.o(.text)
    TIM_ITRxExternalClockConfig              0x0800268b   Thumb Code    24  stm32f10x_tim.o(.text)
    TIM_TIxExternalClockConfig               0x080026a3   Thumb Code    62  stm32f10x_tim.o(.text)
    TIM_ETRConfig                            0x080026e1   Thumb Code    28  stm32f10x_tim.o(.text)
    TIM_ETRClockMode1Config                  0x080026fd   Thumb Code    54  stm32f10x_tim.o(.text)
    TIM_ETRClockMode2Config                  0x08002733   Thumb Code    32  stm32f10x_tim.o(.text)
    TIM_PrescalerConfig                      0x08002753   Thumb Code     6  stm32f10x_tim.o(.text)
    TIM_CounterModeConfig                    0x08002759   Thumb Code    18  stm32f10x_tim.o(.text)
    TIM_EncoderInterfaceConfig               0x0800276b   Thumb Code    66  stm32f10x_tim.o(.text)
    TIM_ForcedOC1Config                      0x080027ad   Thumb Code    18  stm32f10x_tim.o(.text)
    TIM_ForcedOC2Config                      0x080027bf   Thumb Code    26  stm32f10x_tim.o(.text)
    TIM_ForcedOC3Config                      0x080027d9   Thumb Code    18  stm32f10x_tim.o(.text)
    TIM_ForcedOC4Config                      0x080027eb   Thumb Code    26  stm32f10x_tim.o(.text)
    TIM_ARRPreloadConfig                     0x08002805   Thumb Code    24  stm32f10x_tim.o(.text)
    TIM_SelectCOM                            0x0800281d   Thumb Code    24  stm32f10x_tim.o(.text)
    TIM_SelectCCDMA                          0x08002835   Thumb Code    24  stm32f10x_tim.o(.text)
    TIM_CCPreloadControl                     0x0800284d   Thumb Code    24  stm32f10x_tim.o(.text)
    TIM_OC1PreloadConfig                     0x08002865   Thumb Code    18  stm32f10x_tim.o(.text)
    TIM_OC2PreloadConfig                     0x08002877   Thumb Code    26  stm32f10x_tim.o(.text)
    TIM_OC3PreloadConfig                     0x08002891   Thumb Code    18  stm32f10x_tim.o(.text)
    TIM_OC4PreloadConfig                     0x080028a3   Thumb Code    26  stm32f10x_tim.o(.text)
    TIM_OC1FastConfig                        0x080028bd   Thumb Code    18  stm32f10x_tim.o(.text)
    TIM_OC2FastConfig                        0x080028cf   Thumb Code    26  stm32f10x_tim.o(.text)
    TIM_OC3FastConfig                        0x080028e9   Thumb Code    18  stm32f10x_tim.o(.text)
    TIM_OC4FastConfig                        0x080028fb   Thumb Code    26  stm32f10x_tim.o(.text)
    TIM_ClearOC1Ref                          0x08002915   Thumb Code    18  stm32f10x_tim.o(.text)
    TIM_ClearOC2Ref                          0x08002927   Thumb Code    24  stm32f10x_tim.o(.text)
    TIM_ClearOC3Ref                          0x0800293f   Thumb Code    18  stm32f10x_tim.o(.text)
    TIM_ClearOC4Ref                          0x08002951   Thumb Code    24  stm32f10x_tim.o(.text)
    TIM_OC1PolarityConfig                    0x08002969   Thumb Code    18  stm32f10x_tim.o(.text)
    TIM_OC1NPolarityConfig                   0x0800297b   Thumb Code    18  stm32f10x_tim.o(.text)
    TIM_OC2PolarityConfig                    0x0800298d   Thumb Code    26  stm32f10x_tim.o(.text)
    TIM_OC2NPolarityConfig                   0x080029a7   Thumb Code    26  stm32f10x_tim.o(.text)
    TIM_OC3PolarityConfig                    0x080029c1   Thumb Code    26  stm32f10x_tim.o(.text)
    TIM_OC3NPolarityConfig                   0x080029db   Thumb Code    26  stm32f10x_tim.o(.text)
    TIM_OC4PolarityConfig                    0x080029f5   Thumb Code    26  stm32f10x_tim.o(.text)
    TIM_CCxCmd                               0x08002a0f   Thumb Code    30  stm32f10x_tim.o(.text)
    TIM_CCxNCmd                              0x08002a2d   Thumb Code    30  stm32f10x_tim.o(.text)
    TIM_SelectOCxM                           0x08002a4b   Thumb Code    82  stm32f10x_tim.o(.text)
    TIM_UpdateDisableConfig                  0x08002a9d   Thumb Code    24  stm32f10x_tim.o(.text)
    TIM_UpdateRequestConfig                  0x08002ab5   Thumb Code    24  stm32f10x_tim.o(.text)
    TIM_SelectHallSensor                     0x08002acd   Thumb Code    24  stm32f10x_tim.o(.text)
    TIM_SelectOnePulseMode                   0x08002ae5   Thumb Code    18  stm32f10x_tim.o(.text)
    TIM_SelectOutputTrigger                  0x08002af7   Thumb Code    18  stm32f10x_tim.o(.text)
    TIM_SelectSlaveMode                      0x08002b09   Thumb Code    18  stm32f10x_tim.o(.text)
    TIM_SelectMasterSlaveMode                0x08002b1b   Thumb Code    18  stm32f10x_tim.o(.text)
    TIM_SetCounter                           0x08002b2d   Thumb Code     4  stm32f10x_tim.o(.text)
    TIM_SetAutoreload                        0x08002b31   Thumb Code     4  stm32f10x_tim.o(.text)
    TIM_SetCompare1                          0x08002b35   Thumb Code     4  stm32f10x_tim.o(.text)
    TIM_SetCompare2                          0x08002b39   Thumb Code     4  stm32f10x_tim.o(.text)
    TIM_SetCompare3                          0x08002b3d   Thumb Code     4  stm32f10x_tim.o(.text)
    TIM_SetCompare4                          0x08002b41   Thumb Code     6  stm32f10x_tim.o(.text)
    TIM_SetClockDivision                     0x08002b47   Thumb Code    18  stm32f10x_tim.o(.text)
    TIM_GetCapture1                          0x08002b59   Thumb Code     6  stm32f10x_tim.o(.text)
    TIM_GetCapture2                          0x08002b5f   Thumb Code     6  stm32f10x_tim.o(.text)
    TIM_GetCapture3                          0x08002b65   Thumb Code     6  stm32f10x_tim.o(.text)
    TIM_GetCapture4                          0x08002b6b   Thumb Code     8  stm32f10x_tim.o(.text)
    TIM_GetCounter                           0x08002b73   Thumb Code     6  stm32f10x_tim.o(.text)
    TIM_GetPrescaler                         0x08002b79   Thumb Code     6  stm32f10x_tim.o(.text)
    TIM_GetFlagStatus                        0x08002b7f   Thumb Code    18  stm32f10x_tim.o(.text)
    TIM_ClearFlag                            0x08002b91   Thumb Code     6  stm32f10x_tim.o(.text)
    TIM_GetITStatus                          0x08002b97   Thumb Code    34  stm32f10x_tim.o(.text)
    TIM_ClearITPendingBit                    0x08002bb9   Thumb Code     6  stm32f10x_tim.o(.text)
    USART_DeInit                             0x08002bc1   Thumb Code   134  stm32f10x_usart.o(.text)
    USART_Init                               0x08002c47   Thumb Code   210  stm32f10x_usart.o(.text)
    USART_StructInit                         0x08002d19   Thumb Code    24  stm32f10x_usart.o(.text)
    USART_ClockInit                          0x08002d31   Thumb Code    34  stm32f10x_usart.o(.text)
    USART_ClockStructInit                    0x08002d53   Thumb Code    12  stm32f10x_usart.o(.text)
    USART_Cmd                                0x08002d5f   Thumb Code    24  stm32f10x_usart.o(.text)
    USART_ITConfig                           0x08002d77   Thumb Code    74  stm32f10x_usart.o(.text)
    USART_DMACmd                             0x08002dc1   Thumb Code    18  stm32f10x_usart.o(.text)
    USART_SetAddress                         0x08002dd3   Thumb Code    18  stm32f10x_usart.o(.text)
    USART_WakeUpConfig                       0x08002de5   Thumb Code    18  stm32f10x_usart.o(.text)
    USART_ReceiverWakeUpCmd                  0x08002df7   Thumb Code    24  stm32f10x_usart.o(.text)
    USART_LINBreakDetectLengthConfig         0x08002e0f   Thumb Code    18  stm32f10x_usart.o(.text)
    USART_LINCmd                             0x08002e21   Thumb Code    24  stm32f10x_usart.o(.text)
    USART_SendData                           0x08002e39   Thumb Code     8  stm32f10x_usart.o(.text)
    USART_ReceiveData                        0x08002e41   Thumb Code    10  stm32f10x_usart.o(.text)
    USART_SendBreak                          0x08002e4b   Thumb Code    10  stm32f10x_usart.o(.text)
    USART_SetGuardTime                       0x08002e55   Thumb Code    16  stm32f10x_usart.o(.text)
    USART_SetPrescaler                       0x08002e65   Thumb Code    16  stm32f10x_usart.o(.text)
    USART_SmartCardCmd                       0x08002e75   Thumb Code    24  stm32f10x_usart.o(.text)
    USART_SmartCardNACKCmd                   0x08002e8d   Thumb Code    24  stm32f10x_usart.o(.text)
    USART_HalfDuplexCmd                      0x08002ea5   Thumb Code    24  stm32f10x_usart.o(.text)
    USART_OverSampling8Cmd                   0x08002ebd   Thumb Code    22  stm32f10x_usart.o(.text)
    USART_OneBitMethodCmd                    0x08002ed3   Thumb Code    24  stm32f10x_usart.o(.text)
    USART_IrDAConfig                         0x08002eeb   Thumb Code    18  stm32f10x_usart.o(.text)
    USART_IrDACmd                            0x08002efd   Thumb Code    24  stm32f10x_usart.o(.text)
    USART_GetFlagStatus                      0x08002f15   Thumb Code    26  stm32f10x_usart.o(.text)
    USART_ClearFlag                          0x08002f2f   Thumb Code    18  stm32f10x_usart.o(.text)
    USART_GetITStatus                        0x08002f41   Thumb Code    84  stm32f10x_usart.o(.text)
    USART_ClearITPendingBit                  0x08002f95   Thumb Code    52  stm32f10x_usart.o(.text)
    CPU_NameClr                              0x08002fc9   Thumb Code    42  cpu_core.o(.text)
    CPU_Init                                 0x08003009   Thumb Code    12  cpu_core.o(.text)
    CPU_SW_Exception                         0x08003015   Thumb Code     4  cpu_core.o(.text)
    CPU_NameGet                              0x08003019   Thumb Code    70  cpu_core.o(.text)
    CPU_NameSet                              0x0800305f   Thumb Code    96  cpu_core.o(.text)
    CPU_TS_Get32                             0x080030bf   Thumb Code    12  cpu_core.o(.text)
    CPU_TS_Update                            0x080030cb   Thumb Code     2  cpu_core.o(.text)
    CPU_TS_TmrFreqGet                        0x080030cd   Thumb Code    30  cpu_core.o(.text)
    CPU_TS_TmrFreqSet                        0x080030eb   Thumb Code     6  cpu_core.o(.text)
    CPU_CntLeadZeros08                       0x080030f1   Thumb Code    18  cpu_core.o(.text)
    CPU_CntLeadZeros16                       0x08003103   Thumb Code    18  cpu_core.o(.text)
    CPU_CntLeadZeros32                       0x08003115   Thumb Code    18  cpu_core.o(.text)
    CPU_CntLeadZeros64                       0x08003127   Thumb Code   192  cpu_core.o(.text)
    CPU_CntTrailZeros08                      0x080031e7   Thumb Code    22  cpu_core.o(.text)
    CPU_CntTrailZeros16                      0x080031fd   Thumb Code    22  cpu_core.o(.text)
    CPU_CntTrailZeros32                      0x08003213   Thumb Code    22  cpu_core.o(.text)
    CPU_CntTrailZeros64                      0x08003229   Thumb Code    62  cpu_core.o(.text)
    CPU_IntDis                               0x08003275   Thumb Code     0  cpu_a.o(.text)
    CPU_IntEn                                0x08003279   Thumb Code     0  cpu_a.o(.text)
    CPU_SR_Save                              0x0800327d   Thumb Code     0  cpu_a.o(.text)
    CPU_SR_Restore                           0x08003285   Thumb Code     0  cpu_a.o(.text)
    CPU_WaitForInt                           0x0800328b   Thumb Code     0  cpu_a.o(.text)
    CPU_WaitForExcept                        0x0800328f   Thumb Code     0  cpu_a.o(.text)
    CPU_CntLeadZeros                         0x08003293   Thumb Code     0  cpu_a.o(.text)
    CPU_CntTrailZeros                        0x08003299   Thumb Code     0  cpu_a.o(.text)
    CPU_RevBits                              0x080032a3   Thumb Code     0  cpu_a.o(.text)
    ASCII_IsAlpha                            0x080032a9   Thumb Code    48  lib_ascii.o(.text)
    ASCII_IsAlphaNum                         0x080032d9   Thumb Code    76  lib_ascii.o(.text)
    ASCII_IsLower                            0x08003325   Thumb Code    20  lib_ascii.o(.text)
    ASCII_IsUpper                            0x08003339   Thumb Code    20  lib_ascii.o(.text)
    ASCII_IsDig                              0x0800334d   Thumb Code    20  lib_ascii.o(.text)
    ASCII_IsDigOct                           0x08003361   Thumb Code    20  lib_ascii.o(.text)
    ASCII_IsDigHex                           0x08003375   Thumb Code    36  lib_ascii.o(.text)
    ASCII_IsBlank                            0x08003399   Thumb Code    20  lib_ascii.o(.text)
    ASCII_IsSpace                            0x080033ad   Thumb Code    36  lib_ascii.o(.text)
    ASCII_IsPrint                            0x080033d1   Thumb Code    20  lib_ascii.o(.text)
    ASCII_IsGraph                            0x080033e5   Thumb Code    20  lib_ascii.o(.text)
    ASCII_IsPunct                            0x080033f9   Thumb Code   134  lib_ascii.o(.text)
    ASCII_IsCtrl                             0x0800347f   Thumb Code    26  lib_ascii.o(.text)
    ASCII_ToLower                            0x08003499   Thumb Code    32  lib_ascii.o(.text)
    ASCII_ToUpper                            0x080034b9   Thumb Code    32  lib_ascii.o(.text)
    ASCII_Cmp                                0x080034d9   Thumb Code    38  lib_ascii.o(.text)
    Mem_Init                                 0x08003501   Thumb Code    54  lib_mem.o(.text)
    Mem_Set                                  0x08003537   Thumb Code    98  lib_mem.o(.text)
    Mem_Clr                                  0x08003599   Thumb Code    18  lib_mem.o(.text)
    Mem_Cmp                                  0x080035ab   Thumb Code   192  lib_mem.o(.text)
    Mem_HeapAlloc                            0x0800375f   Thumb Code   238  lib_mem.o(.text)
    Mem_PoolGetSizeRem                       0x0800384d   Thumb Code   230  lib_mem.o(.text)
    Mem_HeapGetSizeRem                       0x08003933   Thumb Code    22  lib_mem.o(.text)
    Mem_PoolClr                              0x08003949   Thumb Code    76  lib_mem.o(.text)
    Mem_PoolCreate                           0x08003995   Thumb Code  1068  lib_mem.o(.text)
    Mem_PoolBlkGet                           0x08003dc1   Thumb Code   226  lib_mem.o(.text)
    Mem_PoolBlkFree                          0x08003f09   Thumb Code   242  lib_mem.o(.text)
    Str_Len_N                                0x08004005   Thumb Code    28  lib_str.o(.text)
    Str_Len                                  0x08004021   Thumb Code    20  lib_str.o(.text)
    Str_Copy_N                               0x08004035   Thumb Code    70  lib_str.o(.text)
    Str_Copy                                 0x0800407b   Thumb Code    24  lib_str.o(.text)
    Str_Cat_N                                0x08004093   Thumb Code    90  lib_str.o(.text)
    Str_Cat                                  0x080040ed   Thumb Code    24  lib_str.o(.text)
    Str_Cmp_N                                0x08004105   Thumb Code   156  lib_str.o(.text)
    Str_Cmp                                  0x080041a1   Thumb Code    24  lib_str.o(.text)
    Str_CmpIgnoreCase_N                      0x080041b9   Thumb Code   264  lib_str.o(.text)
    Str_CmpIgnoreCase                        0x080042c1   Thumb Code    24  lib_str.o(.text)
    Str_Char_N                               0x080042d9   Thumb Code    74  lib_str.o(.text)
    Str_Char                                 0x08004323   Thumb Code    24  lib_str.o(.text)
    Str_Char_Last_N                          0x0800433b   Thumb Code    76  lib_str.o(.text)
    Str_Char_Last                            0x08004387   Thumb Code    24  lib_str.o(.text)
    Str_Str_N                                0x0800439f   Thumb Code   182  lib_str.o(.text)
    Str_Str                                  0x08004455   Thumb Code    24  lib_str.o(.text)
    Str_FmtNbr_Int32U                        0x0800466b   Thumb Code    46  lib_str.o(.text)
    Str_FmtNbr_Int32S                        0x08004699   Thumb Code    62  lib_str.o(.text)
    Str_ParseNbr_Int32U                      0x08004895   Thumb Code    30  lib_str.o(.text)
    Str_ParseNbr_Int32S                      0x080048b3   Thumb Code    74  lib_str.o(.text)
    OSCfg_Init                               0x08004901   Thumb Code    86  os_cfg_app.o(.text)
    OS_IdleTask                              0x080049fd   Thumb Code    60  os_core.o(.text)
    OS_IdleTaskInit                          0x08004a39   Thumb Code    68  os_core.o(.text)
    OS_RdyListInit                           0x08004a7d   Thumb Code    32  os_core.o(.text)
    OSInit                                   0x08004a9d   Thumb Code   260  os_core.o(.text)
    OSIntEnter                               0x08004ba1   Thumb Code    34  os_core.o(.text)
    OSIntExit                                0x08004bc3   Thumb Code   192  os_core.o(.text)
    OSSched                                  0x08004c83   Thumb Code   134  os_core.o(.text)
    OSSchedLock                              0x08004d09   Thumb Code   100  os_core.o(.text)
    OSSchedUnlock                            0x08004d6d   Thumb Code   244  os_core.o(.text)
    OSSchedRoundRobinCfg                     0x08004e61   Thumb Code    88  os_core.o(.text)
    OS_RdyListMoveHeadToTail                 0x08004eb9   Thumb Code    68  os_core.o(.text)
    OSSchedRoundRobinYield                   0x08004efd   Thumb Code   164  os_core.o(.text)
    OSStart                                  0x08004fa1   Thumb Code    78  os_core.o(.text)
    OSVersion                                0x08004fef   Thumb Code    12  os_core.o(.text)
    OS_PendDbgNameAdd                        0x08004ffb   Thumb Code    66  os_core.o(.text)
    OS_PendListInsertPrio                    0x0800503d   Thumb Code   102  os_core.o(.text)
    OS_PendDataInit                          0x080050a3   Thumb Code    38  os_core.o(.text)
    OS_RdyListRemove                         0x080050c9   Thumb Code    86  os_core.o(.text)
    OS_TaskBlock                             0x0800511f   Thumb Code    56  os_core.o(.text)
    OS_Pend                                  0x08005157   Thumb Code    98  os_core.o(.text)
    OS_PendListRemove1                       0x080051b9   Thumb Code    66  os_core.o(.text)
    OS_PendListRemove                        0x080051fb   Thumb Code    48  os_core.o(.text)
    OS_PendAbort1                            0x0800522b   Thumb Code    36  os_core.o(.text)
    OS_RdyListInsertHead                     0x0800524f   Thumb Code   128  os_core.o(.text)
    OS_RdyListInsertTail                     0x080052cf   Thumb Code    56  os_core.o(.text)
    OS_RdyListInsert                         0x08005307   Thumb Code    40  os_core.o(.text)
    OS_TaskRdy                               0x0800532f   Thumb Code    28  os_core.o(.text)
    OS_PendAbort                             0x0800534b   Thumb Code   166  os_core.o(.text)
    OS_PendDbgNameRemove                     0x080053f1   Thumb Code    34  os_core.o(.text)
    OS_PendListChangePrio                    0x08005413   Thumb Code    70  os_core.o(.text)
    OS_PendListInit                          0x08005459   Thumb Code    10  os_core.o(.text)
    OS_PendListInsertHead                    0x08005463   Thumb Code    32  os_core.o(.text)
    OS_PendObjDel1                           0x08005483   Thumb Code    36  os_core.o(.text)
    OS_PendObjDel                            0x080054a7   Thumb Code   162  os_core.o(.text)
    OS_Post1                                 0x08005549   Thumb Code    42  os_core.o(.text)
    OS_Post                                  0x08005573   Thumb Code   192  os_core.o(.text)
    OS_Sched0                                0x08005633   Thumb Code    72  os_core.o(.text)
    OS_SchedRoundRobin                       0x0800567b   Thumb Code   228  os_core.o(.text)
    OSIdleTaskHook                           0x08005769   Thumb Code     2  os_cpu_c.o(.text)
    OSInitHook                               0x0800576b   Thumb Code    42  os_cpu_c.o(.text)
    OSStatTaskHook                           0x08005795   Thumb Code     2  os_cpu_c.o(.text)
    OSTaskCreateHook                         0x08005797   Thumb Code     2  os_cpu_c.o(.text)
    OSTaskDelHook                            0x08005799   Thumb Code     2  os_cpu_c.o(.text)
    OSTaskReturnHook                         0x0800579b   Thumb Code     2  os_cpu_c.o(.text)
    OSTaskStkInit                            0x0800579d   Thumb Code   188  os_cpu_c.o(.text)
    OSTaskSwHook                             0x08005859   Thumb Code    74  os_cpu_c.o(.text)
    OSTimeTickHook                           0x080058a3   Thumb Code     2  os_cpu_c.o(.text)
    OS_CPU_SysTickHandler                    0x080058a5   Thumb Code    56  os_cpu_c.o(.text)
    OS_CPU_SysTickInit                       0x080058dd   Thumb Code    44  os_cpu_c.o(.text)
    OS_Dbg_Init                              0x08005929   Thumb Code   146  os_dbg.o(.text)
    OS_FlagDbgListAdd                        0x08005ad9   Thumb Code    38  os_flag.o(.text)
    OSFlagCreate                             0x08005aff   Thumb Code   172  os_flag.o(.text)
    OS_FlagBlock                             0x08005bab   Thumb Code    58  os_flag.o(.text)
    OSFlagPend                               0x08005be5   Thumb Code  1018  os_flag.o(.text)
    OSFlagPendGetFlagsRdy                    0x08005fdf   Thumb Code    68  os_flag.o(.text)
    OS_FlagTaskRdy                           0x08006023   Thumb Code    86  os_flag.o(.text)
    OS_FlagPost                              0x08006079   Thumb Code   482  os_flag.o(.text)
    OSFlagPost                               0x0800625b   Thumb Code   166  os_flag.o(.text)
    OS_FlagClr                               0x08006301   Thumb Code    28  os_flag.o(.text)
    OS_FlagInit                              0x0800631d   Thumb Code    14  os_flag.o(.text)
    OS_FlagDbgListRemove                     0x0800632b   Thumb Code    44  os_flag.o(.text)
    OS_IntQPost                              0x0800636d   Thumb Code   216  os_int.o(.text)
    OS_IntQRePost                            0x08006445   Thumb Code   360  os_int.o(.text)
    OS_IntQTask                              0x080065ad   Thumb Code   162  os_int.o(.text)
    OS_IntQTaskInit                          0x0800664f   Thumb Code   208  os_int.o(.text)
    OS_MemDbgListAdd                         0x080067b1   Thumb Code    34  os_mem.o(.text)
    OSMemCreate                              0x080067d3   Thumb Code   288  os_mem.o(.text)
    OSMemGet                                 0x080068f3   Thumb Code   100  os_mem.o(.text)
    OSMemPut                                 0x08006957   Thumb Code   112  os_mem.o(.text)
    OS_MemInit                               0x080069c7   Thumb Code    14  os_mem.o(.text)
    OS_MsgPoolCreate                         0x080069e9   Thumb Code    54  os_msg.o(.text)
    OS_MsgPoolInit                           0x08006a1f   Thumb Code    70  os_msg.o(.text)
    OS_MsgQFreeAll                           0x08006a65   Thumb Code    62  os_msg.o(.text)
    OS_MsgQInit                              0x08006aa3   Thumb Code    14  os_msg.o(.text)
    OS_MsgQGet                               0x08006ab1   Thumb Code    98  os_msg.o(.text)
    OS_MsgQPut                               0x08006b13   Thumb Code   246  os_msg.o(.text)
    OS_MutexDbgListAdd                       0x08006c15   Thumb Code    38  os_mutex.o(.text)
    OSMutexCreate                            0x08006c3b   Thumb Code   178  os_mutex.o(.text)
    OSMutexPend                              0x08006ced   Thumb Code   706  os_mutex.o(.text)
    OSMutexPost                              0x08006faf   Thumb Code   598  os_mutex.o(.text)
    OS_MutexClr                              0x08007205   Thumb Code    38  os_mutex.o(.text)
    OS_MutexDbgListRemove                    0x0800722b   Thumb Code    44  os_mutex.o(.text)
    OS_MutexInit                             0x08007257   Thumb Code    14  os_mutex.o(.text)
    OS_PrioInit                              0x0800728d   Thumb Code    20  os_prio.o(.text)
    OS_PrioGetHighest                        0x080072a1   Thumb Code    36  os_prio.o(.text)
    OS_PrioInsert                            0x080072c5   Thumb Code    32  os_prio.o(.text)
    OS_PrioRemove                            0x080072e5   Thumb Code    32  os_prio.o(.text)
    OS_QDbgListAdd                           0x08007309   Thumb Code    38  os_q.o(.text)
    OSQCreate                                0x0800732f   Thumb Code   186  os_q.o(.text)
    OSQPend                                  0x080073e9   Thumb Code   502  os_q.o(.text)
    OSQPendAbort                             0x080075df   Thumb Code   322  os_q.o(.text)
    OS_QPost                                 0x08007721   Thumb Code   324  os_q.o(.text)
    OSQPost                                  0x08007865   Thumb Code   176  os_q.o(.text)
    OS_QClr                                  0x08007915   Thumb Code    40  os_q.o(.text)
    OS_QDbgListRemove                        0x0800793d   Thumb Code    44  os_q.o(.text)
    OS_QInit                                 0x08007969   Thumb Code    14  os_q.o(.text)
    OS_SemDbgListAdd                         0x08007999   Thumb Code    38  os_sem.o(.text)
    OSSemCreate                              0x080079bf   Thumb Code   172  os_sem.o(.text)
    OSSemPend                                0x08007a6b   Thumb Code   462  os_sem.o(.text)
    OSSemPendAbort                           0x08007c39   Thumb Code   292  os_sem.o(.text)
    OS_SemPost                               0x08007d5d   Thumb Code   378  os_sem.o(.text)
    OSSemPost                                0x08007ed7   Thumb Code   144  os_sem.o(.text)
    OSSemSet                                 0x08007f67   Thumb Code   120  os_sem.o(.text)
    OS_SemClr                                0x08007fdf   Thumb Code    28  os_sem.o(.text)
    OS_SemDbgListRemove                      0x08007ffb   Thumb Code    44  os_sem.o(.text)
    OS_SemInit                               0x08008027   Thumb Code    14  os_sem.o(.text)
    OSStatReset                              0x08008055   Thumb Code   264  os_stat.o(.text)
    OSStatTaskCPUUsageInit                   0x0800815d   Thumb Code   212  os_stat.o(.text)
    OS_StatTask                              0x08008231   Thumb Code   884  os_stat.o(.text)
    OS_StatTaskInit                          0x080085a5   Thumb Code   138  os_stat.o(.text)
    OSTaskChangePrio                         0x08008685   Thumb Code   416  os_task.o(.text)
    OS_TaskDbgListAdd                        0x08008825   Thumb Code    42  os_task.o(.text)
    OS_TaskInitTCB                           0x0800884f   Thumb Code   186  os_task.o(.text)
    OSTaskCreate                             0x08008909   Thumb Code   616  os_task.o(.text)
    OS_TaskDbgListRemove                     0x08008b71   Thumb Code    64  os_task.o(.text)
    OSTaskDel                                0x08008bb1   Thumb Code   424  os_task.o(.text)
    OSTaskQFlush                             0x08008d59   Thumb Code   214  os_task.o(.text)
    OSTaskQPend                              0x08008e2f   Thumb Code   554  os_task.o(.text)
    OS_TaskQPost                             0x08009059   Thumb Code   510  os_task.o(.text)
    OSTaskQPost                              0x08009257   Thumb Code   114  os_task.o(.text)
    OSTaskRegGet                             0x080092c9   Thumb Code    98  os_task.o(.text)
    OSTaskRegGetID                           0x0800932b   Thumb Code    84  os_task.o(.text)
    OSTaskRegSet                             0x0800937f   Thumb Code    78  os_task.o(.text)
    OS_TaskResume                            0x080093cd   Thumb Code   314  os_task.o(.text)
    OSTaskResume                             0x08009507   Thumb Code   112  os_task.o(.text)
    OSTaskSemPend                            0x08009577   Thumb Code   540  os_task.o(.text)
    OSTaskSemPendAbort                       0x08009793   Thumb Code   270  os_task.o(.text)
    OS_TaskSemPost                           0x080098a1   Thumb Code  1216  os_task.o(.text)
    OSTaskSemPost                            0x08009d61   Thumb Code    98  os_task.o(.text)
    OSTaskSemSet                             0x08009dc3   Thumb Code    80  os_task.o(.text)
    OSTaskStkChk                             0x08009e13   Thumb Code   204  os_task.o(.text)
    OS_TaskSuspend                           0x08009edf   Thumb Code   352  os_task.o(.text)
    OSTaskSuspend                            0x0800a03f   Thumb Code    78  os_task.o(.text)
    OSTaskTimeQuantaSet                      0x0800a08d   Thumb Code    96  os_task.o(.text)
    OS_TaskInit                              0x0800a0ed   Thumb Code    18  os_task.o(.text)
    OS_TaskReturn                            0x0800a0ff   Thumb Code    20  os_task.o(.text)
    OS_TickListRemove                        0x0800a13d   Thumb Code    56  os_tick.o(.text)
    OS_TickListUpdate                        0x0800a175   Thumb Code   480  os_tick.o(.text)
    OS_TickTask                              0x0800a355   Thumb Code    38  os_tick.o(.text)
    OS_TickListInit                          0x0800a37b   Thumb Code    32  os_tick.o(.text)
    OS_TickTaskInit                          0x0800a39b   Thumb Code   130  os_tick.o(.text)
    OS_TickListInsert                        0x0800a41d   Thumb Code   502  os_tick.o(.text)
    OS_TickListResetPeak                     0x0800a613   Thumb Code    28  os_tick.o(.text)
    OSTimeDly                                0x0800a639   Thumb Code   266  os_time.o(.text)
    OSTimeDlyHMSM                            0x0800a743   Thumb Code   480  os_time.o(.text)
    OSTimeGet                                0x0800a923   Thumb Code    46  os_time.o(.text)
    OSTimeSet                                0x0800a951   Thumb Code    46  os_time.o(.text)
    OSTimeTick                               0x0800a97f   Thumb Code    54  os_time.o(.text)
    OS_TmrDbgListAdd                         0x0800a9d5   Thumb Code    34  os_tmr.o(.text)
    OSTmrCreate                              0x0800a9f7   Thumb Code   248  os_tmr.o(.text)
    OSTmrRemainGet                           0x0800aaef   Thumb Code   184  os_tmr.o(.text)
    OS_TmrLink                               0x0800aba7   Thumb Code   196  os_tmr.o(.text)
    OS_TmrUnlink                             0x0800ac6b   Thumb Code    72  os_tmr.o(.text)
    OSTmrStart                               0x0800acb3   Thumb Code   164  os_tmr.o(.text)
    OSTmrStateGet                            0x0800ad57   Thumb Code   166  os_tmr.o(.text)
    OSTmrStop                                0x0800adfd   Thumb Code   232  os_tmr.o(.text)
    OS_TmrClr                                0x0800aee5   Thumb Code    36  os_tmr.o(.text)
    OS_TmrDbgListRemove                      0x0800af09   Thumb Code    44  os_tmr.o(.text)
    OS_TmrTask                               0x0800af35   Thumb Code   176  os_tmr.o(.text)
    OS_TmrInit                               0x0800afe5   Thumb Code   208  os_tmr.o(.text)
    OS_TmrResetPeak                          0x0800b0b5   Thumb Code    28  os_tmr.o(.text)
    time_tick                                0x0800b139   Thumb Code    44  delay.o(.text)
    delay_init                               0x0800b165   Thumb Code    88  delay.o(.text)
    delay_us                                 0x0800b1bd   Thumb Code    44  delay.o(.text)
    delay_ms                                 0x0800b1e9   Thumb Code    16  delay.o(.text)
    I2C_Read                                 0x0800b211   Thumb Code   386  iic.o(.text)
    I2C_Write                                0x0800b393   Thumb Code   272  iic.o(.text)
    I2C_DMAConfig                            0x0800b4a3   Thumb Code   202  iic.o(.text)
    I2C_Master_BufferRead                    0x0800b56d   Thumb Code   910  iic.o(.text)
    I2C_Master_BufferWrite                   0x0800b8fb   Thumb Code   522  iic.o(.text)
    I2C_Slave_BufferReadWrite                0x0800bb05   Thumb Code    40  iic.o(.text)
    IIC_Start                                0x0800bbb1   Thumb Code    82  iic.o(.text)
    IIC_Stop                                 0x0800bc03   Thumb Code    82  iic.o(.text)
    IIC_Wait_Ack                             0x0800bc55   Thumb Code   102  iic.o(.text)
    IIC_Ack                                  0x0800bcbb   Thumb Code    82  iic.o(.text)
    IIC_NAck                                 0x0800bd0d   Thumb Code    82  iic.o(.text)
    IIC_Send_Byte                            0x0800bd5f   Thumb Code   120  iic.o(.text)
    IIC_Read_Byte                            0x0800bdd7   Thumb Code   108  iic.o(.text)
    Soft_Iic_Init                            0x0800be43   Thumb Code    38  iic.o(.text)
    IIC_Init                                 0x0800be69   Thumb Code    12  iic.o(.text)
    Delay                                    0x0800bea5   Thumb Code    18  init.o(.text)
    IWDG_Init                                0x0800beb7   Thumb Code    52  init.o(.text)
    Soft_Reset                               0x0800beeb   Thumb Code    38  init.o(.text)
    SysTickInit                              0x0800bf11   Thumb Code    86  init.o(.text)
    NVIC_Configuration                       0x0800bf67   Thumb Code    12  init.o(.text)
    CPU_TS_TmrInit                           0x0800bf73   Thumb Code     2  init.o(.text)
    CPU_TS_TmrRd                             0x0800bf75   Thumb Code     8  init.o(.text)
    Spi_init                                 0x0800c05d   Thumb Code     8  spi.o(.text)
    SPI_ReadWriteByte                        0x0800c065   Thumb Code    80  spi.o(.text)
    _sys_exit                                0x0800c0d5   Thumb Code     6  usart.o(.text)
    fputc                                    0x0800c0db   Thumb Code   172  usart.o(.text)
    USART1_IRQHandler                        0x0800c583   Thumb Code   350  usart.o(.text)
    USART2_IRQHandler                        0x0800c6e1   Thumb Code   360  usart.o(.text)
    USART4_IRQHandler                        0x0800c849   Thumb Code   406  usart.o(.text)
    UART_SendString                          0x0800c9df   Thumb Code    40  usart.o(.text)
    Send_Data_Byte                           0x0800ca07   Thumb Code    44  usart.o(.text)
    Usart_init                               0x0800ca33   Thumb Code    76  usart.o(.text)
    DA_RCC_Configuration                     0x0800caf5   Thumb Code    28  da.o(.text)
    DA_GPIO_Configuration                    0x0800cb11   Thumb Code   412  da.o(.text)
    DA_Init                                  0x0800ccad   Thumb Code    12  da.o(.text)
    GUI_DrawPoint                            0x0800cced   Thumb Code    24  gui.o(.text)
    LCD_Fill                                 0x0800cd05   Thumb Code   114  gui.o(.text)
    LCD_DrawLine                             0x0800cd77   Thumb Code   176  gui.o(.text)
    LCD_DrawRectangle                        0x0800ce27   Thumb Code    64  gui.o(.text)
    LCD_DrawFillRectangle                    0x0800ce67   Thumb Code    30  gui.o(.text)
    _draw_circle_8                           0x0800ce85   Thumb Code   132  gui.o(.text)
    gui_circle                               0x0800cf09   Thumb Code   154  gui.o(.text)
    LCD_ShowChar                             0x0800cfa3   Thumb Code   280  gui.o(.text)
    LCD_ShowNum2412                          0x0800d0bb   Thumb Code   244  gui.o(.text)
    LCD_ShowString                           0x0800d1af   Thumb Code    94  gui.o(.text)
    mypow                                    0x0800d20d   Thumb Code    22  gui.o(.text)
    LCD_ShowNum                              0x0800d223   Thumb Code   168  gui.o(.text)
    GUI_DrawFont16                           0x0800d2cb   Thumb Code   252  gui.o(.text)
    GUI_DrawFont24                           0x0800d3c7   Thumb Code   268  gui.o(.text)
    GUI_DrawFont32                           0x0800d4d3   Thumb Code   276  gui.o(.text)
    Show_Str                                 0x0800d5e7   Thumb Code   268  gui.o(.text)
    Gui_StrCenter                            0x0800d6f3   Thumb Code    68  gui.o(.text)
    Gui_Drawbmp16                            0x0800d737   Thumb Code    90  gui.o(.text)
    DHT11_Rst                                0x0800d795   Thumb Code    60  dht11.o(.text)
    DHT11_Check                              0x0800d7d1   Thumb Code   140  dht11.o(.text)
    DHT11_Read_Bit                           0x0800d85d   Thumb Code    62  dht11.o(.text)
    DHT11_Read_Byte                          0x0800d89b   Thumb Code    30  dht11.o(.text)
    DHT11_Read_Data                          0x0800d8b9   Thumb Code   104  dht11.o(.text)
    DHT11_Init                               0x0800d921   Thumb Code    66  dht11.o(.text)
    LCD_WR_REG                               0x0800da0f   Thumb Code    44  lcd_driver.o(.text)
    LCD_WR_DATA                              0x0800da3b   Thumb Code    44  lcd_driver.o(.text)
    LCD_WR_DATA_16Bit                        0x0800da67   Thumb Code    52  lcd_driver.o(.text)
    LCD_WriteRAM_Prepare                     0x0800da9b   Thumb Code    12  lcd_driver.o(.text)
    Lcd_SetRegion                            0x0800daa7   Thumb Code    92  lcd_driver.o(.text)
    LCD_SetCursor                            0x0800db03   Thumb Code    20  lcd_driver.o(.text)
    Lcd_WriteReg                             0x0800db17   Thumb Code    20  lcd_driver.o(.text)
    LCD_DrawPoint                            0x0800db2b   Thumb Code    24  lcd_driver.o(.text)
    LCD_SetParam                             0x0800db43   Thumb Code    36  lcd_driver.o(.text)
    LCD_Init                                 0x0800db67   Thumb Code   594  lcd_driver.o(.text)
    Lcd_SetXY                                0x0800ddb9   Thumb Code    20  lcd_driver.o(.text)
    Gui_DrawPoint                            0x0800ddcd   Thumb Code    32  lcd_driver.o(.text)
    Lcd_ReadPoint                            0x0800dded   Thumb Code    24  lcd_driver.o(.text)
    LCD_Clear                                0x0800de05   Thumb Code    68  lcd_driver.o(.text)
    Led_Init                                 0x0800de4d   Thumb Code    52  led.o(.text)
    led_on                                   0x0800de81   Thumb Code    80  led.o(.text)
    led_off                                  0x0800ded1   Thumb Code    80  led.o(.text)
    led_on_off                               0x0800df21   Thumb Code   186  led.o(.text)
    SD_LowLevel_DeInit                       0x0800dff5   Thumb Code    66  stm32_eval_sdio_sd.o(.text)
    SD_LowLevel_Init                         0x0800e037   Thumb Code    92  stm32_eval_sdio_sd.o(.text)
    SD_LowLevel_DMA_TxConfig                 0x0800e093   Thumb Code    86  stm32_eval_sdio_sd.o(.text)
    SD_LowLevel_DMA_RxConfig                 0x0800e0e9   Thumb Code    86  stm32_eval_sdio_sd.o(.text)
    SD_DMAEndOfTransferStatus                0x0800e13f   Thumb Code    10  stm32_eval_sdio_sd.o(.text)
    SD_DeInit                                0x0800e149   Thumb Code     8  stm32_eval_sdio_sd.o(.text)
    SD_EnableWideBusOperation                0x0800e437   Thumb Code   136  stm32_eval_sdio_sd.o(.text)
    SD_SelectDeselect                        0x0800e4bf   Thumb Code    48  stm32_eval_sdio_sd.o(.text)
    SD_GetCardInfo                           0x0800e4ef   Thumb Code   700  stm32_eval_sdio_sd.o(.text)
    SD_InitializeCards                       0x0800e8a5   Thumb Code   294  stm32_eval_sdio_sd.o(.text)
    SD_PowerON                               0x0800ea73   Thumb Code   374  stm32_eval_sdio_sd.o(.text)
    SD_Init                                  0x0800ebe9   Thumb Code   100  stm32_eval_sdio_sd.o(.text)
    SD_SendStatus                            0x0800ec4d   Thumb Code    46  stm32_eval_sdio_sd.o(.text)
    SD_Detect                                0x0800ec7b   Thumb Code    66  stm32_eval_sdio_sd.o(.text)
    SD_GetState                              0x0800ecbd   Thumb Code    38  stm32_eval_sdio_sd.o(.text)
    SD_GetStatus                             0x0800ece3   Thumb Code    30  stm32_eval_sdio_sd.o(.text)
    SD_PowerOFF                              0x0800ed01   Thumb Code    14  stm32_eval_sdio_sd.o(.text)
    SD_SendSDStatus                          0x0800ed0f   Thumb Code   360  stm32_eval_sdio_sd.o(.text)
    SD_GetCardStatus                         0x0800ee77   Thumb Code   156  stm32_eval_sdio_sd.o(.text)
    SD_ReadBlock                             0x0800ef13   Thumb Code   148  stm32_eval_sdio_sd.o(.text)
    SD_ReadMultiBlocks                       0x0800efa7   Thumb Code   202  stm32_eval_sdio_sd.o(.text)
    SD_WaitReadOperation                     0x0800f071   Thumb Code    42  stm32_eval_sdio_sd.o(.text)
    SD_WriteBlock                            0x0800f09b   Thumb Code   184  stm32_eval_sdio_sd.o(.text)
    SD_WriteMultiBlocks                      0x0800f153   Thumb Code   250  stm32_eval_sdio_sd.o(.text)
    SD_WaitWriteOperation                    0x0800f24d   Thumb Code    50  stm32_eval_sdio_sd.o(.text)
    SD_GetTransferState                      0x0800f27f   Thumb Code    18  stm32_eval_sdio_sd.o(.text)
    SD_StopTransfer                          0x0800f291   Thumb Code    28  stm32_eval_sdio_sd.o(.text)
    SD_Erase                                 0x0800f439   Thumb Code   336  stm32_eval_sdio_sd.o(.text)
    SD_ProcessIRQSrc                         0x0800f589   Thumb Code    70  stm32_eval_sdio_sd.o(.text)
    convert_from_bytes_to_power_of_two       0x0800f5cf   Thumb Code    18  stm32_eval_sdio_sd.o(.text)
    Send_Led_Rgb                             0x0800f755   Thumb Code    60  tca62724.o(.text)
    USART3_IRQHandler                        0x0800f799   Thumb Code   244  wifi_esp.o(.text)
    Wifi_Esp_Cmd                             0x0800f89f   Thumb Code    94  wifi_esp.o(.text)
    Wifi_Io_Init                             0x0800f8fd   Thumb Code   100  wifi_esp.o(.text)
    Wifi_Net_Mode                            0x0800f961   Thumb Code    62  wifi_esp.o(.text)
    Wifi_JoinAP                              0x0800f99f   Thumb Code    36  wifi_esp.o(.text)
    Wifi_Connet                              0x0800f9c3   Thumb Code    88  wifi_esp.o(.text)
    Wifi_Clse                                0x0800fa1b   Thumb Code    36  wifi_esp.o(.text)
    Wifi_Send                                0x0800fa3f   Thumb Code    98  wifi_esp.o(.text)
    Wifi_Init                                0x0800faa1   Thumb Code    86  wifi_esp.o(.text)
    __use_no_semihosting                     0x0800fc85   Thumb Code     2  use_no_semi_2.o(.text)
    __2printf                                0x0800fc89   Thumb Code    20  noretval__2printf.o(.text)
    __2sprintf                               0x0800fca1   Thumb Code    34  noretval__2sprintf.o(.text)
    __printf                                 0x0800fcc9   Thumb Code   104  __printf.o(.text)
    _printf_str                              0x0800fd31   Thumb Code    82  _printf_str.o(.text)
    _printf_int_dec                          0x0800fd85   Thumb Code   104  _printf_dec.o(.text)
    strstr                                   0x0800fdfd   Thumb Code    36  strstr.o(.text)
    strlen                                   0x0800fe21   Thumb Code    62  strlen.o(.text)
    __aeabi_memcpy4                          0x0800fe5f   Thumb Code     0  rt_memcpy_w.o(.text)
    __aeabi_memcpy8                          0x0800fe5f   Thumb Code     0  rt_memcpy_w.o(.text)
    __rt_memcpy_w                            0x0800fe5f   Thumb Code   100  rt_memcpy_w.o(.text)
    _memcpy_lastbytes_aligned                0x0800fea7   Thumb Code     0  rt_memcpy_w.o(.text)
    __aeabi_memclr                           0x0800fec3   Thumb Code     0  rt_memclr.o(.text)
    __rt_memclr                              0x0800fec3   Thumb Code    68  rt_memclr.o(.text)
    _memset                                  0x0800fec7   Thumb Code     0  rt_memclr.o(.text)
    __aeabi_memclr4                          0x0800ff07   Thumb Code     0  rt_memclr_w.o(.text)
    __aeabi_memclr8                          0x0800ff07   Thumb Code     0  rt_memclr_w.o(.text)
    __rt_memclr_w                            0x0800ff07   Thumb Code    78  rt_memclr_w.o(.text)
    _memset_w                                0x0800ff0b   Thumb Code     0  rt_memclr_w.o(.text)
    __use_two_region_memory                  0x0800ff55   Thumb Code     2  heapauxi.o(.text)
    __rt_heap_escrow$2region                 0x0800ff57   Thumb Code     2  heapauxi.o(.text)
    __rt_heap_expand$2region                 0x0800ff59   Thumb Code     2  heapauxi.o(.text)
    __I$use$semihosting                      0x0800ff5b   Thumb Code     0  use_no_semi.o(.text)
    __use_no_semihosting_swi                 0x0800ff5b   Thumb Code     2  use_no_semi.o(.text)
    _printf_int_common                       0x0800ff5d   Thumb Code   178  _printf_intcommon.o(.text)
    _printf_char_common                      0x0801001b   Thumb Code    32  _printf_char_common.o(.text)
    _sputc                                   0x08010041   Thumb Code    10  _sputc.o(.text)
    _printf_cs_common                        0x0801004b   Thumb Code    20  _printf_char.o(.text)
    _printf_char                             0x0801005f   Thumb Code    16  _printf_char.o(.text)
    _printf_string                           0x0801006f   Thumb Code     8  _printf_char.o(.text)
    _printf_char_file                        0x08010079   Thumb Code    32  _printf_char_file.o(.text)
    ferror                                   0x0801009d   Thumb Code     8  ferror.o(.text)
    __user_libspace                          0x080100a5   Thumb Code     8  libspace.o(.text)
    __user_perproc_libspace                  0x080100a5   Thumb Code     0  libspace.o(.text)
    __user_perthread_libspace                0x080100a5   Thumb Code     0  libspace.o(.text)
    __user_setup_stackheap                   0x080100ad   Thumb Code    74  sys_stackheap_outer.o(.text)
    exit                                     0x080100f7   Thumb Code    12  exit.o(.text)
    OSStartHighRdy                           0x08010105   Thumb Code     0  os_cpu_a.o(CODE)
    OS_CPU_PendSVHandler                     0x08010127   Thumb Code     0  os_cpu_a.o(CODE)
    OSCfg_IdleTaskStkBasePtr                 0x0801031c   Data           4  os_cfg_app.o(.constdata)
    OSCfg_IdleTaskStkLimit                   0x08010320   Data           4  os_cfg_app.o(.constdata)
    OSCfg_IdleTaskStkSize                    0x08010324   Data           4  os_cfg_app.o(.constdata)
    OSCfg_IdleTaskStkSizeRAM                 0x08010328   Data           4  os_cfg_app.o(.constdata)
    OSCfg_IntQBasePtr                        0x0801032c   Data           4  os_cfg_app.o(.constdata)
    OSCfg_IntQSize                           0x08010330   Data           2  os_cfg_app.o(.constdata)
    OSCfg_IntQSizeRAM                        0x08010334   Data           4  os_cfg_app.o(.constdata)
    OSCfg_IntQTaskStkBasePtr                 0x08010338   Data           4  os_cfg_app.o(.constdata)
    OSCfg_IntQTaskStkLimit                   0x0801033c   Data           4  os_cfg_app.o(.constdata)
    OSCfg_IntQTaskStkSize                    0x08010340   Data           4  os_cfg_app.o(.constdata)
    OSCfg_IntQTaskStkSizeRAM                 0x08010344   Data           4  os_cfg_app.o(.constdata)
    OSCfg_ISRStkBasePtr                      0x08010348   Data           4  os_cfg_app.o(.constdata)
    OSCfg_ISRStkSize                         0x0801034c   Data           4  os_cfg_app.o(.constdata)
    OSCfg_ISRStkSizeRAM                      0x08010350   Data           4  os_cfg_app.o(.constdata)
    OSCfg_MsgPoolSize                        0x08010354   Data           2  os_cfg_app.o(.constdata)
    OSCfg_MsgPoolSizeRAM                     0x08010358   Data           4  os_cfg_app.o(.constdata)
    OSCfg_MsgPoolBasePtr                     0x0801035c   Data           4  os_cfg_app.o(.constdata)
    OSCfg_StatTaskPrio                       0x08010360   Data           1  os_cfg_app.o(.constdata)
    OSCfg_StatTaskRate_Hz                    0x08010364   Data           4  os_cfg_app.o(.constdata)
    OSCfg_StatTaskStkBasePtr                 0x08010368   Data           4  os_cfg_app.o(.constdata)
    OSCfg_StatTaskStkLimit                   0x0801036c   Data           4  os_cfg_app.o(.constdata)
    OSCfg_StatTaskStkSize                    0x08010370   Data           4  os_cfg_app.o(.constdata)
    OSCfg_StatTaskStkSizeRAM                 0x08010374   Data           4  os_cfg_app.o(.constdata)
    OSCfg_StkSizeMin                         0x08010378   Data           4  os_cfg_app.o(.constdata)
    OSCfg_TickRate_Hz                        0x0801037c   Data           4  os_cfg_app.o(.constdata)
    OSCfg_TickTaskPrio                       0x08010380   Data           1  os_cfg_app.o(.constdata)
    OSCfg_TickTaskStkBasePtr                 0x08010384   Data           4  os_cfg_app.o(.constdata)
    OSCfg_TickTaskStkLimit                   0x08010388   Data           4  os_cfg_app.o(.constdata)
    OSCfg_TickTaskStkSize                    0x0801038c   Data           4  os_cfg_app.o(.constdata)
    OSCfg_TickTaskStkSizeRAM                 0x08010390   Data           4  os_cfg_app.o(.constdata)
    OSCfg_TickWheelSize                      0x08010394   Data           2  os_cfg_app.o(.constdata)
    OSCfg_TickWheelSizeRAM                   0x08010398   Data           4  os_cfg_app.o(.constdata)
    OSCfg_TmrTaskPrio                        0x0801039c   Data           1  os_cfg_app.o(.constdata)
    OSCfg_TmrTaskRate_Hz                     0x080103a0   Data           4  os_cfg_app.o(.constdata)
    OSCfg_TmrTaskStkBasePtr                  0x080103a4   Data           4  os_cfg_app.o(.constdata)
    OSCfg_TmrTaskStkLimit                    0x080103a8   Data           4  os_cfg_app.o(.constdata)
    OSCfg_TmrTaskStkSize                     0x080103ac   Data           4  os_cfg_app.o(.constdata)
    OSCfg_TmrTaskStkSizeRAM                  0x080103b0   Data           4  os_cfg_app.o(.constdata)
    OSCfg_TmrWheelSize                       0x080103b4   Data           2  os_cfg_app.o(.constdata)
    OSCfg_TmrWheelSizeRAM                    0x080103b8   Data           4  os_cfg_app.o(.constdata)
    OSCfg_DataSizeRAM                        0x080103bc   Data           4  os_cfg_app.o(.constdata)
    OSDbg_DbgEn                              0x080103c0   Data           2  os_dbg.o(.constdata)
    OSDbg_ArgChkEn                           0x080103c2   Data           1  os_dbg.o(.constdata)
    OSDbg_AppHooksEn                         0x080103c3   Data           1  os_dbg.o(.constdata)
    OSDbg_EndiannessTest                     0x080103c4   Data           4  os_dbg.o(.constdata)
    OSDbg_CalledFromISRChkEn                 0x080103c8   Data           1  os_dbg.o(.constdata)
    OSDbg_FlagEn                             0x080103c9   Data           1  os_dbg.o(.constdata)
    OSDbg_FlagGrp                            0x080103cc   Data          40  os_dbg.o(.constdata)
    OSDbg_FlagDelEn                          0x080103f4   Data           1  os_dbg.o(.constdata)
    OSDbg_FlagModeClrEn                      0x080103f5   Data           1  os_dbg.o(.constdata)
    OSDbg_FlagPendAbortEn                    0x080103f6   Data           1  os_dbg.o(.constdata)
    OSDbg_FlagGrpSize                        0x080103f8   Data           2  os_dbg.o(.constdata)
    OSDbg_FlagWidth                          0x080103fa   Data           2  os_dbg.o(.constdata)
    OSDbg_IntQ                               0x080103fc   Data           2  os_dbg.o(.constdata)
    OSDbg_ISRPostDeferredEn                  0x080103fe   Data           1  os_dbg.o(.constdata)
    OSDbg_Mem                                0x08010400   Data          32  os_dbg.o(.constdata)
    OSDbg_MemEn                              0x08010420   Data           1  os_dbg.o(.constdata)
    OSDbg_MemSize                            0x08010422   Data           2  os_dbg.o(.constdata)
    OSDbg_MsgEn                              0x08010424   Data           1  os_dbg.o(.constdata)
    OSDbg_MsgSize                            0x08010426   Data           2  os_dbg.o(.constdata)
    OSDbg_MsgPoolSize                        0x08010428   Data           2  os_dbg.o(.constdata)
    OSDbg_MsgQSize                           0x0801042a   Data           2  os_dbg.o(.constdata)
    OSDbg_Mutex                              0x0801042c   Data          44  os_dbg.o(.constdata)
    OSDbg_MutexEn                            0x08010458   Data           1  os_dbg.o(.constdata)
    OSDbg_MutexDelEn                         0x08010459   Data           1  os_dbg.o(.constdata)
    OSDbg_MutexPendAbortEn                   0x0801045a   Data           1  os_dbg.o(.constdata)
    OSDbg_MutexSize                          0x0801045c   Data           2  os_dbg.o(.constdata)
    OSDbg_ObjTypeChkEn                       0x0801045e   Data           1  os_dbg.o(.constdata)
    OSDbg_PendMultiEn                        0x0801045f   Data           1  os_dbg.o(.constdata)
    OSDbg_PendDataSize                       0x08010460   Data           2  os_dbg.o(.constdata)
    OSDbg_PendListSize                       0x08010462   Data           2  os_dbg.o(.constdata)
    OSDbg_PendObjSize                        0x08010464   Data           2  os_dbg.o(.constdata)
    OSDbg_PrioMax                            0x08010466   Data           2  os_dbg.o(.constdata)
    OSDbg_PrioTblSize                        0x08010468   Data           2  os_dbg.o(.constdata)
    OSDbg_PtrSize                            0x0801046a   Data           2  os_dbg.o(.constdata)
    OSDbg_Q                                  0x0801046c   Data          48  os_dbg.o(.constdata)
    OSDbg_QEn                                0x0801049c   Data           1  os_dbg.o(.constdata)
    OSDbg_QDelEn                             0x0801049d   Data           1  os_dbg.o(.constdata)
    OSDbg_QFlushEn                           0x0801049e   Data           1  os_dbg.o(.constdata)
    OSDbg_QPendAbortEn                       0x0801049f   Data           1  os_dbg.o(.constdata)
    OSDbg_QSize                              0x080104a0   Data           2  os_dbg.o(.constdata)
    OSDbg_SchedRoundRobinEn                  0x080104a2   Data           1  os_dbg.o(.constdata)
    OSDbg_Sem                                0x080104a4   Data          40  os_dbg.o(.constdata)
    OSDbg_SemEn                              0x080104cc   Data           1  os_dbg.o(.constdata)
    OSDbg_SemDelEn                           0x080104cd   Data           1  os_dbg.o(.constdata)
    OSDbg_SemPendAbortEn                     0x080104ce   Data           1  os_dbg.o(.constdata)
    OSDbg_SemSetEn                           0x080104cf   Data           1  os_dbg.o(.constdata)
    OSDbg_SemSize                            0x080104d0   Data           2  os_dbg.o(.constdata)
    OSDbg_RdyList                            0x080104d2   Data           2  os_dbg.o(.constdata)
    OSDbg_RdyListSize                        0x080104d4   Data           4  os_dbg.o(.constdata)
    OSDbg_StkWidth                           0x080104d8   Data           1  os_dbg.o(.constdata)
    OSDbg_StatTaskEn                         0x080104d9   Data           1  os_dbg.o(.constdata)
    OSDbg_StatTaskStkChkEn                   0x080104da   Data           1  os_dbg.o(.constdata)
    OSDbg_TaskChangePrioEn                   0x080104db   Data           1  os_dbg.o(.constdata)
    OSDbg_TaskDelEn                          0x080104dc   Data           1  os_dbg.o(.constdata)
    OSDbg_TaskQEn                            0x080104dd   Data           1  os_dbg.o(.constdata)
    OSDbg_TaskQPendAbortEn                   0x080104de   Data           1  os_dbg.o(.constdata)
    OSDbg_TaskProfileEn                      0x080104df   Data           1  os_dbg.o(.constdata)
    OSDbg_TaskRegTblSize                     0x080104e0   Data           2  os_dbg.o(.constdata)
    OSDbg_TaskSemPendAbortEn                 0x080104e2   Data           1  os_dbg.o(.constdata)
    OSDbg_TaskSuspendEn                      0x080104e3   Data           1  os_dbg.o(.constdata)
    OSDbg_TCBSize                            0x080104e4   Data           2  os_dbg.o(.constdata)
    OSDbg_TickSpokeSize                      0x080104e6   Data           2  os_dbg.o(.constdata)
    OSDbg_TimeDlyHMSMEn                      0x080104e8   Data           1  os_dbg.o(.constdata)
    OSDbg_TimeDlyResumeEn                    0x080104e9   Data           1  os_dbg.o(.constdata)
    OSDbg_TLS_TblSize                        0x080104ea   Data           2  os_dbg.o(.constdata)
    OSDbg_Tmr                                0x080104ec   Data          52  os_dbg.o(.constdata)
    OSDbg_TmrEn                              0x08010520   Data           1  os_dbg.o(.constdata)
    OSDbg_TmrDelEn                           0x08010521   Data           1  os_dbg.o(.constdata)
    OSDbg_TmrSize                            0x08010522   Data           2  os_dbg.o(.constdata)
    OSDbg_TmrSpokeSize                       0x08010524   Data           2  os_dbg.o(.constdata)
    OSDbg_VersionNbr                         0x08010526   Data           2  os_dbg.o(.constdata)
    OSDbg_DataSize                           0x08010528   Data           4  os_dbg.o(.constdata)
    Sine12bit                                0x080105b0   Data          64  da.o(.constdata)
    DA_IO_CONFIG                             0x080105f0   Data          36  da.o(.constdata)
    asc2_1206                                0x08010614   Data        1140  gui.o(.constdata)
    asc2_1608                                0x08010a88   Data        1520  gui.o(.constdata)
    asc2_2412                                0x08011078   Data         576  gui.o(.constdata)
    tfont16                                  0x080112b8   Data         170  gui.o(.constdata)
    tfont24                                  0x08011362   Data         814  gui.o(.constdata)
    tfont32                                  0x08011690   Data         130  gui.o(.constdata)
    Region$$Table$$Base                      0x08011724   Number         0  anon$$obj.o(Region$$Table)
    Region$$Table$$Limit                     0x08011744   Number         0  anon$$obj.o(Region$$Table)
    SystemCoreClock                          0x20000000   Data           4  system_stm32f10x.o(.data)
    AHBPrescTable                            0x20000004   Data          16  system_stm32f10x.o(.data)
    CPU_TS_TmrFreq_Hz                        0x20000028   Data           4  cpu_core.o(.data)
    Mem_PoolTbl                              0x2000002c   Data           4  lib_mem.o(.data)
    OS_CPU_ExceptStkBase                     0x20000030   Data           4  os_cpu_c.o(.data)
    OSPrioTbl                                0x20000034   Data           4  os_prio.o(.data)
    OSIdleTaskCtr                            0x20000038   Data           4  os_var.o(.data)
    OSIntNestingCtr                          0x2000003c   Data           1  os_var.o(.data)
    OSRunning                                0x2000003d   Data           1  os_var.o(.data)
    OSIntQInPtr                              0x20000040   Data           4  os_var.o(.data)
    OSIntQOutPtr                             0x20000044   Data           4  os_var.o(.data)
    OSIntQNbrEntries                         0x20000048   Data           2  os_var.o(.data)
    OSIntQNbrEntriesMax                      0x2000004a   Data           2  os_var.o(.data)
    OSIntQOvfCtr                             0x2000004c   Data           2  os_var.o(.data)
    OSIntQTaskTimeMax                        0x20000050   Data           4  os_var.o(.data)
    OSFlagDbgListPtr                         0x20000054   Data           4  os_var.o(.data)
    OSFlagQty                                0x20000058   Data           2  os_var.o(.data)
    OSMemDbgListPtr                          0x2000005c   Data           4  os_var.o(.data)
    OSMemQty                                 0x20000060   Data           2  os_var.o(.data)
    OSMutexDbgListPtr                        0x20000064   Data           4  os_var.o(.data)
    OSMutexQty                               0x20000068   Data           2  os_var.o(.data)
    OSPrioCur                                0x2000006a   Data           1  os_var.o(.data)
    OSPrioHighRdy                            0x2000006b   Data           1  os_var.o(.data)
    OSPrioSaved                              0x2000006c   Data           1  os_var.o(.data)
    OSQDbgListPtr                            0x20000070   Data           4  os_var.o(.data)
    OSQQty                                   0x20000074   Data           2  os_var.o(.data)
    OSSchedLockNestingCtr                    0x20000076   Data           1  os_var.o(.data)
    OSSchedRoundRobinDfltTimeQuanta          0x20000078   Data           4  os_var.o(.data)
    OSSchedRoundRobinEn                      0x2000007c   Data           1  os_var.o(.data)
    OSSemDbgListPtr                          0x20000080   Data           4  os_var.o(.data)
    OSSemQty                                 0x20000084   Data           2  os_var.o(.data)
    OSStatResetFlag                          0x20000086   Data           1  os_var.o(.data)
    OSStatTaskCPUUsage                       0x20000088   Data           2  os_var.o(.data)
    OSStatTaskCPUUsageMax                    0x2000008a   Data           2  os_var.o(.data)
    OSStatTaskCtr                            0x2000008c   Data           4  os_var.o(.data)
    OSStatTaskCtrMax                         0x20000090   Data           4  os_var.o(.data)
    OSStatTaskCtrRun                         0x20000094   Data           4  os_var.o(.data)
    OSStatTaskRdy                            0x20000098   Data           1  os_var.o(.data)
    OSStatTaskTimeMax                        0x2000009c   Data           4  os_var.o(.data)
    OSTaskCtxSwCtr                           0x200000a0   Data           4  os_var.o(.data)
    OSTaskDbgListPtr                         0x200000a4   Data           4  os_var.o(.data)
    OSTaskQty                                0x200000a8   Data           2  os_var.o(.data)
    OSTaskRegNextAvailID                     0x200000aa   Data           1  os_var.o(.data)
    OSTickCtr                                0x200000ac   Data           4  os_var.o(.data)
    OSTickTaskTimeMax                        0x200000b0   Data           4  os_var.o(.data)
    OSTmrDbgListPtr                          0x200000b4   Data           4  os_var.o(.data)
    OSTmrQty                                 0x200000b8   Data           2  os_var.o(.data)
    OSTmrTaskTimeMax                         0x200000bc   Data           4  os_var.o(.data)
    OSTmrTickCtr                             0x200000c0   Data           4  os_var.o(.data)
    OSTmrUpdateCnt                           0x200000c4   Data           4  os_var.o(.data)
    OSTmrUpdateCtr                           0x200000c8   Data           4  os_var.o(.data)
    OSTCBCurPtr                              0x200000cc   Data           4  os_var.o(.data)
    OSTCBHighRdyPtr                          0x200000d0   Data           4  os_var.o(.data)
    Time_statr_flag                          0x200000d8   Data           1  delay.o(.data)
    Time_out_flag                            0x200000d9   Data           1  delay.o(.data)
    Time_wait_cnt                            0x200000dc   Data           4  delay.o(.data)
    Timeout                                  0x200000e4   Data           4  iic.o(.data)
    I2CDirection                             0x200000e8   Data           4  iic.o(.data)
    NumbOfBytes1                             0x200000ec   Data           4  iic.o(.data)
    NumbOfBytes2                             0x200000f0   Data           4  iic.o(.data)
    Address                                  0x200000f4   Data           1  iic.o(.data)
    USE_USART                                0x200000f8   Data           1  usart.o(.data)
    __stdout                                 0x200000fc   Data           4  usart.o(.data)
    Da_Idx                                   0x20000104   Data           4  da.o(.data)
    temperature                              0x20000108   Data           4  dht11.o(.data)
    humidity                                 0x2000010c   Data           4  dht11.o(.data)
    POINT_COLOR                              0x20000110   Data           2  lcd_driver.o(.data)
    BACK_COLOR                               0x20000112   Data           2  lcd_driver.o(.data)
    DeviceCode                               0x20000114   Data           2  lcd_driver.o(.data)
    StopCondition                            0x20000120   Data           4  stm32_eval_sdio_sd.o(.data)
    TransferError                            0x20000124   Data           1  stm32_eval_sdio_sd.o(.data)
    TransferEnd                              0x20000128   Data           4  stm32_eval_sdio_sd.o(.data)
    RGB_SET_VALUE                            0x2000012c   Data           3  tca62724.o(.data)
    MY_COMP                                  0x20000130   Data           8  wifi_esp.o(.data)
    CPU_Name                                 0x2000700c   Data          16  cpu_core.o(.bss)
    Mem_PoolHeap                             0x2000701c   Data          72  lib_mem.o(.bss)
    Mem_Heap                                 0x20007064   Data        2048  lib_mem.o(.bss)
    OSCfg_IdleTaskStk                        0x20007864   Data         256  os_cfg_app.o(.bss)
    OSCfg_IntQ                               0x20007964   Data         320  os_cfg_app.o(.bss)
    OSCfg_IntQTaskStk                        0x20007aa4   Data         512  os_cfg_app.o(.bss)
    OSCfg_ISRStk                             0x20007ca4   Data         512  os_cfg_app.o(.bss)
    OSCfg_MsgPool                            0x20007ea4   Data        1600  os_cfg_app.o(.bss)
    OSCfg_StatTaskStk                        0x200084e4   Data         512  os_cfg_app.o(.bss)
    OSCfg_TickTaskStk                        0x200086e4   Data         512  os_cfg_app.o(.bss)
    OSCfg_TickWheel                          0x200088e4   Data         136  os_cfg_app.o(.bss)
    OSCfg_TmrTaskStk                         0x2000896c   Data         512  os_cfg_app.o(.bss)
    OSCfg_TmrWheel                           0x20008b6c   Data         136  os_cfg_app.o(.bss)
    OSIdleTaskTCB                            0x20008bf4   Data         192  os_var.o(.bss)
    OSIntQTaskTCB                            0x20008cb4   Data         192  os_var.o(.bss)
    OSMsgPool                                0x20008d74   Data          12  os_var.o(.bss)
    OSRdyList                                0x20008d80   Data         384  os_var.o(.bss)
    OSStatTaskTCB                            0x20008f00   Data         192  os_var.o(.bss)
    OSTickTaskTCB                            0x20008fc0   Data         192  os_var.o(.bss)
    OSTmrTaskTCB                             0x20009080   Data         192  os_var.o(.bss)
    I2CDMA_InitStructure                     0x20009140   Data          44  iic.o(.bss)
    USART1_MESSG                             0x2000916c   Data         516  usart.o(.bss)
    USART2_MESSG                             0x20009370   Data         516  usart.o(.bss)
    USART3_MESSG                             0x20009574   Data         516  usart.o(.bss)
    UART4_MESSG                              0x20009778   Data         516  usart.o(.bss)
    UART5_MESSG                              0x2000997c   Data         516  usart.o(.bss)
    DualSine12bit                            0x20009b80   Data         128  da.o(.bss)
    lcddev                                   0x20009c00   Data          14  lcd_driver.o(.bss)
    SDCardInfo                               0x20009c40   Data          80  stm32_eval_sdio_sd.o(.bss)
    SDIO_InitStructure                       0x20009c90   Data          24  stm32_eval_sdio_sd.o(.bss)
    SDIO_CmdInitStructure                    0x20009ca8   Data          20  stm32_eval_sdio_sd.o(.bss)
    SDIO_DataInitStructure                   0x20009cbc   Data          24  stm32_eval_sdio_sd.o(.bss)
    wifi_date_buf                            0x20009cd4   Data        2048  wifi_esp.o(.bss)
    wifi_cmd_date                            0x2000a4d4   Data          40  wifi_esp.o(.bss)
    __libspace_start                         0x2000a4fc   Data          96  libspace.o(.bss)
    __temporary_stack_top$libspace           0x2000a55c   Data           0  libspace.o(.bss)



==============================================================================

Memory Map of the image

  Image Entry point : 0x080000ed

  Load Region LR_IROM1 (Base: 0x08000000, Size: 0x00011888, Max: 0x00040000, ABSOLUTE, COMPRESSED[0x00011768])

    Execution Region ER_IROM1 (Base: 0x08000000, Size: 0x00011744, Max: 0x00040000, ABSOLUTE)

    Base Addr    Size         Type   Attr      Idx    E Section Name        Object

    0x08000000   0x000000ec   Data   RO          277    RESET               startup_stm32f10x_md.o
    0x080000ec   0x00000008   Code   RO         1828  * !!!main             c_w.l(__main.o)
    0x080000f4   0x00000034   Code   RO         2100    !!!scatter          c_w.l(__scatter.o)
    0x08000128   0x0000005a   Code   RO         2098    !!dczerorl2         c_w.l(__dczerorl2.o)
    0x08000182   0x00000002   PAD
    0x08000184   0x0000001c   Code   RO         2102    !!handler_zi        c_w.l(__scatter_zi.o)
    0x080001a0   0x00000000   Code   RO         1815    .ARM.Collect$$_printf_percent$$00000000  c_w.l(_printf_percent.o)
    0x080001a0   0x00000006   Code   RO         1814    .ARM.Collect$$_printf_percent$$00000009  c_w.l(_printf_d.o)
    0x080001a6   0x00000006   Code   RO         1813    .ARM.Collect$$_printf_percent$$00000014  c_w.l(_printf_s.o)
    0x080001ac   0x00000004   Code   RO         1887    .ARM.Collect$$_printf_percent$$00000017  c_w.l(_printf_percent_end.o)
    0x080001b0   0x00000002   Code   RO         1972    .ARM.Collect$$libinit$$00000000  c_w.l(libinit.o)
    0x080001b2   0x00000000   Code   RO         1978    .ARM.Collect$$libinit$$00000002  c_w.l(libinit2.o)
    0x080001b2   0x00000000   Code   RO         1980    .ARM.Collect$$libinit$$00000004  c_w.l(libinit2.o)
    0x080001b2   0x00000000   Code   RO         1983    .ARM.Collect$$libinit$$0000000A  c_w.l(libinit2.o)
    0x080001b2   0x00000000   Code   RO         1985    .ARM.Collect$$libinit$$0000000C  c_w.l(libinit2.o)
    0x080001b2   0x00000000   Code   RO         1987    .ARM.Collect$$libinit$$0000000E  c_w.l(libinit2.o)
    0x080001b2   0x00000000   Code   RO         1990    .ARM.Collect$$libinit$$00000011  c_w.l(libinit2.o)
    0x080001b2   0x00000000   Code   RO         1992    .ARM.Collect$$libinit$$00000013  c_w.l(libinit2.o)
    0x080001b2   0x00000000   Code   RO         1994    .ARM.Collect$$libinit$$00000015  c_w.l(libinit2.o)
    0x080001b2   0x00000000   Code   RO         1996    .ARM.Collect$$libinit$$00000017  c_w.l(libinit2.o)
    0x080001b2   0x00000000   Code   RO         1998    .ARM.Collect$$libinit$$00000019  c_w.l(libinit2.o)
    0x080001b2   0x00000000   Code   RO         2000    .ARM.Collect$$libinit$$0000001B  c_w.l(libinit2.o)
    0x080001b2   0x00000000   Code   RO         2002    .ARM.Collect$$libinit$$0000001D  c_w.l(libinit2.o)
    0x080001b2   0x00000000   Code   RO         2004    .ARM.Collect$$libinit$$0000001F  c_w.l(libinit2.o)
    0x080001b2   0x00000000   Code   RO         2006    .ARM.Collect$$libinit$$00000021  c_w.l(libinit2.o)
    0x080001b2   0x00000000   Code   RO         2008    .ARM.Collect$$libinit$$00000023  c_w.l(libinit2.o)
    0x080001b2   0x00000000   Code   RO         2010    .ARM.Collect$$libinit$$00000025  c_w.l(libinit2.o)
    0x080001b2   0x00000000   Code   RO         2014    .ARM.Collect$$libinit$$0000002C  c_w.l(libinit2.o)
    0x080001b2   0x00000000   Code   RO         2016    .ARM.Collect$$libinit$$0000002E  c_w.l(libinit2.o)
    0x080001b2   0x00000000   Code   RO         2018    .ARM.Collect$$libinit$$00000030  c_w.l(libinit2.o)
    0x080001b2   0x00000000   Code   RO         2020    .ARM.Collect$$libinit$$00000032  c_w.l(libinit2.o)
    0x080001b2   0x00000002   Code   RO         2021    .ARM.Collect$$libinit$$00000033  c_w.l(libinit2.o)
    0x080001b4   0x00000002   Code   RO         2041    .ARM.Collect$$libshutdown$$00000000  c_w.l(libshutdown.o)
    0x080001b6   0x00000000   Code   RO         2052    .ARM.Collect$$libshutdown$$00000003  c_w.l(libshutdown2.o)
    0x080001b6   0x00000000   Code   RO         2055    .ARM.Collect$$libshutdown$$00000006  c_w.l(libshutdown2.o)
    0x080001b6   0x00000000   Code   RO         2058    .ARM.Collect$$libshutdown$$00000009  c_w.l(libshutdown2.o)
    0x080001b6   0x00000000   Code   RO         2060    .ARM.Collect$$libshutdown$$0000000B  c_w.l(libshutdown2.o)
    0x080001b6   0x00000000   Code   RO         2063    .ARM.Collect$$libshutdown$$0000000E  c_w.l(libshutdown2.o)
    0x080001b6   0x00000002   Code   RO         2064    .ARM.Collect$$libshutdown$$0000000F  c_w.l(libshutdown2.o)
    0x080001b8   0x00000000   Code   RO         1874    .ARM.Collect$$rtentry$$00000000  c_w.l(__rtentry.o)
    0x080001b8   0x00000000   Code   RO         1931    .ARM.Collect$$rtentry$$00000002  c_w.l(__rtentry2.o)
    0x080001b8   0x00000006   Code   RO         1943    .ARM.Collect$$rtentry$$00000004  c_w.l(__rtentry4.o)
    0x080001be   0x00000000   Code   RO         1933    .ARM.Collect$$rtentry$$00000009  c_w.l(__rtentry2.o)
    0x080001be   0x00000004   Code   RO         1934    .ARM.Collect$$rtentry$$0000000A  c_w.l(__rtentry2.o)
    0x080001c2   0x00000000   Code   RO         1936    .ARM.Collect$$rtentry$$0000000C  c_w.l(__rtentry2.o)
    0x080001c2   0x00000008   Code   RO         1937    .ARM.Collect$$rtentry$$0000000D  c_w.l(__rtentry2.o)
    0x080001ca   0x00000002   Code   RO         1975    .ARM.Collect$$rtexit$$00000000  c_w.l(rtexit.o)
    0x080001cc   0x00000000   Code   RO         2025    .ARM.Collect$$rtexit$$00000002  c_w.l(rtexit2.o)
    0x080001cc   0x00000004   Code   RO         2026    .ARM.Collect$$rtexit$$00000003  c_w.l(rtexit2.o)
    0x080001d0   0x00000006   Code   RO         2027    .ARM.Collect$$rtexit$$00000004  c_w.l(rtexit2.o)
    0x080001d6   0x00000002   PAD
    0x080001d8   0x00000498   Code   RO            1    .text               app.o
    0x08000670   0x00000018   Code   RO          242    .text               stm32f10x_it.o
    0x08000688   0x000001e0   Code   RO          257    .text               system_stm32f10x.o
    0x08000868   0x00000040   Code   RO          278    .text               startup_stm32f10x_md.o
    0x080008a8   0x0000001a   Code   RO          282    .text               main.o
    0x080008c2   0x00000002   PAD
    0x080008c4   0x000000dc   Code   RO          301    .text               misc.o
    0x080009a0   0x0000018c   Code   RO          373    .text               stm32f10x_dac.o
    0x08000b2c   0x00000254   Code   RO          397    .text               stm32f10x_dma.o
    0x08000d80   0x0000035c   Code   RO          445    .text               stm32f10x_gpio.o
    0x080010dc   0x00000404   Code   RO          457    .text               stm32f10x_i2c.o
    0x080014e0   0x00000040   Code   RO          469    .text               stm32f10x_iwdg.o
    0x08001520   0x000003a4   Code   RO          493    .text               stm32f10x_rcc.o
    0x080018c4   0x000001d4   Code   RO          519    .text               stm32f10x_sdio.o
    0x08001a98   0x0000030c   Code   RO          531    .text               stm32f10x_spi.o
    0x08001da4   0x00000e1a   Code   RO          543    .text               stm32f10x_tim.o
    0x08002bbe   0x00000002   PAD
    0x08002bc0   0x00000408   Code   RO          555    .text               stm32f10x_usart.o
    0x08002fc8   0x000002ac   Code   RO          952    .text               cpu_core.o
    0x08003274   0x00000034   Code   RO          972    .text               cpu_a.o
    0x080032a8   0x00000256   Code   RO          975    .text               lib_ascii.o
    0x080034fe   0x00000002   PAD
    0x08003500   0x00000b04   Code   RO         1008    .text               lib_mem.o
    0x08004004   0x000008fc   Code   RO         1027    .text               lib_str.o
    0x08004900   0x000000fc   Code   RO         1062    .text               os_cfg_app.o
    0x080049fc   0x00000d6c   Code   RO         1085    .text               os_core.o
    0x08005768   0x000001c0   Code   RO         1097    .text               os_cpu_c.o
    0x08005928   0x000001b0   Code   RO         1115    .text               os_dbg.o
    0x08005ad8   0x00000894   Code   RO         1130    .text               os_flag.o
    0x0800636c   0x00000444   Code   RO         1142    .text               os_int.o
    0x080067b0   0x00000238   Code   RO         1154    .text               os_mem.o
    0x080069e8   0x0000022c   Code   RO         1166    .text               os_msg.o
    0x08006c14   0x00000678   Code   RO         1178    .text               os_mutex.o
    0x0800728c   0x0000007c   Code   RO         1202    .text               os_prio.o
    0x08007308   0x00000690   Code   RO         1221    .text               os_q.o
    0x08007998   0x000006bc   Code   RO         1233    .text               os_sem.o
    0x08008054   0x00000630   Code   RO         1245    .text               os_stat.o
    0x08008684   0x00001ab8   Code   RO         1257    .text               os_task.o
    0x0800a13c   0x000004fc   Code   RO         1269    .text               os_tick.o
    0x0800a638   0x0000039c   Code   RO         1281    .text               os_time.o
    0x0800a9d4   0x00000764   Code   RO         1293    .text               os_tmr.o
    0x0800b138   0x000000d8   Code   RO         1360    .text               delay.o
    0x0800b210   0x00000c94   Code   RO         1396    .text               iic.o
    0x0800bea4   0x00000100   Code   RO         1413    .text               init.o
    0x0800bfa4   0x00000130   Code   RO         1429    .text               spi.o
    0x0800c0d4   0x00000a20   Code   RO         1442    .text               usart.o
    0x0800caf4   0x000001f8   Code   RO         1466    .text               da.o
    0x0800ccec   0x00000aa8   Code   RO         1547    .text               gui.o
    0x0800d794   0x000001f4   Code   RO         1608    .text               dht11.o
    0x0800d988   0x000004c4   Code   RO         1638    .text               lcd_driver.o
    0x0800de4c   0x000001a8   Code   RO         1657    .text               led.o
    0x0800dff4   0x000015fc   Code   RO         1687    .text               stm32_eval_sdio_sd.o
    0x0800f5f0   0x000001a8   Code   RO         1715    .text               tca62724.o
    0x0800f798   0x000004ec   Code   RO         1733    .text               wifi_esp.o
    0x0800fc84   0x00000002   Code   RO         1777    .text               c_w.l(use_no_semi_2.o)
    0x0800fc86   0x00000002   PAD
    0x0800fc88   0x00000018   Code   RO         1783    .text               c_w.l(noretval__2printf.o)
    0x0800fca0   0x00000028   Code   RO         1785    .text               c_w.l(noretval__2sprintf.o)
    0x0800fcc8   0x00000068   Code   RO         1787    .text               c_w.l(__printf.o)
    0x0800fd30   0x00000052   Code   RO         1789    .text               c_w.l(_printf_str.o)
    0x0800fd82   0x00000002   PAD
    0x0800fd84   0x00000078   Code   RO         1791    .text               c_w.l(_printf_dec.o)
    0x0800fdfc   0x00000024   Code   RO         1816    .text               c_w.l(strstr.o)
    0x0800fe20   0x0000003e   Code   RO         1818    .text               c_w.l(strlen.o)
    0x0800fe5e   0x00000064   Code   RO         1820    .text               c_w.l(rt_memcpy_w.o)
    0x0800fec2   0x00000044   Code   RO         1822    .text               c_w.l(rt_memclr.o)
    0x0800ff06   0x0000004e   Code   RO         1824    .text               c_w.l(rt_memclr_w.o)
    0x0800ff54   0x00000006   Code   RO         1826    .text               c_w.l(heapauxi.o)
    0x0800ff5a   0x00000002   Code   RO         1872    .text               c_w.l(use_no_semi.o)
    0x0800ff5c   0x000000b2   Code   RO         1877    .text               c_w.l(_printf_intcommon.o)
    0x0801000e   0x00000002   PAD
    0x08010010   0x00000030   Code   RO         1879    .text               c_w.l(_printf_char_common.o)
    0x08010040   0x0000000a   Code   RO         1881    .text               c_w.l(_sputc.o)
    0x0801004a   0x0000002c   Code   RO         1883    .text               c_w.l(_printf_char.o)
    0x08010076   0x00000002   PAD
    0x08010078   0x00000024   Code   RO         1885    .text               c_w.l(_printf_char_file.o)
    0x0801009c   0x00000008   Code   RO         1952    .text               c_w.l(ferror.o)
    0x080100a4   0x00000008   Code   RO         1960    .text               c_w.l(libspace.o)
    0x080100ac   0x0000004a   Code   RO         1963    .text               c_w.l(sys_stackheap_outer.o)
    0x080100f6   0x0000000c   Code   RO         1965    .text               c_w.l(exit.o)
    0x08010102   0x00000002   PAD
    0x08010104   0x00000084   Code   RO         1319    CODE                os_cpu_a.o
    0x08010188   0x00000100   Data   RO          954    .constdata          cpu_core.o
    0x08010288   0x00000094   Data   RO         1028    .constdata          lib_str.o
    0x0801031c   0x000000a4   Data   RO         1064    .constdata          os_cfg_app.o
    0x080103c0   0x0000016c   Data   RO         1116    .constdata          os_dbg.o
    0x0801052c   0x00000010   Data   RO         1398    .constdata          iic.o
    0x0801053c   0x00000010   Data   RO         1430    .constdata          spi.o
    0x0801054c   0x00000064   Data   RO         1444    .constdata          usart.o
    0x080105b0   0x00000064   Data   RO         1468    .constdata          da.o
    0x08010614   0x000010fe   Data   RO         1548    .constdata          gui.o
    0x08011712   0x00000002   PAD
    0x08011714   0x0000000e   Data   RO         1735    .conststring        wifi_esp.o
    0x08011722   0x00000002   PAD
    0x08011724   0x00000020   Data   RO         2096    Region$$Table       anon$$obj.o


    Execution Region RW_IRAM1 (Base: 0x20000000, Size: 0x0000ab60, Max: 0x0000c000, ABSOLUTE, COMPRESSED[0x00000024])

    Base Addr    Size         Type   Attr      Idx    E Section Name        Object

    0x20000000   0x00000014   Data   RW          258    .data               system_stm32f10x.o
    0x20000014   0x00000014   Data   RW          494    .data               stm32f10x_rcc.o
    0x20000028   0x00000004   Data   RW          955    .data               cpu_core.o
    0x2000002c   0x00000004   Data   RW         1010    .data               lib_mem.o
    0x20000030   0x00000004   Data   RW         1098    .data               os_cpu_c.o
    0x20000034   0x00000004   Data   RW         1203    .data               os_prio.o
    0x20000038   0x0000009c   Data   RW         1306    .data               os_var.o
    0x200000d4   0x00000010   Data   RW         1361    .data               delay.o
    0x200000e4   0x00000011   Data   RW         1399    .data               iic.o
    0x200000f5   0x00000003   PAD
    0x200000f8   0x0000000b   Data   RW         1445    .data               usart.o
    0x20000103   0x00000001   PAD
    0x20000104   0x00000004   Data   RW         1469    .data               da.o
    0x20000108   0x00000008   Data   RW         1609    .data               dht11.o
    0x20000110   0x00000006   Data   RW         1640    .data               lcd_driver.o
    0x20000116   0x00000002   PAD
    0x20000118   0x00000014   Data   RW         1689    .data               stm32_eval_sdio_sd.o
    0x2000012c   0x00000003   Data   RW         1716    .data               tca62724.o
    0x2000012f   0x00000001   PAD
    0x20000130   0x00000012   Data   RW         1736    .data               wifi_esp.o
    0x20000142   0x00000002   PAD
    0x20000144   0x00006ec8   Zero   RW            2    .bss                app.o
    0x2000700c   0x00000010   Zero   RW          953    .bss                cpu_core.o
    0x2000701c   0x00000848   Zero   RW         1009    .bss                lib_mem.o
    0x20007864   0x00001390   Zero   RW         1063    .bss                os_cfg_app.o
    0x20008bf4   0x0000054c   Zero   RW         1305    .bss                os_var.o
    0x20009140   0x0000002c   Zero   RW         1397    .bss                iic.o
    0x2000916c   0x00000a14   Zero   RW         1443    .bss                usart.o
    0x20009b80   0x00000080   Zero   RW         1467    .bss                da.o
    0x20009c00   0x0000000e   Zero   RW         1639    .bss                lcd_driver.o
    0x20009c0e   0x00000002   PAD
    0x20009c10   0x000000c4   Zero   RW         1688    .bss                stm32_eval_sdio_sd.o
    0x20009cd4   0x00000828   Zero   RW         1734    .bss                wifi_esp.o
    0x2000a4fc   0x00000060   Zero   RW         1961    .bss                c_w.l(libspace.o)
    0x2000a55c   0x00000004   PAD
    0x2000a560   0x00000200   Zero   RW          276    HEAP                startup_stm32f10x_md.o
    0x2000a760   0x00000400   Zero   RW          275    STACK               startup_stm32f10x_md.o


==============================================================================

Image component sizes


      Code (inc. data)   RO Data    RW Data    ZI Data      Debug   Object Name

      1176        246          0          0      28360     341460   app.o
         0          0          0          0          0         32   core_cm3.o
        52          0          0          0          0        272   cpu_a.o
       684         14        256          4         16       6328   cpu_core.o
       504         60        100          4        128       1843   da.o
       216         24          0         16          0       1515   delay.o
       500         38          0          8          0       2081   dht11.o
      2728         48       4350          0          0       9864   gui.o
      3220        104         16         17         44       6996   iic.o
       256         40          0          0          0      16703   init.o
      1220         46          0          6         14       5312   lcd_driver.o
       424         44          0          0          0       1017   led.o
       598          0          0          0          0       3676   lib_ascii.o
      2820         52          0          4       2120      22009   lib_mem.o
      2300          4        148          0          0      12190   lib_str.o
        26          0          0          0          0        523   main.o
       220         22          0          0          0       1813   misc.o
       252        166        164          0       5008      19989   os_cfg_app.o
      3436        252          0          0          0      11526   os_core.o
       132         32          0          0          0        296   os_cpu_a.o
       448         32          0          4          0       3305   os_cpu_c.o
       432        286        364          0          0       4653   os_dbg.o
      2196         78          0          0          0       5701   os_flag.o
      1092        146          0          0          0       2192   os_int.o
       568         20          0          0          0       2592   os_mem.o
       556         12          0          0          0       2655   os_msg.o
      1656         82          0          0          0       3498   os_mutex.o
       124          4          0          4          0       1648   os_prio.o
      1680         64          0          0          0       4736   os_q.o
      1724         60          0          0          0       5171   os_sem.o
      1584        178          0          0          0       2697   os_stat.o
      6840        266          0          0          0      12889   os_task.o
      1276         90          0          0          0       3157   os_tick.o
       924         32          0          0          0       2581   os_time.o
      1892        136          0          0          0       5757   os_tmr.o
         0          0          0        156       1356      18476   os_var.o
       304         32         16          0          0       1353   spi.o
        64         26        236          0       1536        792   startup_stm32f10x_md.o
      5628        206          0         20        196      17226   stm32_eval_sdio_sd.o
       396          6          0          0          0       3658   stm32f10x_dac.o
       596          8          0          0          0       4338   stm32f10x_dma.o
       860         38          0          0          0       5653   stm32f10x_gpio.o
      1028         16          0          0          0       9115   stm32f10x_i2c.o
        24          0          0          0          0       1090   stm32f10x_it.o
        64          6          0          0          0       1265   stm32f10x_iwdg.o
       932         36          0         20          0       8808   stm32f10x_rcc.o
       468         22          0          0          0       7096   stm32f10x_sdio.o
       780         14          0          0          0       6538   stm32f10x_spi.o
      3610         88          0          0          0      22140   stm32f10x_tim.o
      1032         22          0          0          0       8380   stm32f10x_usart.o
       480         38          0         20          0       1719   system_stm32f10x.o
       424         24          0          3          0       2635   tca62724.o
      2592        214        100         11       2580       8213   usart.o
      1260        398         14         18       2088       4844   wifi_esp.o

    ----------------------------------------------------------------------
     64304       3872       5800        324      43448     662016   Object Totals
         0          0         32          0          0          0   (incl. Generated)
         6          0          4          9          2          0   (incl. Padding)

    ----------------------------------------------------------------------

      Code (inc. data)   RO Data    RW Data    ZI Data      Debug   Library Member Name

        90          0          0          0          0          0   __dczerorl2.o
         8          0          0          0          0         68   __main.o
       104          0          0          0          0         84   __printf.o
         0          0          0          0          0          0   __rtentry.o
        12          0          0          0          0          0   __rtentry2.o
         6          0          0          0          0          0   __rtentry4.o
        52          8          0          0          0          0   __scatter.o
        28          0          0          0          0          0   __scatter_zi.o
        44          0          0          0          0        108   _printf_char.o
        48          6          0          0          0         96   _printf_char_common.o
        36          4          0          0          0         80   _printf_char_file.o
         6          0          0          0          0          0   _printf_d.o
       120         16          0          0          0         92   _printf_dec.o
       178          0          0          0          0         88   _printf_intcommon.o
         0          0          0          0          0          0   _printf_percent.o
         4          0          0          0          0          0   _printf_percent_end.o
         6          0          0          0          0          0   _printf_s.o
        82          0          0          0          0         80   _printf_str.o
        10          0          0          0          0         68   _sputc.o
        12          0          0          0          0         72   exit.o
         8          0          0          0          0         68   ferror.o
         6          0          0          0          0        152   heapauxi.o
         2          0          0          0          0          0   libinit.o
         2          0          0          0          0          0   libinit2.o
         2          0          0          0          0          0   libshutdown.o
         2          0          0          0          0          0   libshutdown2.o
         8          4          0          0         96         68   libspace.o
        24          4          0          0          0         84   noretval__2printf.o
        40          6          0          0          0         84   noretval__2sprintf.o
        68          0          0          0          0         68   rt_memclr.o
        78          0          0          0          0         80   rt_memclr_w.o
       100          0          0          0          0         80   rt_memcpy_w.o
         2          0          0          0          0          0   rtexit.o
        10          0          0          0          0          0   rtexit2.o
        62          0          0          0          0         76   strlen.o
        36          0          0          0          0         80   strstr.o
        74          0          0          0          0         80   sys_stackheap_outer.o
         2          0          0          0          0         68   use_no_semi.o
         2          0          0          0          0         68   use_no_semi_2.o

    ----------------------------------------------------------------------
      1388         48          0          0        100       1892   Library Totals
        14          0          0          0          4          0   (incl. Padding)

    ----------------------------------------------------------------------

      Code (inc. data)   RO Data    RW Data    ZI Data      Debug   Library Name

      1374         48          0          0         96       1892   c_w.l

    ----------------------------------------------------------------------
      1388         48          0          0        100       1892   Library Totals

    ----------------------------------------------------------------------

==============================================================================


      Code (inc. data)   RO Data    RW Data    ZI Data      Debug   

     65692       3920       5800        324      43548     657768   Grand Totals
     65692       3920       5800         36      43548     657768   ELF Image Totals (compressed)
     65692       3920       5800         36          0          0   ROM Totals

==============================================================================

    Total RO  Size (Code + RO Data)                71492 (  69.82kB)
    Total RW  Size (RW Data + ZI Data)             43872 (  42.84kB)
    Total ROM Size (Code + RO Data + RW Data)      71528 (  69.85kB)

==============================================================================

